Archive member included to satisfy reference by file (symbol)

C:/Program Files (x86)/Arm/GNU Toolchain mingw-w64-i686-arm-none-eabi/bin/../lib/gcc/arm-none-eabi/15.2.1/thumb/v6-m/nofp\libgcc.a(_dvmd_tls.o)
                              CMakeFiles/freertos_skeleton.dir/C_/Users/Scott/Dropbox/__PROJECTS__/MusicBoxRTOS/dev/pico-sdk/src/rp2_common/pico_divider/divider_hardware.S.obj (__aeabi_idiv0)
C:/Program Files (x86)/Arm/GNU Toolchain mingw-w64-i686-arm-none-eabi/bin/../lib/gcc/arm-none-eabi/15.2.1/../../../../arm-none-eabi/lib/thumb/v6-m/nofp\libg.a(libc_a-calloc.o)
                              CMakeFiles/freertos_skeleton.dir/C_/Users/Scott/Dropbox/__PROJECTS__/MusicBoxRTOS/dev/pico-sdk/src/rp2_common/pico_malloc/malloc.c.obj (calloc)
C:/Program Files (x86)/Arm/GNU Toolchain mingw-w64-i686-arm-none-eabi/bin/../lib/gcc/arm-none-eabi/15.2.1/../../../../arm-none-eabi/lib/thumb/v6-m/nofp\libg.a(libc_a-callocr.o)
                              C:/Program Files (x86)/Arm/GNU Toolchain mingw-w64-i686-arm-none-eabi/bin/../lib/gcc/arm-none-eabi/15.2.1/../../../../arm-none-eabi/lib/thumb/v6-m/nofp\libg.a(libc_a-calloc.o) (_calloc_r)
C:/Program Files (x86)/Arm/GNU Toolchain mingw-w64-i686-arm-none-eabi/bin/../lib/gcc/arm-none-eabi/15.2.1/../../../../arm-none-eabi/lib/thumb/v6-m/nofp\libg.a(libc_a-malloc.o)
                              CMakeFiles/freertos_skeleton.dir/C_/Users/Scott/Dropbox/__PROJECTS__/MusicBoxRTOS/dev/pico-sdk/src/rp2_common/pico_malloc/malloc.c.obj (malloc)
C:/Program Files (x86)/Arm/GNU Toolchain mingw-w64-i686-arm-none-eabi/bin/../lib/gcc/arm-none-eabi/15.2.1/../../../../arm-none-eabi/lib/thumb/v6-m/nofp\libg.a(libc_a-mallocr.o)
                              C:/Program Files (x86)/Arm/GNU Toolchain mingw-w64-i686-arm-none-eabi/bin/../lib/gcc/arm-none-eabi/15.2.1/../../../../arm-none-eabi/lib/thumb/v6-m/nofp\libg.a(libc_a-callocr.o) (_malloc_r)
C:/Program Files (x86)/Arm/GNU Toolchain mingw-w64-i686-arm-none-eabi/bin/../lib/gcc/arm-none-eabi/15.2.1/../../../../arm-none-eabi/lib/thumb/v6-m/nofp\libg.a(libc_a-mlock.o)
                              C:/Program Files (x86)/Arm/GNU Toolchain mingw-w64-i686-arm-none-eabi/bin/../lib/gcc/arm-none-eabi/15.2.1/../../../../arm-none-eabi/lib/thumb/v6-m/nofp\libg.a(libc_a-mallocr.o) (__malloc_lock)
C:/Program Files (x86)/Arm/GNU Toolchain mingw-w64-i686-arm-none-eabi/bin/../lib/gcc/arm-none-eabi/15.2.1/../../../../arm-none-eabi/lib/thumb/v6-m/nofp\libg.a(libc_a-realloc.o)
                              CMakeFiles/freertos_skeleton.dir/C_/Users/Scott/Dropbox/__PROJECTS__/MusicBoxRTOS/dev/pico-sdk/src/rp2_common/pico_malloc/malloc.c.obj (realloc)
C:/Program Files (x86)/Arm/GNU Toolchain mingw-w64-i686-arm-none-eabi/bin/../lib/gcc/arm-none-eabi/15.2.1/../../../../arm-none-eabi/lib/thumb/v6-m/nofp\libg.a(libc_a-reallocr.o)
                              C:/Program Files (x86)/Arm/GNU Toolchain mingw-w64-i686-arm-none-eabi/bin/../lib/gcc/arm-none-eabi/15.2.1/../../../../arm-none-eabi/lib/thumb/v6-m/nofp\libg.a(libc_a-realloc.o) (_realloc_r)
C:/Program Files (x86)/Arm/GNU Toolchain mingw-w64-i686-arm-none-eabi/bin/../lib/gcc/arm-none-eabi/15.2.1/../../../../arm-none-eabi/lib/thumb/v6-m/nofp\libg.a(libc_a-memcmp.o)
                              CMakeFiles/freertos_skeleton.dir/C_/Users/Scott/Dropbox/__PROJECTS__/MusicBoxRTOS/dev/pico-sdk/src/rp2_common/pico_atomic/atomic.c.obj (memcmp)
C:/Program Files (x86)/Arm/GNU Toolchain mingw-w64-i686-arm-none-eabi/bin/../lib/gcc/arm-none-eabi/15.2.1/../../../../arm-none-eabi/lib/thumb/v6-m/nofp\libg.a(libc_a-memmove.o)
                              C:/Program Files (x86)/Arm/GNU Toolchain mingw-w64-i686-arm-none-eabi/bin/../lib/gcc/arm-none-eabi/15.2.1/../../../../arm-none-eabi/lib/thumb/v6-m/nofp\libg.a(libc_a-reallocr.o) (memmove)
C:/Program Files (x86)/Arm/GNU Toolchain mingw-w64-i686-arm-none-eabi/bin/../lib/gcc/arm-none-eabi/15.2.1/../../../../arm-none-eabi/lib/thumb/v6-m/nofp\libg.a(libc_a-strncpy.o)
                              CMakeFiles/freertos_skeleton.dir/src/main.c.obj (strncpy)
C:/Program Files (x86)/Arm/GNU Toolchain mingw-w64-i686-arm-none-eabi/bin/../lib/gcc/arm-none-eabi/15.2.1/../../../../arm-none-eabi/lib/thumb/v6-m/nofp\libg.a(libc_a-lcltime_r.o)
                              CMakeFiles/freertos_skeleton.dir/C_/Users/Scott/Dropbox/__PROJECTS__/MusicBoxRTOS/dev/pico-sdk/src/common/pico_util/datetime.c.obj (localtime_r)
C:/Program Files (x86)/Arm/GNU Toolchain mingw-w64-i686-arm-none-eabi/bin/../lib/gcc/arm-none-eabi/15.2.1/../../../../arm-none-eabi/lib/thumb/v6-m/nofp\libg.a(libc_a-mktime.o)
                              CMakeFiles/freertos_skeleton.dir/C_/Users/Scott/Dropbox/__PROJECTS__/MusicBoxRTOS/dev/pico-sdk/src/common/pico_util/datetime.c.obj (mktime)
C:/Program Files (x86)/Arm/GNU Toolchain mingw-w64-i686-arm-none-eabi/bin/../lib/gcc/arm-none-eabi/15.2.1/../../../../arm-none-eabi/lib/thumb/v6-m/nofp\libg.a(libc_a-month_lengths.o)
[...]
Memory Configuration

Name             Origin             Length             Attributes
FLASH            0x10000000         0x00200000         xr
RAM              0x20000000         0x00040000         xrw
SCRATCH_X        0x20040000         0x00001000         xrw
SCRATCH_Y        0x20041000         0x00001000         xrw
*default*        0x00000000         0xffffffff

Linker script and memory map

LOAD C:/Program Files (x86)/Arm/GNU Toolchain mingw-w64-i686-arm-none-eabi/bin/../lib/gcc/arm-none-eabi/15.2.1/thumb/v6-m/nofp/crti.o
LOAD C:/Program Files (x86)/Arm/GNU Toolchain mingw-w64-i686-arm-none-eabi/bin/../lib/gcc/arm-none-eabi/15.2.1/thumb/v6-m/nofp/crtbegin.o
LOAD C:/Program Files (x86)/Arm/GNU Toolchain mingw-w64-i686-arm-none-eabi/bin/../lib/gcc/arm-none-eabi/15.2.1/../../../../arm-none-eabi/lib/thumb/v6-m/nofp/crt0.o

.flash_begin    0x10000000        0x0
                0x10000000                        __flash_binary_start = .

.boot2          0x10000000      0x100
                0x10000000                        __boot2_start__ = .
 *(.boot2)
 .boot2         0x10000000      0x100 pico-sdk/src/rp2040/boot_stage2/CMakeFiles/bs2_default_library.dir/./bs2_default_padded_checksummed.S.obj
                0x10000100                        __boot2_end__ = .
                0x00000001                        ASSERT (((__boot2_end__ - __boot2_start__) == 0x100), ERROR: Pico second stage bootloader must be 256 bytes in size)

.text           0x10000100     0xa9f0
                0x10000100                        __logical_binary_start = .
 *(.vectors)
 .vectors       0x10000100       0xd4 CMakeFiles/freertos_skeleton.dir/C_/Users/Scott/Dropbox/__PROJECTS__/MusicBoxRTOS/dev/pico-sdk/src/rp2_common/pico_crt0/crt0.S.obj
                0x10000100                __VECTOR_TABLE
                0x10000100                __vectors
                0x100001c0                isr_irq13
                0x100001c0                isr_irq27
                0x100001c0                isr_irq31
                0x100001c0                isr_irq12
                0x100001c0                isr_irq5
                0x100001c0                isr_irq11
                0x100001c0                isr_irq3
                0x100001c0                isr_irq23
                0x100001c0                __unhandled_user_irq
                0x100001c0                isr_irq26
                0x100001c0                isr_irq28
                0x100001c0                isr_irq19
                0x100001c0                isr_irq0
                0x100001c0                isr_irq6
                0x100001c0                isr_irq29
                0x100001c0                isr_irq16
                0x100001c0                isr_irq22
                0x100001c0                isr_irq18
                0x100001c0                isr_irq17
                0x100001c0                isr_irq14
                0x100001c0                __vectors_end
                0x100001c0                __default_isrs_start
                0x100001c0                isr_irq2
                0x100001c0                isr_irq10
                0x100001c0                isr_irq8
                0x100001c0                isr_irq24
                0x100001c0                isr_irq1
                0x100001c0                isr_irq7
                0x100001c0                isr_irq21
                0x100001c0                isr_irq20
                0x100001c0                isr_irq15
                0x100001c0                isr_irq25
                0x100001c0                isr_irq4
                0x100001c0                isr_irq30
                0x100001c0                isr_irq9
                0x100001c6                unhandled_user_irq_num_in_r0
                0x100001c8                isr_invalid
                0x100001ca                isr_nmi
                0x100001cc                isr_hardfault
                0x100001ce                isr_svcall
                0x100001d0                isr_pendsv
                0x100001d2                isr_systick
                0x100001d4                __default_isrs_end
 *(.binary_info_header)
 .binary_info_header
                0x100001d4       0x14 CMakeFiles/freertos_skeleton.dir/C_/Users/Scott/Dropbox/__PROJECTS__/MusicBoxRTOS/dev/pico-sdk/src/rp2_common/pico_crt0/crt0.S.obj
                0x100001e8                        __binary_info_header_end = .
 *(.embedded_block)
                0x100001e8                        __embedded_block_end = .
 *(.reset)
 .reset         0x100001e8       0x9c CMakeFiles/freertos_skeleton.dir/C_/Users/Scott/Dropbox/__PROJECTS__/MusicBoxRTOS/dev/pico-sdk/src/rp2_common/pico_crt0/crt0.S.obj
                0x100001e8                _entry_point
 *(.init)
 .init          0x10000284        0x4 C:/Program Files (x86)/Arm/GNU Toolchain mingw-w64-i686-arm-none-eabi/bin/../lib/gcc/arm-none-eabi/15.2.1/thumb/v6-m/nofp/crti.o
                0x10000284                _init
 *(EXCLUDE_FILE(*libm.a: *libc.a:*lib_a-mem*.o *libgcc.a:) .text*)
 .text.register_tm_clones
                0x10000288       0x28 C:/Program Files (x86)/Arm/GNU Toolchain mingw-w64-i686-arm-none-eabi/bin/../lib/gcc/arm-none-eabi/15.2.1/thumb/v6-m/nofp/crtbegin.o
 .text.frame_dummy
                0x100002b0       0x24 C:/Program Files (x86)/Arm/GNU Toolchain mingw-w64-i686-arm-none-eabi/bin/../lib/gcc/arm-none-eabi/15.2.1/thumb/v6-m/nofp/crtbegin.o
 .text.startup.main
                0x100002d4       0x6c CMakeFiles/freertos_skeleton.dir/src/main.c.obj
                0x100002d4                main
 .text.gpio_callback
                0x10000340       0x48 CMakeFiles/freertos_skeleton.dir/src/button_isr.c.obj
 .text.button_isr_attach
                0x10000388       0x38 CMakeFiles/freertos_skeleton.dir/src/button_isr.c.obj
                0x10000388                button_isr_attach
 .text.midi_task_fn
                0x100003c0       0xe0 CMakeFiles/freertos_skeleton.dir/src/midi_task.c.obj
 .text.midi_task_create
                0x100004a0       0x2c CMakeFiles/freertos_skeleton.dir/src/midi_task.c.obj
                0x100004a0                midi_task_create
 .text.ui_task_fn
                0x100004cc      0x114 CMakeFiles/freertos_skeleton.dir/src/ui_task.c.obj
 .text.ui_task_create
                0x100005e0       0x24 CMakeFiles/freertos_skeleton.dir/src/ui_task.c.obj
                0x100005e0                ui_task_create
 .text.display_task_fn
                0x10000604      0x124 CMakeFiles/freertos_skeleton.dir/src/display_task.c.obj
 .text.display_task_create
                0x10000728       0x28 CMakeFiles/freertos_skeleton.dir/src/display_task.c.obj
                0x10000728                display_task_create
 .text.gpio_default_irq_handler
                0x10000750      0x2c0 CMakeFiles/freertos_skeleton.dir/C_/Users/Scott/Dropbox/__PROJECTS__/MusicBoxRTOS/dev/pico-sdk/src/rp2_common/hardware_gpio/gpio.c.obj
 .text.gpio_set_pulls
                0x10000a10       0x24 CMakeFiles/freertos_skeleton.dir/C_/Users/Scott/Dropbox/__PROJECTS__/MusicBoxRTOS/dev/pico-sdk/src/rp2_common/hardware_gpio/gpio.c.obj
                0x10000a10                gpio_set_pulls
 .text.gpio_set_irq_enabled_with_callback
                0x10000a34       0xb0 CMakeFiles/freertos_skeleton.dir/C_/Users/Scott/Dropbox/__PROJECTS__/MusicBoxRTOS/dev/pico-sdk/src/rp2_common/hardware_gpio/gpio.c.obj
                0x10000a34                gpio_set_irq_enabled_with_callback
 .text.gpio_init
                0x10000ae4       0x3c CMakeFiles/freertos_skeleton.dir/C_/Users/Scott/Dropbox/__PROJECTS__/MusicBoxRTOS/dev/pico-sdk/src/rp2_common/hardware_gpio/gpio.c.obj
                0x10000ae4                gpio_init
 .text.rp2040_chip_version
                0x10000b20        0xc CMakeFiles/freertos_skeleton.dir/C_/Users/Scott/Dropbox/__PROJECTS__/MusicBoxRTOS/dev/pico-sdk/src/rp2040/pico_platform/platform.c.obj
                0x10000b20                rp2040_chip_version
 .text.panic    0x10000b2c       0x30 CMakeFiles/freertos_skeleton.dir/C_/Users/Scott/Dropbox/__PROJECTS__/MusicBoxRTOS/dev/pico-sdk/src/rp2_common/pico_platform_panic/panic.c.obj
                0x10000b2c                panic
 .text.panic_unsupported
                0x10000b5c        0xc CMakeFiles/freertos_skeleton.dir/C_/Users/Scott/Dropbox/__PROJECTS__/MusicBoxRTOS/dev/pico-sdk/src/rp2_common/pico_platform_panic/panic.c.obj
                0x10000b5c                panic_unsupported
 .text.hw_claim_or_assert
                0x10000b68       0x50 CMakeFiles/freertos_skeleton.dir/C_/Users/Scott/Dropbox/__PROJECTS__/MusicBoxRTOS/dev/pico-sdk/src/common/hardware_claim/claim.c.obj
                0x10000b68                hw_claim_or_assert
 .text.hw_claim_unused_from_range
                0x10000bb8       0x88 CMakeFiles/freertos_skeleton.dir/C_/Users/Scott/Dropbox/__PROJECTS__/MusicBoxRTOS/dev/pico-sdk/src/common/hardware_claim/claim.c.obj
                0x10000bb8                hw_claim_unused_from_range
 .text.next_striped_spin_lock_num
                0x10000c40       0x18 CMakeFiles/freertos_skeleton.dir/C_/Users/Scott/Dropbox/__PROJECTS__/MusicBoxRTOS/dev/pico-sdk/src/rp2_common/hardware_sync/sync.c.obj
                0x10000c40                next_striped_spin_lock_num
 .text.spin_lock_claim
                0x10000c58       0x18 CMakeFiles/freertos_skeleton.dir/C_/Users/Scott/Dropbox/__PROJECTS__/MusicBoxRTOS/dev/pico-sdk/src/rp2_common/hardware_sync/sync.c.obj
                0x10000c58                spin_lock_claim
 .text.spin_lock_claim_unused
                0x10000c70       0x20 CMakeFiles/freertos_skeleton.dir/C_/Users/Scott/Dropbox/__PROJECTS__/MusicBoxRTOS/dev/pico-sdk/src/rp2_common/hardware_sync/sync.c.obj
                0x10000c70                spin_lock_claim_unused
 .text.spin_locks_reset
                0x10000c90       0x1c CMakeFiles/freertos_skeleton.dir/C_/Users/Scott/Dropbox/__PROJECTS__/MusicBoxRTOS/dev/pico-sdk/src/rp2_common/hardware_sync_spin_lock/sync_spin_lock.c.obj
                0x10000c90                spin_locks_reset
 .text.runtime_init_per_core_irq_priorities
                0x10000cac       0x48 CMakeFiles/freertos_skeleton.dir/C_/Users/Scott/Dropbox/__PROJECTS__/MusicBoxRTOS/dev/pico-sdk/src/rp2_common/hardware_irq/irq.c.obj
                0x10000cac                runtime_init_per_core_irq_priorities
 .text.irq_set_enabled
                0x10000cf4       0x24 CMakeFiles/freertos_skeleton.dir/C_/Users/Scott/Dropbox/__PROJECTS__/MusicBoxRTOS/dev/pico-sdk/src/rp2_common/hardware_irq/irq.c.obj
                0x10000cf4                irq_set_enabled
 .text.irq_is_enabled
                0x10000d18       0x18 CMakeFiles/freertos_skeleton.dir/C_/Users/Scott/Dropbox/__PROJECTS__/MusicBoxRTOS/dev/pico-sdk/src/rp2_common/hardware_irq/irq.c.obj
                0x10000d18                irq_is_enabled
 .text.irq_set_pending
                0x10000d30       0x10 CMakeFiles/freertos_skeleton.dir/C_/Users/Scott/Dropbox/__PROJECTS__/MusicBoxRTOS/dev/pico-sdk/src/rp2_common/hardware_irq/irq.c.obj
                0x10000d30                irq_set_pending
 .text.irq_has_shared_handler
                0x10000d40       0x20 CMakeFiles/freertos_skeleton.dir/C_/Users/Scott/Dropbox/__PROJECTS__/MusicBoxRTOS/dev/pico-sdk/src/rp2_common/hardware_irq/irq.c.obj
                0x10000d40                irq_has_shared_handler
 .text.irq_set_exclusive_handler
                0x10000d60       0x54 CMakeFiles/freertos_skeleton.dir/C_/Users/Scott/Dropbox/__PROJECTS__/MusicBoxRTOS/dev/pico-sdk/src/rp2_common/hardware_irq/irq.c.obj
                0x10000d60                irq_set_exclusive_handler
 .text.irq_add_shared_handler
                0x10000db4      0x1cc CMakeFiles/freertos_skeleton.dir/C_/Users/Scott/Dropbox/__PROJECTS__/MusicBoxRTOS/dev/pico-sdk/src/rp2_common/hardware_irq/irq.c.obj
                0x10000db4                irq_add_shared_handler
 .text.irq_remove_handler
                0x10000f80      0x1c8 CMakeFiles/freertos_skeleton.dir/C_/Users/Scott/Dropbox/__PROJECTS__/MusicBoxRTOS/dev/pico-sdk/src/rp2_common/hardware_irq/irq.c.obj
                0x10000f80                irq_remove_handler
 .text.irq_set_priority
                0x10001148       0x28 CMakeFiles/freertos_skeleton.dir/C_/Users/Scott/Dropbox/__PROJECTS__/MusicBoxRTOS/dev/pico-sdk/src/rp2_common/hardware_irq/irq.c.obj
                0x10001148                irq_set_priority
 .text.irq_add_tail_to_free_list
                0x10001170       0xb4 CMakeFiles/freertos_skeleton.dir/C_/Users/Scott/Dropbox/__PROJECTS__/MusicBoxRTOS/dev/pico-sdk/src/rp2_common/hardware_irq/irq.c.obj
                0x10001170                irq_add_tail_to_free_list
 .text.user_irq_claim_unused
                0x10001224       0x28 CMakeFiles/freertos_skeleton.dir/C_/Users/Scott/Dropbox/__PROJECTS__/MusicBoxRTOS/dev/pico-sdk/src/rp2_common/hardware_irq/irq.c.obj
                0x10001224                user_irq_claim_unused
 .text.lock_init
                0x1000124c       0x10 CMakeFiles/freertos_skeleton.dir/C_/Users/Scott/Dropbox/__PROJECTS__/MusicBoxRTOS/dev/pico-sdk/src/common/pico_sync/lock_core.c.obj
                0x1000124c                lock_init
 .text.runtime_init_mutex
                0x1000125c       0x54 CMakeFiles/freertos_skeleton.dir/C_/Users/Scott/Dropbox/__PROJECTS__/MusicBoxRTOS/dev/pico-sdk/src/common/pico_sync/mutex.c.obj
                0x1000125c                runtime_init_mutex
 .text.mutex_init
                0x100012b0       0x1c CMakeFiles/freertos_skeleton.dir/C_/Users/Scott/Dropbox/__PROJECTS__/MusicBoxRTOS/dev/pico-sdk/src/common/pico_sync/mutex.c.obj
                0x100012b0                mutex_init
 .text.critical_section_init
                0x100012cc       0x1c CMakeFiles/freertos_skeleton.dir/C_/Users/Scott/Dropbox/__PROJECTS__/MusicBoxRTOS/dev/pico-sdk/src/common/pico_sync/critical_section.c.obj
                0x100012cc                critical_section_init
 .text.critical_section_init_with_lock_num
                0x100012e8       0x14 CMakeFiles/freertos_skeleton.dir/C_/Users/Scott/Dropbox/__PROJECTS__/MusicBoxRTOS/dev/pico-sdk/src/common/pico_sync/critical_section.c.obj
                0x100012e8                critical_section_init_with_lock_num
 .text.alarm_pool_irq_handler
                0x100012fc      0x2f4 CMakeFiles/freertos_skeleton.dir/C_/Users/Scott/Dropbox/__PROJECTS__/MusicBoxRTOS/dev/pico-sdk/src/common/pico_time/time.c.obj
 .text.sleep_until_callback
                0x100015f0       0x24 CMakeFiles/freertos_skeleton.dir/C_/Users/Scott/Dropbox/__PROJECTS__/MusicBoxRTOS/dev/pico-sdk/src/common/pico_time/time.c.obj
 .text.runtime_init_default_alarm_pool
                0x10001614       0xd8 CMakeFiles/freertos_skeleton.dir/C_/Users/Scott/Dropbox/__PROJECTS__/MusicBoxRTOS/dev/pico-sdk/src/common/pico_time/time.c.obj
                0x10001614                runtime_init_default_alarm_pool
 .text.alarm_pool_get_default
                0x100016ec        0x8 CMakeFiles/freertos_skeleton.dir/C_/Users/Scott/Dropbox/__PROJECTS__/MusicBoxRTOS/dev/pico-sdk/src/common/pico_time/time.c.obj
                0x100016ec                alarm_pool_get_default
 .text.alarm_pool_add_alarm_at
                0x100016f4       0xcc CMakeFiles/freertos_skeleton.dir/C_/Users/Scott/Dropbox/__PROJECTS__/MusicBoxRTOS/dev/pico-sdk/src/common/pico_time/time.c.obj
                0x100016f4                alarm_pool_add_alarm_at
 .text.alarm_pool_add_alarm_at_force_in_context
                0x100017c0       0xbc CMakeFiles/freertos_skeleton.dir/C_/Users/Scott/Dropbox/__PROJECTS__/MusicBoxRTOS/dev/pico-sdk/src/common/pico_time/time.c.obj
                0x100017c0                alarm_pool_add_alarm_at_force_in_context
 .text.alarm_pool_cancel_alarm
                0x1000187c       0x74 CMakeFiles/freertos_skeleton.dir/C_/Users/Scott/Dropbox/__PROJECTS__/MusicBoxRTOS/dev/pico-sdk/src/common/pico_time/time.c.obj
                0x1000187c                alarm_pool_cancel_alarm
 .text.alarm_pool_core_num
                0x100018f0        0x4 CMakeFiles/freertos_skeleton.dir/C_/Users/Scott/Dropbox/__PROJECTS__/MusicBoxRTOS/dev/pico-sdk/src/common/pico_time/time.c.obj
                0x100018f0                alarm_pool_core_num
 .text.sleep_ms
                0x100018f4       0xf4 CMakeFiles/freertos_skeleton.dir/C_/Users/Scott/Dropbox/__PROJECTS__/MusicBoxRTOS/dev/pico-sdk/src/common/pico_time/time.c.obj
                0x100018f4                sleep_ms
 .text.best_effort_wfe_or_timeout
                0x100019e8      0x100 CMakeFiles/freertos_skeleton.dir/C_/Users/Scott/Dropbox/__PROJECTS__/MusicBoxRTOS/dev/pico-sdk/src/common/pico_time/time.c.obj
                0x100019e8                best_effort_wfe_or_timeout
 .text.timer_hardware_alarm_claim
                0x10001ae8       0x14 CMakeFiles/freertos_skeleton.dir/C_/Users/Scott/Dropbox/__PROJECTS__/MusicBoxRTOS/dev/pico-sdk/src/rp2_common/hardware_timer/timer.c.obj
                0x10001ae8                timer_hardware_alarm_claim
 .text.timer_time_us_64
                0x10001afc       0x10 CMakeFiles/freertos_skeleton.dir/C_/Users/Scott/Dropbox/__PROJECTS__/MusicBoxRTOS/dev/pico-sdk/src/rp2_common/hardware_timer/timer.c.obj
                0x10001afc                timer_time_us_64
 .text.time_us_64
                0x10001b0c       0x14 CMakeFiles/freertos_skeleton.dir/C_/Users/Scott/Dropbox/__PROJECTS__/MusicBoxRTOS/dev/pico-sdk/src/rp2_common/hardware_timer/timer.c.obj
                0x10001b0c                time_us_64
 .text.busy_wait_us
                0x10001b20       0x6c CMakeFiles/freertos_skeleton.dir/C_/Users/Scott/Dropbox/__PROJECTS__/MusicBoxRTOS/dev/pico-sdk/src/rp2_common/hardware_timer/timer.c.obj
                0x10001b20                busy_wait_us
 .text.busy_wait_until
                0x10001b8c       0x20 CMakeFiles/freertos_skeleton.dir/C_/Users/Scott/Dropbox/__PROJECTS__/MusicBoxRTOS/dev/pico-sdk/src/rp2_common/hardware_timer/timer.c.obj
                0x10001b8c                busy_wait_until
 .text.clock_configure_int_divider
                0x10001bac       0xec CMakeFiles/freertos_skeleton.dir/C_/Users/Scott/Dropbox/__PROJECTS__/MusicBoxRTOS/dev/pico-sdk/src/rp2_common/hardware_clocks/clocks.c.obj
                0x10001bac                clock_configure_int_divider
 .text.clock_configure_undivided
                0x10001c98       0xe0 CMakeFiles/freertos_skeleton.dir/C_/Users/Scott/Dropbox/__PROJECTS__/MusicBoxRTOS/dev/pico-sdk/src/rp2_common/hardware_clocks/clocks.c.obj
                0x10001c98                clock_configure_undivided
 .text.clock_get_hz
                0x10001d78        0xc CMakeFiles/freertos_skeleton.dir/C_/Users/Scott/Dropbox/__PROJECTS__/MusicBoxRTOS/dev/pico-sdk/src/rp2_common/hardware_clocks/clocks.c.obj
                0x10001d78                clock_get_hz
 .text.pll_init
                0x10001d84       0xb0 CMakeFiles/freertos_skeleton.dir/C_/Users/Scott/Dropbox/__PROJECTS__/MusicBoxRTOS/dev/pico-sdk/src/rp2_common/hardware_pll/pll.c.obj
                0x10001d84                pll_init
 .text.watchdog_reboot
                0x10001e34       0x9c CMakeFiles/freertos_skeleton.dir/C_/Users/Scott/Dropbox/__PROJECTS__/MusicBoxRTOS/dev/pico-sdk/src/rp2_common/hardware_watchdog/watchdog.c.obj
                0x10001e34                watchdog_reboot
 .text.tick_start
                0x10001ed0       0x10 CMakeFiles/freertos_skeleton.dir/C_/Users/Scott/Dropbox/__PROJECTS__/MusicBoxRTOS/dev/pico-sdk/src/rp2_common/hardware_ticks/ticks.c.obj
                0x10001ed0                tick_start
 .text.rom_func_lookup
                0x10001ee0       0x10 CMakeFiles/freertos_skeleton.dir/C_/Users/Scott/Dropbox/__PROJECTS__/MusicBoxRTOS/dev/pico-sdk/src/rp2_common/pico_bootrom/bootrom.c.obj
                0x10001ee0                rom_func_lookup
 .text.rom_data_lookup
                0x10001ef0       0x10 CMakeFiles/freertos_skeleton.dir/C_/Users/Scott/Dropbox/__PROJECTS__/MusicBoxRTOS/dev/pico-sdk/src/rp2_common/pico_bootrom/bootrom.c.obj
                0x10001ef0                rom_data_lookup
 .text.rom_funcs_lookup
                0x10001f00       0x44 CMakeFiles/freertos_skeleton.dir/C_/Users/Scott/Dropbox/__PROJECTS__/MusicBoxRTOS/dev/pico-sdk/src/rp2_common/pico_bootrom/bootrom.c.obj
                0x10001f00                rom_funcs_lookup
 .text.rom_reset_usb_boot_extra
                0x10001f44       0x24 CMakeFiles/freertos_skeleton.dir/C_/Users/Scott/Dropbox/__PROJECTS__/MusicBoxRTOS/dev/pico-sdk/src/rp2_common/pico_bootrom/bootrom.c.obj
                0x10001f44                rom_reset_usb_boot_extra
 .text.xosc_init
                0x10001f68       0x28 CMakeFiles/freertos_skeleton.dir/C_/Users/Scott/Dropbox/__PROJECTS__/MusicBoxRTOS/dev/pico-sdk/src/rp2_common/hardware_xosc/xosc.c.obj
                0x10001f68                xosc_init
 .text.first_per_core_initializer
                0x10001f90        0x4 CMakeFiles/freertos_skeleton.dir/C_/Users/Scott/Dropbox/__PROJECTS__/MusicBoxRTOS/dev/pico-sdk/src/rp2_common/pico_runtime/runtime.c.obj
 .text.hard_assertion_failure
                0x10001f94        0xc CMakeFiles/freertos_skeleton.dir/C_/Users/Scott/Dropbox/__PROJECTS__/MusicBoxRTOS/dev/pico-sdk/src/rp2_common/pico_runtime/runtime.c.obj
                0x10001f94                hard_assertion_failure
 .text.runtime_run_initializers
                0x10001fa0       0x28 CMakeFiles/freertos_skeleton.dir/C_/Users/Scott/Dropbox/__PROJECTS__/MusicBoxRTOS/dev/pico-sdk/src/rp2_common/pico_runtime/runtime.c.obj
                0x10001fa0                runtime_run_initializers
 .text.runtime_run_per_core_initializers
                0x10001fc8       0x28 CMakeFiles/freertos_skeleton.dir/C_/Users/Scott/Dropbox/__PROJECTS__/MusicBoxRTOS/dev/pico-sdk/src/rp2_common/pico_runtime/runtime.c.obj
                0x10001fc8                runtime_run_per_core_initializers
 .text.runtime_init_early_resets
                0x10001ff0       0x2c CMakeFiles/freertos_skeleton.dir/C_/Users/Scott/Dropbox/__PROJECTS__/MusicBoxRTOS/dev/pico-sdk/src/rp2_common/pico_runtime_init/runtime_init.c.obj
                0x10001ff0                runtime_init_early_resets
 .text.runtime_init_usb_power_down
                0x1000201c       0x1c CMakeFiles/freertos_skeleton.dir/C_/Users/Scott/Dropbox/__PROJECTS__/MusicBoxRTOS/dev/pico-sdk/src/rp2_common/pico_runtime_init/runtime_init.c.obj
                0x1000201c                runtime_init_usb_power_down
 .text.runtime_init_post_clock_resets
                0x10002038       0x20 CMakeFiles/freertos_skeleton.dir/C_/Users/Scott/Dropbox/__PROJECTS__/MusicBoxRTOS/dev/pico-sdk/src/rp2_common/pico_runtime_init/runtime_init.c.obj
                0x10002038                runtime_init_post_clock_resets
 .text.runtime_init_rp2040_gpio_ie_disable
                0x10002058       0x14 CMakeFiles/freertos_skeleton.dir/C_/Users/Scott/Dropbox/__PROJECTS__/MusicBoxRTOS/dev/pico-sdk/src/rp2_common/pico_runtime_init/runtime_init.c.obj
                0x10002058                runtime_init_rp2040_gpio_ie_disable
 .text.runtime_init_spin_locks_reset
                0x1000206c        0x8 CMakeFiles/freertos_skeleton.dir/C_/Users/Scott/Dropbox/__PROJECTS__/MusicBoxRTOS/dev/pico-sdk/src/rp2_common/pico_runtime_init/runtime_init.c.obj
                0x1000206c                runtime_init_spin_locks_reset
 .text.runtime_init_install_ram_vector_table
                0x10002074       0xb8 CMakeFiles/freertos_skeleton.dir/C_/Users/Scott/Dropbox/__PROJECTS__/MusicBoxRTOS/dev/pico-sdk/src/rp2_common/pico_runtime_init/runtime_init.c.obj
                0x10002074                runtime_init_install_ram_vector_table
 .text.runtime_init_clocks
                0x1000212c       0xd8 CMakeFiles/freertos_skeleton.dir/C_/Users/Scott/Dropbox/__PROJECTS__/MusicBoxRTOS/dev/pico-sdk/src/rp2_common/pico_runtime_init/runtime_init_clocks.c.obj
                0x1000212c                runtime_init_clocks
 .text          0x10002204       0x10 CMakeFiles/freertos_skeleton.dir/C_/Users/Scott/Dropbox/__PROJECTS__/MusicBoxRTOS/dev/pico-sdk/src/rp2_common/pico_bit_ops/bit_ops_aeabi.S.obj
 .text.__wrap___aeabi_idiv
                0x10002214       0x50 CMakeFiles/freertos_skeleton.dir/C_/Users/Scott/Dropbox/__PROJECTS__/MusicBoxRTOS/dev/pico-sdk/src/rp2_common/pico_divider/divider_hardware.S.obj
                0x10002214                __wrap___aeabi_idivmod
                0x10002214                divmod_s32s32
                0x10002214                div_s32s32
                0x10002214                __wrap___aeabi_idiv
                0x1000221c                divmod_s32s32_unsafe
                0x10002248                divmod_s32s32_savestate
 .text.__wrap___aeabi_uidiv
                0x10002264       0x4c CMakeFiles/freertos_skeleton.dir/C_/Users/Scott/Dropbox/__PROJECTS__/MusicBoxRTOS/dev/pico-sdk/src/rp2_common/pico_divider/divider_hardware.S.obj
                0x10002264                __wrap___aeabi_uidiv
                0x10002264                __wrap___aeabi_uidivmod
                0x10002264                div_u32u32
                0x10002264                divmod_u32u32
                0x1000226c                divmod_u32u32_unsafe
                0x10002294                divmod_u32u32_savestate
 .text.__wrap___aeabi_ldiv
                0x100022b0      0x424 CMakeFiles/freertos_skeleton.dir/C_/Users/Scott/Dropbox/__PROJECTS__/MusicBoxRTOS/dev/pico-sdk/src/rp2_common/pico_divider/divider_hardware.S.obj
                0x100022b0                div_s64s64
                0x100022b0                divmod_s64s64
                0x100022b0                __wrap___aeabi_ldivmod
                0x100022e0                divmod_u64u64
                0x100022e0                div_u64u64
                0x100022e0                __wrap___aeabi_uldivmod
                0x100022f0                divmod_u64u64_savestate
                0x10002310                divmod_s64s64_unsafe
                0x10002398                divmod_u64u64_unsafe
 .text.__wrap___aeabi_darithmetic
                0x100026d4       0x60 CMakeFiles/freertos_skeleton.dir/C_/Users/Scott/Dropbox/__PROJECTS__/MusicBoxRTOS/dev/pico-sdk/src/rp2_common/pico_double/double_aeabi_rp2040.S.obj
                0x100026d4                __wrap___aeabi_drsub
                0x100026da                __wrap___aeabi_dsub
                0x100026e4                __wrap___aeabi_dadd
                0x100026ee                __wrap___aeabi_ddiv
                0x10002722                __wrap___aeabi_dmul
 .text.__wrap___aeabi_cdcmple
                0x10002734       0x6c CMakeFiles/freertos_skeleton.dir/C_/Users/Scott/Dropbox/__PROJECTS__/MusicBoxRTOS/dev/pico-sdk/src/rp2_common/pico_double/double_aeabi_rp2040.S.obj
                0x10002734                __wrap___aeabi_cdrcmple
                0x10002744                __wrap___aeabi_cdcmpeq
                0x10002744                __wrap___aeabi_cdcmple
 .text.__wrap___aeabi_dcmplt
                0x100027a0        0xc CMakeFiles/freertos_skeleton.dir/C_/Users/Scott/Dropbox/__PROJECTS__/MusicBoxRTOS/dev/pico-sdk/src/rp2_common/pico_double/double_aeabi_rp2040.S.obj
                0x100027a0                __wrap___aeabi_dcmplt
 .text.__wrap___aeabi_dcmple
                0x100027ac       0x10 CMakeFiles/freertos_skeleton.dir/C_/Users/Scott/Dropbox/__PROJECTS__/MusicBoxRTOS/dev/pico-sdk/src/rp2_common/pico_double/double_aeabi_rp2040.S.obj
                0x100027ac                __wrap___aeabi_dcmple
 .text.__wrap___aeabi_dcmpge
                0x100027bc       0x10 CMakeFiles/freertos_skeleton.dir/C_/Users/Scott/Dropbox/__PROJECTS__/MusicBoxRTOS/dev/pico-sdk/src/rp2_common/pico_double/double_aeabi_rp2040.S.obj
                0x100027bc                __wrap___aeabi_dcmpge
 .text.__wrap___aeabi_dcmpgt
                0x100027cc        0xa CMakeFiles/freertos_skeleton.dir/C_/Users/Scott/Dropbox/__PROJECTS__/MusicBoxRTOS/dev/pico-sdk/src/rp2_common/pico_double/double_aeabi_rp2040.S.obj
                0x100027cc                __wrap___aeabi_dcmpgt
 .text.__wrap___aeabi_dcmpun
                0x100027d6       0x18 CMakeFiles/freertos_skeleton.dir/C_/Users/Scott/Dropbox/__PROJECTS__/MusicBoxRTOS/dev/pico-sdk/src/rp2_common/pico_double/double_aeabi_rp2040.S.obj
                0x100027d6                __wrap___aeabi_dcmpun
 *fill*         0x100027ee        0x2 
 .text.__wrap___aeabi_i2d
                0x100027f0       0x38 CMakeFiles/freertos_skeleton.dir/C_/Users/Scott/Dropbox/__PROJECTS__/MusicBoxRTOS/dev/pico-sdk/src/rp2_common/pico_double/double_aeabi_rp2040.S.obj
                0x100027f0                uint2double
                0x100027f0                __wrap___aeabi_ui2d
                0x100027f8                int2double
                0x100027f8                __wrap___aeabi_i2d
 .text.__wrap___aeabi_d2iz
                0x10002828       0x48 CMakeFiles/freertos_skeleton.dir/C_/Users/Scott/Dropbox/__PROJECTS__/MusicBoxRTOS/dev/pico-sdk/src/rp2_common/pico_double/double_aeabi_rp2040.S.obj
                0x10002828                double2int_z
                0x10002828                __wrap___aeabi_d2iz
 .text.__wrap___aeabi_d2uiz
                0x10002870       0x10 CMakeFiles/freertos_skeleton.dir/C_/Users/Scott/Dropbox/__PROJECTS__/MusicBoxRTOS/dev/pico-sdk/src/rp2_common/pico_double/double_aeabi_rp2040.S.obj
                0x10002870                double2uint
                0x10002870                __wrap___aeabi_d2uiz
                0x10002870                double2uint_z
 .text.missing_double_func_shim
                0x10002880        0xc CMakeFiles/freertos_skeleton.dir/C_/Users/Scott/Dropbox/__PROJECTS__/MusicBoxRTOS/dev/pico-sdk/src/rp2_common/pico_double/double_init_rom_rp2040.c.obj
 .text.__aeabi_double_init
                0x1000288c       0xa0 CMakeFiles/freertos_skeleton.dir/C_/Users/Scott/Dropbox/__PROJECTS__/MusicBoxRTOS/dev/pico-sdk/src/rp2_common/pico_double/double_init_rom_rp2040.c.obj
                0x1000288c                __aeabi_double_init
 .text.double_table_shim_on_use_helper
                0x1000292c       0x2c CMakeFiles/freertos_skeleton.dir/C_/Users/Scott/Dropbox/__PROJECTS__/MusicBoxRTOS/dev/pico-sdk/src/rp2_common/pico_double/double_v1_rom_shim_rp2040.S.obj
                0x1000292c                double_table_shim_on_use_helper
 .text.__aeabi_lmul
                0x10002958       0x32 CMakeFiles/freertos_skeleton.dir/C_/Users/Scott/Dropbox/__PROJECTS__/MusicBoxRTOS/dev/pico-sdk/src/rp2_common/pico_int64_ops/pico_int64_ops_aeabi.S.obj
                0x10002958                __wrap___aeabi_lmul
 *fill*         0x1000298a        0x2 
 .text.missing_float_func_shim
                0x1000298c        0xc CMakeFiles/freertos_skeleton.dir/C_/Users/Scott/Dropbox/__PROJECTS__/MusicBoxRTOS/dev/pico-sdk/src/rp2_common/pico_float/float_init_rom_rp2040.c.obj
 .text.__aeabi_float_init
                0x10002998       0x60 CMakeFiles/freertos_skeleton.dir/C_/Users/Scott/Dropbox/__PROJECTS__/MusicBoxRTOS/dev/pico-sdk/src/rp2_common/pico_float/float_init_rom_rp2040.c.obj
                0x10002998                __aeabi_float_init
 .text          0x100029f8       0x10 CMakeFiles/freertos_skeleton.dir/C_/Users/Scott/Dropbox/__PROJECTS__/MusicBoxRTOS/dev/pico-sdk/src/rp2_common/pico_mem_ops/mem_ops_aeabi.S.obj
                0x100029f8                __aeabi_mem_init
 .text.memset   0x10002a08        0xc CMakeFiles/freertos_skeleton.dir/C_/Users/Scott/Dropbox/__PROJECTS__/MusicBoxRTOS/dev/pico-sdk/src/rp2_common/pico_mem_ops/mem_ops_aeabi.S.obj
                0x10002a08                __wrap_memset
 .text.memcpy   0x10002a14        0xc CMakeFiles/freertos_skeleton.dir/C_/Users/Scott/Dropbox/__PROJECTS__/MusicBoxRTOS/dev/pico-sdk/src/rp2_common/pico_mem_ops/mem_ops_aeabi.S.obj
                0x10002a14                __wrap_memcpy
                0x10002a14                __wrap___aeabi_memcpy
 .text._out_null
                0x10002a20        0x4 CMakeFiles/freertos_skeleton.dir/C_/Users/Scott/Dropbox/__PROJECTS__/MusicBoxRTOS/dev/pico-sdk/src/rp2_common/pico_printf/printf.c.obj
 .text._out_rev
                0x10002a24       0xa8 CMakeFiles/freertos_skeleton.dir/C_/Users/Scott/Dropbox/__PROJECTS__/MusicBoxRTOS/dev/pico-sdk/src/rp2_common/pico_printf/printf.c.obj
 .text._ntoa_format
                0x10002acc      0x1d8 CMakeFiles/freertos_skeleton.dir/C_/Users/Scott/Dropbox/__PROJECTS__/MusicBoxRTOS/dev/pico-sdk/src/rp2_common/pico_printf/printf.c.obj
 .text._out_char
                0x10002ca4       0x10 CMakeFiles/freertos_skeleton.dir/C_/Users/Scott/Dropbox/__PROJECTS__/MusicBoxRTOS/dev/pico-sdk/src/rp2_common/pico_printf/printf.c.obj
 .text._out_fct
                0x10002cb4       0x10 CMakeFiles/freertos_skeleton.dir/C_/Users/Scott/Dropbox/__PROJECTS__/MusicBoxRTOS/dev/pico-sdk/src/rp2_common/pico_printf/printf.c.obj
 .text._ftoa    0x10002cc4      0x474 CMakeFiles/freertos_skeleton.dir/C_/Users/Scott/Dropbox/__PROJECTS__/MusicBoxRTOS/dev/pico-sdk/src/rp2_common/pico_printf/printf.c.obj
 .text._etoa    0x10003138      0x560 CMakeFiles/freertos_skeleton.dir/C_/Users/Scott/Dropbox/__PROJECTS__/MusicBoxRTOS/dev/pico-sdk/src/rp2_common/pico_printf/printf.c.obj
 .text._vsnprintf
                0x10003698      0xab8 CMakeFiles/freertos_skeleton.dir/C_/Users/Scott/Dropbox/__PROJECTS__/MusicBoxRTOS/dev/pico-sdk/src/rp2_common/pico_printf/printf.c.obj
 .text.vfctprintf
                0x10004150       0x20 CMakeFiles/freertos_skeleton.dir/C_/Users/Scott/Dropbox/__PROJECTS__/MusicBoxRTOS/dev/pico-sdk/src/rp2_common/pico_printf/printf.c.obj
                0x10004150                vfctprintf
 .text.weak_raw_vprintf
                0x10004170       0x30 CMakeFiles/freertos_skeleton.dir/C_/Users/Scott/Dropbox/__PROJECTS__/MusicBoxRTOS/dev/pico-sdk/src/rp2_common/pico_printf/printf.c.obj
                0x10004170                weak_raw_vprintf
 .text._exit    0x100041a0        0x4 CMakeFiles/freertos_skeleton.dir/C_/Users/Scott/Dropbox/__PROJECTS__/MusicBoxRTOS/dev/pico-sdk/src/rp2_common/pico_clib_interface/newlib_interface.c.obj
                0x100041a0                _exit
 .text.exit     0x100041a4        0x8 CMakeFiles/freertos_skeleton.dir/C_/Users/Scott/Dropbox/__PROJECTS__/MusicBoxRTOS/dev/pico-sdk/src/rp2_common/pico_clib_interface/newlib_interface.c.obj
                0x100041a4                exit
 .text.runtime_init
                0x100041ac       0x2c CMakeFiles/freertos_skeleton.dir/C_/Users/Scott/Dropbox/__PROJECTS__/MusicBoxRTOS/dev/pico-sdk/src/rp2_common/pico_clib_interface/newlib_interface.c.obj
                0x100041ac                runtime_init
 .text.stdio_out_chars_no_crlf
                0x100041d8       0x10 CMakeFiles/freertos_skeleton.dir/C_/Users/Scott/Dropbox/__PROJECTS__/MusicBoxRTOS/dev/pico-sdk/src/rp2_common/pico_stdio/stdio.c.obj
 .text.stdio_out_chars_crlf
                0x100041e8       0x90 CMakeFiles/freertos_skeleton.dir/C_/Users/Scott/Dropbox/__PROJECTS__/MusicBoxRTOS/dev/pico-sdk/src/rp2_common/pico_stdio/stdio.c.obj
 .text.stdio_buffered_printer
                0x10004278       0x64 CMakeFiles/freertos_skeleton.dir/C_/Users/Scott/Dropbox/__PROJECTS__/MusicBoxRTOS/dev/pico-sdk/src/rp2_common/pico_stdio/stdio.c.obj
 .text.stdio_put_string
                0x100042dc       0xf4 CMakeFiles/freertos_skeleton.dir/C_/Users/Scott/Dropbox/__PROJECTS__/MusicBoxRTOS/dev/pico-sdk/src/rp2_common/pico_stdio/stdio.c.obj
                0x100042dc                stdio_put_string
 .text.stdio_set_driver_enabled
                0x100043d0       0x30 CMakeFiles/freertos_skeleton.dir/C_/Users/Scott/Dropbox/__PROJECTS__/MusicBoxRTOS/dev/pico-sdk/src/rp2_common/pico_stdio/stdio.c.obj
                0x100043d0                stdio_set_driver_enabled
 .text.stdio_init_all
                0x10004400        0x8 CMakeFiles/freertos_skeleton.dir/C_/Users/Scott/Dropbox/__PROJECTS__/MusicBoxRTOS/dev/pico-sdk/src/rp2_common/pico_stdio/stdio.c.obj
                0x10004400                stdio_init_all
 .text.__wrap_putchar
                0x10004408       0x94 CMakeFiles/freertos_skeleton.dir/C_/Users/Scott/Dropbox/__PROJECTS__/MusicBoxRTOS/dev/pico-sdk/src/rp2_common/pico_stdio/stdio.c.obj
                0x10004408                __wrap_putchar
                0x10004408                stdio_putchar
 .text.__wrap_puts
                0x1000449c       0x3c CMakeFiles/freertos_skeleton.dir/C_/Users/Scott/Dropbox/__PROJECTS__/MusicBoxRTOS/dev/pico-sdk/src/rp2_common/pico_stdio/stdio.c.obj
                0x1000449c                stdio_puts
                0x1000449c                __wrap_puts
 .text.__wrap_vprintf
                0x100044d8       0xc8 CMakeFiles/freertos_skeleton.dir/C_/Users/Scott/Dropbox/__PROJECTS__/MusicBoxRTOS/dev/pico-sdk/src/rp2_common/pico_stdio/stdio.c.obj
                0x100044d8                stdio_vprintf
                0x100044d8                __wrap_vprintf
 .text.__wrap_printf
                0x100045a0       0x18 CMakeFiles/freertos_skeleton.dir/C_/Users/Scott/Dropbox/__PROJECTS__/MusicBoxRTOS/dev/pico-sdk/src/rp2_common/pico_stdio/stdio.c.obj
                0x100045a0                __wrap_printf
                0x100045a0                stdio_printf
 .text.resetd_init
                0x100045b8        0x4 CMakeFiles/freertos_skeleton.dir/C_/Users/Scott/Dropbox/__PROJECTS__/MusicBoxRTOS/dev/pico-sdk/src/rp2_common/pico_stdio_usb/reset_interface.c.obj
 .text.resetd_reset
                0x100045bc        0xc CMakeFiles/freertos_skeleton.dir/C_/Users/Scott/Dropbox/__PROJECTS__/MusicBoxRTOS/dev/pico-sdk/src/rp2_common/pico_stdio_usb/reset_interface.c.obj
 .text.resetd_open
                0x100045c8       0x28 CMakeFiles/freertos_skeleton.dir/C_/Users/Scott/Dropbox/__PROJECTS__/MusicBoxRTOS/dev/pico-sdk/src/rp2_common/pico_stdio_usb/reset_interface.c.obj
 .text.resetd_xfer_cb
                0x100045f0        0x4 CMakeFiles/freertos_skeleton.dir/C_/Users/Scott/Dropbox/__PROJECTS__/MusicBoxRTOS/dev/pico-sdk/src/rp2_common/pico_stdio_usb/reset_interface.c.obj
 .text.resetd_control_xfer_cb
                0x100045f4       0x54 CMakeFiles/freertos_skeleton.dir/C_/Users/Scott/Dropbox/__PROJECTS__/MusicBoxRTOS/dev/pico-sdk/src/rp2_common/pico_stdio_usb/reset_interface.c.obj
 .text.tud_descriptor_bos_cb
                0x10004648        0x8 CMakeFiles/freertos_skeleton.dir/C_/Users/Scott/Dropbox/__PROJECTS__/MusicBoxRTOS/dev/pico-sdk/src/rp2_common/pico_stdio_usb/reset_interface.c.obj
                0x10004648                tud_descriptor_bos_cb
 .text.tud_vendor_control_xfer_cb
                0x10004650       0x38 CMakeFiles/freertos_skeleton.dir/C_/Users/Scott/Dropbox/__PROJECTS__/MusicBoxRTOS/dev/pico-sdk/src/rp2_common/pico_stdio_usb/reset_interface.c.obj
                0x10004650                tud_vendor_control_xfer_cb
 .text.usbd_app_driver_get_cb
                0x10004688        0xc CMakeFiles/freertos_skeleton.dir/C_/Users/Scott/Dropbox/__PROJECTS__/MusicBoxRTOS/dev/pico-sdk/src/rp2_common/pico_stdio_usb/reset_interface.c.obj
                0x10004688                usbd_app_driver_get_cb
 .text.tud_cdc_line_coding_cb
                0x10004694       0x2c CMakeFiles/freertos_skeleton.dir/C_/Users/Scott/Dropbox/__PROJECTS__/MusicBoxRTOS/dev/pico-sdk/src/rp2_common/pico_stdio_usb/reset_interface.c.obj
                0x10004694                tud_cdc_line_coding_cb
 .text.stdio_usb_set_chars_available_callback
                0x100046c0       0x14 CMakeFiles/freertos_skeleton.dir/C_/Users/Scott/Dropbox/__PROJECTS__/MusicBoxRTOS/dev/pico-sdk/src/rp2_common/pico_stdio_usb/stdio_usb.c.obj
                0x100046c0                stdio_usb_set_chars_available_callback
 .text.usb_irq  0x100046d4       0x10 CMakeFiles/freertos_skeleton.dir/C_/Users/Scott/Dropbox/__PROJECTS__/MusicBoxRTOS/dev/pico-sdk/src/rp2_common/pico_stdio_usb/stdio_usb.c.obj
 .text.timer_task
                0x100046e4       0x64 CMakeFiles/freertos_skeleton.dir/C_/Users/Scott/Dropbox/__PROJECTS__/MusicBoxRTOS/dev/pico-sdk/src/rp2_common/pico_stdio_usb/stdio_usb.c.obj
 .text.stdio_usb_in_chars
                0x10004748       0x8c CMakeFiles/freertos_skeleton.dir/C_/Users/Scott/Dropbox/__PROJECTS__/MusicBoxRTOS/dev/pico-sdk/src/rp2_common/pico_stdio_usb/stdio_usb.c.obj
                0x10004748                stdio_usb_in_chars
 .text.stdio_usb_out_flush
                0x100047d4       0x4c CMakeFiles/freertos_skeleton.dir/C_/Users/Scott/Dropbox/__PROJECTS__/MusicBoxRTOS/dev/pico-sdk/src/rp2_common/pico_stdio_usb/stdio_usb.c.obj
 .text.stdio_usb_out_chars
                0x10004820       0xf8 CMakeFiles/freertos_skeleton.dir/C_/Users/Scott/Dropbox/__PROJECTS__/MusicBoxRTOS/dev/pico-sdk/src/rp2_common/pico_stdio_usb/stdio_usb.c.obj
 .text.low_priority_worker_irq
                0x10004918       0xc4 CMakeFiles/freertos_skeleton.dir/C_/Users/Scott/Dropbox/__PROJECTS__/MusicBoxRTOS/dev/pico-sdk/src/rp2_common/pico_stdio_usb/stdio_usb.c.obj
 .text.stdio_usb_init
                0x100049dc       0xe4 CMakeFiles/freertos_skeleton.dir/C_/Users/Scott/Dropbox/__PROJECTS__/MusicBoxRTOS/dev/pico-sdk/src/rp2_common/pico_stdio_usb/stdio_usb.c.obj
                0x100049dc                stdio_usb_init
 .text.tud_descriptor_device_cb
                0x10004ac0        0x8 CMakeFiles/freertos_skeleton.dir/C_/Users/Scott/Dropbox/__PROJECTS__/MusicBoxRTOS/dev/pico-sdk/src/rp2_common/pico_stdio_usb/stdio_usb_descriptors.c.obj
                0x10004ac0                tud_descriptor_device_cb
 .text.tud_descriptor_configuration_cb
                0x10004ac8        0x8 CMakeFiles/freertos_skeleton.dir/C_/Users/Scott/Dropbox/__PROJECTS__/MusicBoxRTOS/dev/pico-sdk/src/rp2_common/pico_stdio_usb/stdio_usb_descriptors.c.obj
                0x10004ac8                tud_descriptor_configuration_cb
 .text.tud_descriptor_string_cb
                0x10004ad0       0x70 CMakeFiles/freertos_skeleton.dir/C_/Users/Scott/Dropbox/__PROJECTS__/MusicBoxRTOS/dev/pico-sdk/src/rp2_common/pico_stdio_usb/stdio_usb_descriptors.c.obj
                0x10004ad0                tud_descriptor_string_cb
 .text.startup._retrieve_unique_id_on_boot
                0x10004b40       0x10 CMakeFiles/freertos_skeleton.dir/C_/Users/Scott/Dropbox/__PROJECTS__/MusicBoxRTOS/dev/pico-sdk/src/rp2_common/pico_unique_id/unique_id.c.obj
 .text.pico_get_unique_board_id_string
                0x10004b50      0x1e0 CMakeFiles/freertos_skeleton.dir/C_/Users/Scott/Dropbox/__PROJECTS__/MusicBoxRTOS/dev/pico-sdk/src/rp2_common/pico_unique_id/unique_id.c.obj
                0x10004b50                pico_get_unique_board_id_string
 .text.flash_get_unique_id
                0x10004d30       0x3c CMakeFiles/freertos_skeleton.dir/C_/Users/Scott/Dropbox/__PROJECTS__/MusicBoxRTOS/dev/pico-sdk/src/rp2_common/hardware_flash/flash.c.obj
                0x10004d30                flash_get_unique_id
 .text.dcd_init
                0x10004d6c       0x90 CMakeFiles/freertos_skeleton.dir/C_/Users/Scott/Dropbox/__PROJECTS__/MusicBoxRTOS/dev/pico-sdk/lib/tinyusb/src/portable/raspberrypi/rp2040/dcd_rp2040.c.obj
                0x10004d6c                dcd_init
 .text.dcd_int_enable
                0x10004dfc        0xc CMakeFiles/freertos_skeleton.dir/C_/Users/Scott/Dropbox/__PROJECTS__/MusicBoxRTOS/dev/pico-sdk/lib/tinyusb/src/portable/raspberrypi/rp2040/dcd_rp2040.c.obj
                0x10004dfc                dcd_int_enable
 .text.dcd_set_address
                0x10004e08       0x14 CMakeFiles/freertos_skeleton.dir/C_/Users/Scott/Dropbox/__PROJECTS__/MusicBoxRTOS/dev/pico-sdk/lib/tinyusb/src/portable/raspberrypi/rp2040/dcd_rp2040.c.obj
                0x10004e08                dcd_set_address
 .text.dcd_sof_enable
                0x10004e1c       0x1c CMakeFiles/freertos_skeleton.dir/C_/Users/Scott/Dropbox/__PROJECTS__/MusicBoxRTOS/dev/pico-sdk/lib/tinyusb/src/portable/raspberrypi/rp2040/dcd_rp2040.c.obj
                0x10004e1c                dcd_sof_enable
 .text.dcd_edpt0_status_complete
                0x10004e38       0x1c CMakeFiles/freertos_skeleton.dir/C_/Users/Scott/Dropbox/__PROJECTS__/MusicBoxRTOS/dev/pico-sdk/lib/tinyusb/src/portable/raspberrypi/rp2040/dcd_rp2040.c.obj
                0x10004e38                dcd_edpt0_status_complete
 .text.dcd_edpt_open
                0x10004e54      0x114 CMakeFiles/freertos_skeleton.dir/C_/Users/Scott/Dropbox/__PROJECTS__/MusicBoxRTOS/dev/pico-sdk/lib/tinyusb/src/portable/raspberrypi/rp2040/dcd_rp2040.c.obj
                0x10004e54                dcd_edpt_open
 .text.dcd_edpt_close_all
                0x10004f68        0x8 CMakeFiles/freertos_skeleton.dir/C_/Users/Scott/Dropbox/__PROJECTS__/MusicBoxRTOS/dev/pico-sdk/lib/tinyusb/src/portable/raspberrypi/rp2040/dcd_rp2040.c.obj
                0x10004f68                dcd_edpt_close_all
 .text.dcd_edpt_xfer
                0x10004f70       0x24 CMakeFiles/freertos_skeleton.dir/C_/Users/Scott/Dropbox/__PROJECTS__/MusicBoxRTOS/dev/pico-sdk/lib/tinyusb/src/portable/raspberrypi/rp2040/dcd_rp2040.c.obj
                0x10004f70                dcd_edpt_xfer
 .text.dcd_edpt_stall
                0x10004f94       0x3c CMakeFiles/freertos_skeleton.dir/C_/Users/Scott/Dropbox/__PROJECTS__/MusicBoxRTOS/dev/pico-sdk/lib/tinyusb/src/portable/raspberrypi/rp2040/dcd_rp2040.c.obj
                0x10004f94                dcd_edpt_stall
 .text.dcd_edpt_clear_stall
                0x10004fd0       0x30 CMakeFiles/freertos_skeleton.dir/C_/Users/Scott/Dropbox/__PROJECTS__/MusicBoxRTOS/dev/pico-sdk/lib/tinyusb/src/portable/raspberrypi/rp2040/dcd_rp2040.c.obj
                0x10004fd0                dcd_edpt_clear_stall
 .text.rp2040_usb_init
                0x10005000       0x40 CMakeFiles/freertos_skeleton.dir/C_/Users/Scott/Dropbox/__PROJECTS__/MusicBoxRTOS/dev/pico-sdk/lib/tinyusb/src/portable/raspberrypi/rp2040/rp2040_usb.c.obj
                0x10005000                rp2040_usb_init
 .text.hw_endpoint_xfer_start
                0x10005040       0x40 CMakeFiles/freertos_skeleton.dir/C_/Users/Scott/Dropbox/__PROJECTS__/MusicBoxRTOS/dev/pico-sdk/lib/tinyusb/src/portable/raspberrypi/rp2040/rp2040_usb.c.obj
                0x10005040                hw_endpoint_xfer_start
 .text.tud_event_hook_cb
                0x10005080        0x4 CMakeFiles/freertos_skeleton.dir/C_/Users/Scott/Dropbox/__PROJECTS__/MusicBoxRTOS/dev/pico-sdk/lib/tinyusb/src/device/usbd.c.obj
                0x10005080                tud_event_hook_cb
 .text.tud_sof_cb
                0x10005084        0x4 CMakeFiles/freertos_skeleton.dir/C_/Users/Scott/Dropbox/__PROJECTS__/MusicBoxRTOS/dev/pico-sdk/lib/tinyusb/src/device/usbd.c.obj
                0x10005084                tud_sof_cb
 .text.tud_descriptor_device_qualifier_cb
                0x10005088        0x4 CMakeFiles/freertos_skeleton.dir/C_/Users/Scott/Dropbox/__PROJECTS__/MusicBoxRTOS/dev/pico-sdk/lib/tinyusb/src/device/usbd.c.obj
                0x10005088                tud_descriptor_device_qualifier_cb
 .text.tud_descriptor_other_speed_configuration_cb
                0x1000508c        0x4 CMakeFiles/freertos_skeleton.dir/C_/Users/Scott/Dropbox/__PROJECTS__/MusicBoxRTOS/dev/pico-sdk/lib/tinyusb/src/device/usbd.c.obj
                0x1000508c                tud_descriptor_other_speed_configuration_cb
 .text.tud_mount_cb
                0x10005090        0x4 CMakeFiles/freertos_skeleton.dir/C_/Users/Scott/Dropbox/__PROJECTS__/MusicBoxRTOS/dev/pico-sdk/lib/tinyusb/src/device/usbd.c.obj
                0x10005090                tud_mount_cb
 .text.tud_umount_cb
                0x10005094        0x4 CMakeFiles/freertos_skeleton.dir/C_/Users/Scott/Dropbox/__PROJECTS__/MusicBoxRTOS/dev/pico-sdk/lib/tinyusb/src/device/usbd.c.obj
                0x10005094                tud_umount_cb
 .text.tud_suspend_cb
                0x10005098        0x4 CMakeFiles/freertos_skeleton.dir/C_/Users/Scott/Dropbox/__PROJECTS__/MusicBoxRTOS/dev/pico-sdk/lib/tinyusb/src/device/usbd.c.obj
                0x10005098                tud_suspend_cb
 .text.tud_resume_cb
                0x1000509c        0x4 CMakeFiles/freertos_skeleton.dir/C_/Users/Scott/Dropbox/__PROJECTS__/MusicBoxRTOS/dev/pico-sdk/lib/tinyusb/src/device/usbd.c.obj
                0x1000509c                tud_resume_cb
 .text.tud_mounted
                0x100050a0       0x10 CMakeFiles/freertos_skeleton.dir/C_/Users/Scott/Dropbox/__PROJECTS__/MusicBoxRTOS/dev/pico-sdk/lib/tinyusb/src/device/usbd.c.obj
                0x100050a0                tud_mounted
 .text.tud_suspended
                0x100050b0       0x10 CMakeFiles/freertos_skeleton.dir/C_/Users/Scott/Dropbox/__PROJECTS__/MusicBoxRTOS/dev/pico-sdk/lib/tinyusb/src/device/usbd.c.obj
                0x100050b0                tud_suspended
 .text.tud_rhport_init
                0x100050c0       0xf0 CMakeFiles/freertos_skeleton.dir/C_/Users/Scott/Dropbox/__PROJECTS__/MusicBoxRTOS/dev/pico-sdk/lib/tinyusb/src/device/usbd.c.obj
                0x100050c0                tud_rhport_init
 .text.tud_task_ext
                0x100051b0      0x7fc CMakeFiles/freertos_skeleton.dir/C_/Users/Scott/Dropbox/__PROJECTS__/MusicBoxRTOS/dev/pico-sdk/lib/tinyusb/src/device/usbd.c.obj
                0x100051b0                tud_task_ext
 .text.usbd_open_edpt_pair
                0x100059ac       0x98 CMakeFiles/freertos_skeleton.dir/C_/Users/Scott/Dropbox/__PROJECTS__/MusicBoxRTOS/dev/pico-sdk/lib/tinyusb/src/device/usbd.c.obj
                0x100059ac                usbd_open_edpt_pair
 .text.usbd_edpt_open
                0x10005a44       0x34 CMakeFiles/freertos_skeleton.dir/C_/Users/Scott/Dropbox/__PROJECTS__/MusicBoxRTOS/dev/pico-sdk/lib/tinyusb/src/device/usbd.c.obj
                0x10005a44                usbd_edpt_open
 .text.usbd_edpt_claim
                0x10005a78       0x28 CMakeFiles/freertos_skeleton.dir/C_/Users/Scott/Dropbox/__PROJECTS__/MusicBoxRTOS/dev/pico-sdk/lib/tinyusb/src/device/usbd.c.obj
                0x10005a78                usbd_edpt_claim
 .text.usbd_edpt_release
                0x10005aa0       0x28 CMakeFiles/freertos_skeleton.dir/C_/Users/Scott/Dropbox/__PROJECTS__/MusicBoxRTOS/dev/pico-sdk/lib/tinyusb/src/device/usbd.c.obj
                0x10005aa0                usbd_edpt_release
 .text.usbd_edpt_xfer
                0x10005ac8       0x50 CMakeFiles/freertos_skeleton.dir/C_/Users/Scott/Dropbox/__PROJECTS__/MusicBoxRTOS/dev/pico-sdk/lib/tinyusb/src/device/usbd.c.obj
                0x10005ac8                usbd_edpt_xfer
 .text.tud_control_status
                0x10005b18       0x2c CMakeFiles/freertos_skeleton.dir/C_/Users/Scott/Dropbox/__PROJECTS__/MusicBoxRTOS/dev/pico-sdk/lib/tinyusb/src/device/usbd_control.c.obj
                0x10005b18                tud_control_status
 .text.tud_control_xfer
                0x10005b44       0xa0 CMakeFiles/freertos_skeleton.dir/C_/Users/Scott/Dropbox/__PROJECTS__/MusicBoxRTOS/dev/pico-sdk/lib/tinyusb/src/device/usbd_control.c.obj
                0x10005b44                tud_control_xfer
 .text.usbd_control_reset
                0x10005be4       0x14 CMakeFiles/freertos_skeleton.dir/C_/Users/Scott/Dropbox/__PROJECTS__/MusicBoxRTOS/dev/pico-sdk/lib/tinyusb/src/device/usbd_control.c.obj
                0x10005be4                usbd_control_reset
 .text.usbd_control_set_complete_callback
                0x10005bf8        0xc CMakeFiles/freertos_skeleton.dir/C_/Users/Scott/Dropbox/__PROJECTS__/MusicBoxRTOS/dev/pico-sdk/lib/tinyusb/src/device/usbd_control.c.obj
                0x10005bf8                usbd_control_set_complete_callback
 .text.usbd_control_set_request
                0x10005c04       0x1c CMakeFiles/freertos_skeleton.dir/C_/Users/Scott/Dropbox/__PROJECTS__/MusicBoxRTOS/dev/pico-sdk/lib/tinyusb/src/device/usbd_control.c.obj
                0x10005c04                usbd_control_set_request
 .text.usbd_control_xfer_cb
                0x10005c20       0xe8 CMakeFiles/freertos_skeleton.dir/C_/Users/Scott/Dropbox/__PROJECTS__/MusicBoxRTOS/dev/pico-sdk/lib/tinyusb/src/device/usbd_control.c.obj
                0x10005c20                usbd_control_xfer_cb
 .text._prep_out_transaction.isra.0
                0x10005d08       0x6c CMakeFiles/freertos_skeleton.dir/C_/Users/Scott/Dropbox/__PROJECTS__/MusicBoxRTOS/dev/pico-sdk/lib/tinyusb/src/class/cdc/cdc_device.c.obj
 .text.tud_cdc_n_connected
                0x10005d74       0x2c CMakeFiles/freertos_skeleton.dir/C_/Users/Scott/Dropbox/__PROJECTS__/MusicBoxRTOS/dev/pico-sdk/lib/tinyusb/src/class/cdc/cdc_device.c.obj
                0x10005d74                tud_cdc_n_connected
 .text.tud_cdc_n_available
                0x10005da0       0x14 CMakeFiles/freertos_skeleton.dir/C_/Users/Scott/Dropbox/__PROJECTS__/MusicBoxRTOS/dev/pico-sdk/lib/tinyusb/src/class/cdc/cdc_device.c.obj
                0x10005da0                tud_cdc_n_available
 .text.tud_cdc_n_read
                0x10005db4       0x88 CMakeFiles/freertos_skeleton.dir/C_/Users/Scott/Dropbox/__PROJECTS__/MusicBoxRTOS/dev/pico-sdk/lib/tinyusb/src/class/cdc/cdc_device.c.obj
                0x10005db4                tud_cdc_n_read
 .text.tud_cdc_n_write_flush
                0x10005e3c       0x78 CMakeFiles/freertos_skeleton.dir/C_/Users/Scott/Dropbox/__PROJECTS__/MusicBoxRTOS/dev/pico-sdk/lib/tinyusb/src/class/cdc/cdc_device.c.obj
                0x10005e3c                tud_cdc_n_write_flush
 .text.tud_cdc_n_write
                0x10005eb4       0x40 CMakeFiles/freertos_skeleton.dir/C_/Users/Scott/Dropbox/__PROJECTS__/MusicBoxRTOS/dev/pico-sdk/lib/tinyusb/src/class/cdc/cdc_device.c.obj
                0x10005eb4                tud_cdc_n_write
 .text.tud_cdc_n_write_available
                0x10005ef4       0x14 CMakeFiles/freertos_skeleton.dir/C_/Users/Scott/Dropbox/__PROJECTS__/MusicBoxRTOS/dev/pico-sdk/lib/tinyusb/src/class/cdc/cdc_device.c.obj
                0x10005ef4                tud_cdc_n_write_available
 .text.cdcd_init
                0x10005f08       0x70 CMakeFiles/freertos_skeleton.dir/C_/Users/Scott/Dropbox/__PROJECTS__/MusicBoxRTOS/dev/pico-sdk/lib/tinyusb/src/class/cdc/cdc_device.c.obj
                0x10005f08                cdcd_init
 .text.cdcd_deinit
                0x10005f78       0x30 CMakeFiles/freertos_skeleton.dir/C_/Users/Scott/Dropbox/__PROJECTS__/MusicBoxRTOS/dev/pico-sdk/lib/tinyusb/src/class/cdc/cdc_device.c.obj
                0x10005f78                cdcd_deinit
 .text.cdcd_reset
                0x10005fa8       0x48 CMakeFiles/freertos_skeleton.dir/C_/Users/Scott/Dropbox/__PROJECTS__/MusicBoxRTOS/dev/pico-sdk/lib/tinyusb/src/class/cdc/cdc_device.c.obj
                0x10005fa8                cdcd_reset
 .text.cdcd_open
                0x10005ff0       0xa8 CMakeFiles/freertos_skeleton.dir/C_/Users/Scott/Dropbox/__PROJECTS__/MusicBoxRTOS/dev/pico-sdk/lib/tinyusb/src/class/cdc/cdc_device.c.obj
                0x10005ff0                cdcd_open
 .text.cdcd_control_xfer_cb
                0x10006098       0xf0 CMakeFiles/freertos_skeleton.dir/C_/Users/Scott/Dropbox/__PROJECTS__/MusicBoxRTOS/dev/pico-sdk/lib/tinyusb/src/class/cdc/cdc_device.c.obj
                0x10006098                cdcd_control_xfer_cb
 .text.cdcd_xfer_cb
                0x10006188       0xf8 CMakeFiles/freertos_skeleton.dir/C_/Users/Scott/Dropbox/__PROJECTS__/MusicBoxRTOS/dev/pico-sdk/lib/tinyusb/src/class/cdc/cdc_device.c.obj
                0x10006188                cdcd_xfer_cb
 .text.vendord_init
                0x10006280       0x5c CMakeFiles/freertos_skeleton.dir/C_/Users/Scott/Dropbox/__PROJECTS__/MusicBoxRTOS/dev/pico-sdk/lib/tinyusb/src/class/vendor/vendor_device.c.obj
                0x10006280                vendord_init
 .text.vendord_deinit
                0x100062dc       0x1c CMakeFiles/freertos_skeleton.dir/C_/Users/Scott/Dropbox/__PROJECTS__/MusicBoxRTOS/dev/pico-sdk/lib/tinyusb/src/class/vendor/vendor_device.c.obj
                0x100062dc                vendord_deinit
 .text.vendord_reset
                0x100062f8       0x28 CMakeFiles/freertos_skeleton.dir/C_/Users/Scott/Dropbox/__PROJECTS__/MusicBoxRTOS/dev/pico-sdk/lib/tinyusb/src/class/vendor/vendor_device.c.obj
                0x100062f8                vendord_reset
 .text.vendord_open
                0x10006320      0x104 CMakeFiles/freertos_skeleton.dir/C_/Users/Scott/Dropbox/__PROJECTS__/MusicBoxRTOS/dev/pico-sdk/lib/tinyusb/src/class/vendor/vendor_device.c.obj
                0x10006320                vendord_open
 .text.vendord_xfer_cb
                0x10006424       0xa0 CMakeFiles/freertos_skeleton.dir/C_/Users/Scott/Dropbox/__PROJECTS__/MusicBoxRTOS/dev/pico-sdk/lib/tinyusb/src/class/vendor/vendor_device.c.obj
                0x10006424                vendord_xfer_cb
 .text.tusb_rhport_init
                0x100064c4       0x4c CMakeFiles/freertos_skeleton.dir/C_/Users/Scott/Dropbox/__PROJECTS__/MusicBoxRTOS/dev/pico-sdk/lib/tinyusb/src/tusb.c.obj
                0x100064c4                tusb_rhport_init
 .text.tu_edpt_claim
                0x10006510       0x50 CMakeFiles/freertos_skeleton.dir/C_/Users/Scott/Dropbox/__PROJECTS__/MusicBoxRTOS/dev/pico-sdk/lib/tinyusb/src/tusb.c.obj
                0x10006510                tu_edpt_claim
 .text.tu_edpt_release
                0x10006560       0x38 CMakeFiles/freertos_skeleton.dir/C_/Users/Scott/Dropbox/__PROJECTS__/MusicBoxRTOS/dev/pico-sdk/lib/tinyusb/src/tusb.c.obj
                0x10006560                tu_edpt_release
 .text.tu_edpt_validate
                0x10006598       0x74 CMakeFiles/freertos_skeleton.dir/C_/Users/Scott/Dropbox/__PROJECTS__/MusicBoxRTOS/dev/pico-sdk/lib/tinyusb/src/tusb.c.obj
                0x10006598                tu_edpt_validate
 .text.tu_edpt_bind_driver
                0x1000660c       0x34 CMakeFiles/freertos_skeleton.dir/C_/Users/Scott/Dropbox/__PROJECTS__/MusicBoxRTOS/dev/pico-sdk/lib/tinyusb/src/tusb.c.obj
                0x1000660c                tu_edpt_bind_driver
 .text.tu_edpt_stream_init
                0x10006640       0x68 CMakeFiles/freertos_skeleton.dir/C_/Users/Scott/Dropbox/__PROJECTS__/MusicBoxRTOS/dev/pico-sdk/lib/tinyusb/src/tusb.c.obj
                0x10006640                tu_edpt_stream_init
 .text.tu_edpt_stream_deinit
                0x100066a8        0x4 CMakeFiles/freertos_skeleton.dir/C_/Users/Scott/Dropbox/__PROJECTS__/MusicBoxRTOS/dev/pico-sdk/lib/tinyusb/src/tusb.c.obj
                0x100066a8                tu_edpt_stream_deinit
 .text.tu_edpt_stream_write_zlp_if_needed
                0x100066ac       0x64 CMakeFiles/freertos_skeleton.dir/C_/Users/Scott/Dropbox/__PROJECTS__/MusicBoxRTOS/dev/pico-sdk/lib/tinyusb/src/tusb.c.obj
                0x100066ac                tu_edpt_stream_write_zlp_if_needed
 .text.tu_edpt_stream_write_xfer
                0x10006710       0x6c CMakeFiles/freertos_skeleton.dir/C_/Users/Scott/Dropbox/__PROJECTS__/MusicBoxRTOS/dev/pico-sdk/lib/tinyusb/src/tusb.c.obj
                0x10006710                tu_edpt_stream_write_xfer
 .text.tu_edpt_stream_read_xfer
                0x1000677c       0xd8 CMakeFiles/freertos_skeleton.dir/C_/Users/Scott/Dropbox/__PROJECTS__/MusicBoxRTOS/dev/pico-sdk/lib/tinyusb/src/tusb.c.obj
                0x1000677c                tu_edpt_stream_read_xfer
 .text.tu_fifo_config
                0x10006854       0x6c CMakeFiles/freertos_skeleton.dir/C_/Users/Scott/Dropbox/__PROJECTS__/MusicBoxRTOS/dev/pico-sdk/lib/tinyusb/src/common/tusb_fifo.c.obj
                0x10006854                tu_fifo_config
 .text.tu_fifo_count
                0x100068c0       0x2c CMakeFiles/freertos_skeleton.dir/C_/Users/Scott/Dropbox/__PROJECTS__/MusicBoxRTOS/dev/pico-sdk/lib/tinyusb/src/common/tusb_fifo.c.obj
                0x100068c0                tu_fifo_count
 .text.tu_fifo_empty
                0x100068ec       0x10 CMakeFiles/freertos_skeleton.dir/C_/Users/Scott/Dropbox/__PROJECTS__/MusicBoxRTOS/dev/pico-sdk/lib/tinyusb/src/common/tusb_fifo.c.obj
                0x100068ec                tu_fifo_empty
 .text.tu_fifo_remaining
                0x100068fc       0x2c CMakeFiles/freertos_skeleton.dir/C_/Users/Scott/Dropbox/__PROJECTS__/MusicBoxRTOS/dev/pico-sdk/lib/tinyusb/src/common/tusb_fifo.c.obj
                0x100068fc                tu_fifo_remaining
 .text.tu_fifo_read
                0x10006928       0x9c CMakeFiles/freertos_skeleton.dir/C_/Users/Scott/Dropbox/__PROJECTS__/MusicBoxRTOS/dev/pico-sdk/lib/tinyusb/src/common/tusb_fifo.c.obj
                0x10006928                tu_fifo_read
 .text.tu_fifo_read_n
                0x100069c4       0xec CMakeFiles/freertos_skeleton.dir/C_/Users/Scott/Dropbox/__PROJECTS__/MusicBoxRTOS/dev/pico-sdk/lib/tinyusb/src/common/tusb_fifo.c.obj
                0x100069c4                tu_fifo_read_n
 .text.tu_fifo_write
                0x10006ab0       0xa4 CMakeFiles/freertos_skeleton.dir/C_/Users/Scott/Dropbox/__PROJECTS__/MusicBoxRTOS/dev/pico-sdk/lib/tinyusb/src/common/tusb_fifo.c.obj
                0x10006ab0                tu_fifo_write
 .text.tu_fifo_write_n
                0x10006b54      0x168 CMakeFiles/freertos_skeleton.dir/C_/Users/Scott/Dropbox/__PROJECTS__/MusicBoxRTOS/dev/pico-sdk/lib/tinyusb/src/common/tusb_fifo.c.obj
                0x10006b54                tu_fifo_write_n
 .text.tu_fifo_clear
                0x10006cbc       0x40 CMakeFiles/freertos_skeleton.dir/C_/Users/Scott/Dropbox/__PROJECTS__/MusicBoxRTOS/dev/pico-sdk/lib/tinyusb/src/common/tusb_fifo.c.obj
                0x10006cbc                tu_fifo_clear
 .text.tu_fifo_set_overwritable
                0x10006cfc       0x48 CMakeFiles/freertos_skeleton.dir/C_/Users/Scott/Dropbox/__PROJECTS__/MusicBoxRTOS/dev/pico-sdk/lib/tinyusb/src/common/tusb_fifo.c.obj
                0x10006cfc                tu_fifo_set_overwritable
 *fill*         0x10006d44        0xc 
 .text.vPortStartFirstTask
                0x10006d50       0x38 CMakeFiles/freertos_skeleton.dir/C_/Users/Scott/Dropbox/__PROJECTS__/MusicBoxRTOS/dev/FreeRTOS-Kernel/portable/ThirdParty/GCC/RP2040/port.c.obj
 .text.prvFIFOInterruptHandler
                0x10006d88       0x2c CMakeFiles/freertos_skeleton.dir/C_/Users/Scott/Dropbox/__PROJECTS__/MusicBoxRTOS/dev/FreeRTOS-Kernel/portable/ThirdParty/GCC/RP2040/port.c.obj
 *fill*         0x10006db4        0xc 
 .text.xPortPendSVHandler
                0x10006dc0       0x78 CMakeFiles/freertos_skeleton.dir/C_/Users/Scott/Dropbox/__PROJECTS__/MusicBoxRTOS/dev/FreeRTOS-Kernel/portable/ThirdParty/GCC/RP2040/port.c.obj
                0x10006dc0                xPortPendSVHandler
 .text.prvTaskExitError
                0x10006e38        0x8 CMakeFiles/freertos_skeleton.dir/C_/Users/Scott/Dropbox/__PROJECTS__/MusicBoxRTOS/dev/FreeRTOS-Kernel/portable/ThirdParty/GCC/RP2040/port.c.obj
 .text.xPortSysTickHandler
                0x10006e40       0x24 CMakeFiles/freertos_skeleton.dir/C_/Users/Scott/Dropbox/__PROJECTS__/MusicBoxRTOS/dev/FreeRTOS-Kernel/portable/ThirdParty/GCC/RP2040/port.c.obj
                0x10006e40                xPortSysTickHandler
 .text.vPortSVCHandler
                0x10006e64        0x4 CMakeFiles/freertos_skeleton.dir/C_/Users/Scott/Dropbox/__PROJECTS__/MusicBoxRTOS/dev/FreeRTOS-Kernel/portable/ThirdParty/GCC/RP2040/port.c.obj
                0x10006e64                vPortSVCHandler
 .text.pxPortInitialiseStack
                0x10006e68       0x20 CMakeFiles/freertos_skeleton.dir/C_/Users/Scott/Dropbox/__PROJECTS__/MusicBoxRTOS/dev/FreeRTOS-Kernel/portable/ThirdParty/GCC/RP2040/port.c.obj
                0x10006e68                pxPortInitialiseStack
 .text.vPortYield
                0x10006e88       0x18 CMakeFiles/freertos_skeleton.dir/C_/Users/Scott/Dropbox/__PROJECTS__/MusicBoxRTOS/dev/FreeRTOS-Kernel/portable/ThirdParty/GCC/RP2040/port.c.obj
                0x10006e88                vPortYield
 .text.ulSetInterruptMaskFromISR
                0x10006ea0        0x8 CMakeFiles/freertos_skeleton.dir/C_/Users/Scott/Dropbox/__PROJECTS__/MusicBoxRTOS/dev/FreeRTOS-Kernel/portable/ThirdParty/GCC/RP2040/port.c.obj
                0x10006ea0                ulSetInterruptMaskFromISR
 .text.vClearInterruptMaskFromISR
                0x10006ea8        0x8 CMakeFiles/freertos_skeleton.dir/C_/Users/Scott/Dropbox/__PROJECTS__/MusicBoxRTOS/dev/FreeRTOS-Kernel/portable/ThirdParty/GCC/RP2040/port.c.obj
                0x10006ea8                vClearInterruptMaskFromISR
 .text.vYieldCore
                0x10006eb0        0xc CMakeFiles/freertos_skeleton.dir/C_/Users/Scott/Dropbox/__PROJECTS__/MusicBoxRTOS/dev/FreeRTOS-Kernel/portable/ThirdParty/GCC/RP2040/port.c.obj
                0x10006eb0                vYieldCore
 .text.vPortSetupTimerInterrupt
                0x10006ebc       0x34 CMakeFiles/freertos_skeleton.dir/C_/Users/Scott/Dropbox/__PROJECTS__/MusicBoxRTOS/dev/FreeRTOS-Kernel/portable/ThirdParty/GCC/RP2040/port.c.obj
                0x10006ebc                vPortSetupTimerInterrupt
 .text.xPortStartSchedulerOnCore.isra.0
                0x10006ef0       0xa4 CMakeFiles/freertos_skeleton.dir/C_/Users/Scott/Dropbox/__PROJECTS__/MusicBoxRTOS/dev/FreeRTOS-Kernel/portable/ThirdParty/GCC/RP2040/port.c.obj
 .text.prvDisableInterruptsAndPortStartSchedulerOnCore
                0x10006f94        0x8 CMakeFiles/freertos_skeleton.dir/C_/Users/Scott/Dropbox/__PROJECTS__/MusicBoxRTOS/dev/FreeRTOS-Kernel/portable/ThirdParty/GCC/RP2040/port.c.obj
 .text.xPortStartScheduler
                0x10006f9c       0x2c CMakeFiles/freertos_skeleton.dir/C_/Users/Scott/Dropbox/__PROJECTS__/MusicBoxRTOS/dev/FreeRTOS-Kernel/portable/ThirdParty/GCC/RP2040/port.c.obj
                0x10006f9c                xPortStartScheduler
 .text.ulPortLockGetCurrentOwnerId
                0x10006fc8       0x30 CMakeFiles/freertos_skeleton.dir/C_/Users/Scott/Dropbox/__PROJECTS__/MusicBoxRTOS/dev/FreeRTOS-Kernel/portable/ThirdParty/GCC/RP2040/port.c.obj
                0x10006fc8                ulPortLockGetCurrentOwnerId
 .text.vPortLockInternalSpinUnlockWithWait
                0x10006ff8       0x6c CMakeFiles/freertos_skeleton.dir/C_/Users/Scott/Dropbox/__PROJECTS__/MusicBoxRTOS/dev/FreeRTOS-Kernel/portable/ThirdParty/GCC/RP2040/port.c.obj
                0x10006ff8                vPortLockInternalSpinUnlockWithWait
 .text.vPortLockInternalSpinUnlockWithNotify
                0x10007064       0x88 CMakeFiles/freertos_skeleton.dir/C_/Users/Scott/Dropbox/__PROJECTS__/MusicBoxRTOS/dev/FreeRTOS-Kernel/portable/ThirdParty/GCC/RP2040/port.c.obj
                0x10007064                vPortLockInternalSpinUnlockWithNotify
 .text.xPortLockInternalSpinUnlockWithBestEffortWaitOrTimeout
                0x100070ec       0xf0 CMakeFiles/freertos_skeleton.dir/C_/Users/Scott/Dropbox/__PROJECTS__/MusicBoxRTOS/dev/FreeRTOS-Kernel/portable/ThirdParty/GCC/RP2040/port.c.obj
                0x100070ec                xPortLockInternalSpinUnlockWithBestEffortWaitOrTimeout
 .text.startup.prvRuntimeInitializer
                0x100071dc       0x18 CMakeFiles/freertos_skeleton.dir/C_/Users/Scott/Dropbox/__PROJECTS__/MusicBoxRTOS/dev/FreeRTOS-Kernel/portable/ThirdParty/GCC/RP2040/port.c.obj
 .text.vEventGroupSetBitsCallback
                0x100071f4       0x90 CMakeFiles/freertos_skeleton.dir/C_/Users/Scott/Dropbox/__PROJECTS__/MusicBoxRTOS/dev/FreeRTOS-Kernel/event_groups.c.obj
                0x100071f4                vEventGroupSetBitsCallback
 .text.xEventGroupCreateStatic
                0x10007284       0x18 CMakeFiles/freertos_skeleton.dir/C_/Users/Scott/Dropbox/__PROJECTS__/MusicBoxRTOS/dev/FreeRTOS-Kernel/event_groups.c.obj
                0x10007284                xEventGroupCreateStatic
 .text.xEventGroupWaitBits
                0x1000729c       0xb8 CMakeFiles/freertos_skeleton.dir/C_/Users/Scott/Dropbox/__PROJECTS__/MusicBoxRTOS/dev/FreeRTOS-Kernel/event_groups.c.obj
                0x1000729c                xEventGroupWaitBits
 .text.xEventGroupSetBits
                0x10007354       0x94 CMakeFiles/freertos_skeleton.dir/C_/Users/Scott/Dropbox/__PROJECTS__/MusicBoxRTOS/dev/FreeRTOS-Kernel/event_groups.c.obj
                0x10007354                xEventGroupSetBits
 .text.xEventGroupSetBitsFromISR
                0x100073e8       0x18 CMakeFiles/freertos_skeleton.dir/C_/Users/Scott/Dropbox/__PROJECTS__/MusicBoxRTOS/dev/FreeRTOS-Kernel/event_groups.c.obj
                0x100073e8                xEventGroupSetBitsFromISR
 .text.vListInitialise
                0x10007400       0x18 CMakeFiles/freertos_skeleton.dir/C_/Users/Scott/Dropbox/__PROJECTS__/MusicBoxRTOS/dev/FreeRTOS-Kernel/list.c.obj
                0x10007400                vListInitialise
 .text.vListInitialiseItem
                0x10007418        0x8 CMakeFiles/freertos_skeleton.dir/C_/Users/Scott/Dropbox/__PROJECTS__/MusicBoxRTOS/dev/FreeRTOS-Kernel/list.c.obj
                0x10007418                vListInitialiseItem
 .text.vListInsertEnd
                0x10007420       0x18 CMakeFiles/freertos_skeleton.dir/C_/Users/Scott/Dropbox/__PROJECTS__/MusicBoxRTOS/dev/FreeRTOS-Kernel/list.c.obj
                0x10007420                vListInsertEnd
 .text.vListInsert
                0x10007438       0x34 CMakeFiles/freertos_skeleton.dir/C_/Users/Scott/Dropbox/__PROJECTS__/MusicBoxRTOS/dev/FreeRTOS-Kernel/list.c.obj
                0x10007438                vListInsert
 .text.uxListRemove
                0x1000746c       0x20 CMakeFiles/freertos_skeleton.dir/C_/Users/Scott/Dropbox/__PROJECTS__/MusicBoxRTOS/dev/FreeRTOS-Kernel/list.c.obj
                0x1000746c                uxListRemove
 .text.xQueueGenericCreateStatic
                0x1000748c       0x9c CMakeFiles/freertos_skeleton.dir/C_/Users/Scott/Dropbox/__PROJECTS__/MusicBoxRTOS/dev/FreeRTOS-Kernel/queue.c.obj
                0x1000748c                xQueueGenericCreateStatic
 .text.xQueueGenericSend
                0x10007528      0x338 CMakeFiles/freertos_skeleton.dir/C_/Users/Scott/Dropbox/__PROJECTS__/MusicBoxRTOS/dev/FreeRTOS-Kernel/queue.c.obj
                0x10007528                xQueueGenericSend
 .text.xQueueCreateMutex
                0x10007860       0x68 CMakeFiles/freertos_skeleton.dir/C_/Users/Scott/Dropbox/__PROJECTS__/MusicBoxRTOS/dev/FreeRTOS-Kernel/queue.c.obj
                0x10007860                xQueueCreateMutex
 .text.xQueueGenericSendFromISR
                0x100078c8      0x120 CMakeFiles/freertos_skeleton.dir/C_/Users/Scott/Dropbox/__PROJECTS__/MusicBoxRTOS/dev/FreeRTOS-Kernel/queue.c.obj
                0x100078c8                xQueueGenericSendFromISR
 .text.xQueueReceive
                0x100079e8      0x29c CMakeFiles/freertos_skeleton.dir/C_/Users/Scott/Dropbox/__PROJECTS__/MusicBoxRTOS/dev/FreeRTOS-Kernel/queue.c.obj
                0x100079e8                xQueueReceive
 .text.xQueueSemaphoreTake
                0x10007c84      0x2d0 CMakeFiles/freertos_skeleton.dir/C_/Users/Scott/Dropbox/__PROJECTS__/MusicBoxRTOS/dev/FreeRTOS-Kernel/queue.c.obj
                0x10007c84                xQueueSemaphoreTake
 .text.vQueueWaitForMessageRestricted
                0x10007f54       0xc8 CMakeFiles/freertos_skeleton.dir/C_/Users/Scott/Dropbox/__PROJECTS__/MusicBoxRTOS/dev/FreeRTOS-Kernel/queue.c.obj
                0x10007f54                vQueueWaitForMessageRestricted
 .text.prvIdleTask
                0x1000801c       0x20 CMakeFiles/freertos_skeleton.dir/C_/Users/Scott/Dropbox/__PROJECTS__/MusicBoxRTOS/dev/FreeRTOS-Kernel/tasks.c.obj
 .text.prvPassiveIdleTask
                0x1000803c        0x8 CMakeFiles/freertos_skeleton.dir/C_/Users/Scott/Dropbox/__PROJECTS__/MusicBoxRTOS/dev/FreeRTOS-Kernel/tasks.c.obj
 .text.prvYieldForTask
                0x10008044      0x188 CMakeFiles/freertos_skeleton.dir/C_/Users/Scott/Dropbox/__PROJECTS__/MusicBoxRTOS/dev/FreeRTOS-Kernel/tasks.c.obj
 .text.prvInitialiseNewTask.constprop.0
                0x100081cc      0x120 CMakeFiles/freertos_skeleton.dir/C_/Users/Scott/Dropbox/__PROJECTS__/MusicBoxRTOS/dev/FreeRTOS-Kernel/tasks.c.obj
 .text.prvAddCurrentTaskToDelayedList.isra.0
                0x100082ec       0xa8 CMakeFiles/freertos_skeleton.dir/C_/Users/Scott/Dropbox/__PROJECTS__/MusicBoxRTOS/dev/FreeRTOS-Kernel/tasks.c.obj
 .text.xTaskIncrementTick.part.0
                0x10008394      0x1e4 CMakeFiles/freertos_skeleton.dir/C_/Users/Scott/Dropbox/__PROJECTS__/MusicBoxRTOS/dev/FreeRTOS-Kernel/tasks.c.obj
 .text.prvCheckForRunStateChange
                0x10008578      0x154 CMakeFiles/freertos_skeleton.dir/C_/Users/Scott/Dropbox/__PROJECTS__/MusicBoxRTOS/dev/FreeRTOS-Kernel/tasks.c.obj
 .text.vTaskSuspendAll.part.0
                0x100086cc       0xb4 CMakeFiles/freertos_skeleton.dir/C_/Users/Scott/Dropbox/__PROJECTS__/MusicBoxRTOS/dev/FreeRTOS-Kernel/tasks.c.obj
 .text.vTaskSuspendAll
                0x10008780       0xcc CMakeFiles/freertos_skeleton.dir/C_/Users/Scott/Dropbox/__PROJECTS__/MusicBoxRTOS/dev/FreeRTOS-Kernel/tasks.c.obj
                0x10008780                vTaskSuspendAll
 .text.xTaskGetTickCount
                0x1000884c        0xc CMakeFiles/freertos_skeleton.dir/C_/Users/Scott/Dropbox/__PROJECTS__/MusicBoxRTOS/dev/FreeRTOS-Kernel/tasks.c.obj
                0x1000884c                xTaskGetTickCount
 .text.uxTaskGetNumberOfTasks
                0x10008858        0xc CMakeFiles/freertos_skeleton.dir/C_/Users/Scott/Dropbox/__PROJECTS__/MusicBoxRTOS/dev/FreeRTOS-Kernel/tasks.c.obj
                0x10008858                uxTaskGetNumberOfTasks
 .text.xTaskIncrementTick
                0x10008864       0x24 CMakeFiles/freertos_skeleton.dir/C_/Users/Scott/Dropbox/__PROJECTS__/MusicBoxRTOS/dev/FreeRTOS-Kernel/tasks.c.obj
                0x10008864                xTaskIncrementTick
 .text.vTaskSwitchContext
                0x10008888      0x410 CMakeFiles/freertos_skeleton.dir/C_/Users/Scott/Dropbox/__PROJECTS__/MusicBoxRTOS/dev/FreeRTOS-Kernel/tasks.c.obj
                0x10008888                vTaskSwitchContext
 .text.vTaskPlaceOnEventList
                0x10008c98       0xbc CMakeFiles/freertos_skeleton.dir/C_/Users/Scott/Dropbox/__PROJECTS__/MusicBoxRTOS/dev/FreeRTOS-Kernel/tasks.c.obj
                0x10008c98                vTaskPlaceOnEventList
 .text.vTaskPlaceOnUnorderedEventList
                0x10008d54       0x9c CMakeFiles/freertos_skeleton.dir/C_/Users/Scott/Dropbox/__PROJECTS__/MusicBoxRTOS/dev/FreeRTOS-Kernel/tasks.c.obj
                0x10008d54                vTaskPlaceOnUnorderedEventList
 .text.vTaskPlaceOnEventListRestricted
                0x10008df0       0x8c CMakeFiles/freertos_skeleton.dir/C_/Users/Scott/Dropbox/__PROJECTS__/MusicBoxRTOS/dev/FreeRTOS-Kernel/tasks.c.obj
                0x10008df0                vTaskPlaceOnEventListRestricted
 .text.xTaskRemoveFromEventList
                0x10008e7c       0xd8 CMakeFiles/freertos_skeleton.dir/C_/Users/Scott/Dropbox/__PROJECTS__/MusicBoxRTOS/dev/FreeRTOS-Kernel/tasks.c.obj
                0x10008e7c                xTaskRemoveFromEventList
 .text.vTaskInternalSetTimeOutState
                0x10008f54       0x18 CMakeFiles/freertos_skeleton.dir/C_/Users/Scott/Dropbox/__PROJECTS__/MusicBoxRTOS/dev/FreeRTOS-Kernel/tasks.c.obj
                0x10008f54                vTaskInternalSetTimeOutState
 .text.xTaskCheckForTimeOut
                0x10008f6c      0x1a0 CMakeFiles/freertos_skeleton.dir/C_/Users/Scott/Dropbox/__PROJECTS__/MusicBoxRTOS/dev/FreeRTOS-Kernel/tasks.c.obj
                0x10008f6c                xTaskCheckForTimeOut
 .text.vTaskMissedYield
                0x1000910c       0x14 CMakeFiles/freertos_skeleton.dir/C_/Users/Scott/Dropbox/__PROJECTS__/MusicBoxRTOS/dev/FreeRTOS-Kernel/tasks.c.obj
                0x1000910c                vTaskMissedYield
 .text.xTaskGetCurrentTaskHandle
                0x10009120       0x1c CMakeFiles/freertos_skeleton.dir/C_/Users/Scott/Dropbox/__PROJECTS__/MusicBoxRTOS/dev/FreeRTOS-Kernel/tasks.c.obj
                0x10009120                xTaskGetCurrentTaskHandle
 .text.xTaskPriorityInherit
                0x1000913c      0x100 CMakeFiles/freertos_skeleton.dir/C_/Users/Scott/Dropbox/__PROJECTS__/MusicBoxRTOS/dev/FreeRTOS-Kernel/tasks.c.obj
                0x1000913c                xTaskPriorityInherit
 .text.xTaskPriorityDisinherit
                0x1000923c       0xbc CMakeFiles/freertos_skeleton.dir/C_/Users/Scott/Dropbox/__PROJECTS__/MusicBoxRTOS/dev/FreeRTOS-Kernel/tasks.c.obj
                0x1000923c                xTaskPriorityDisinherit
 .text.vTaskPriorityDisinheritAfterTimeout
                0x100092f8       0xd0 CMakeFiles/freertos_skeleton.dir/C_/Users/Scott/Dropbox/__PROJECTS__/MusicBoxRTOS/dev/FreeRTOS-Kernel/tasks.c.obj
                0x100092f8                vTaskPriorityDisinheritAfterTimeout
 .text.vTaskYieldWithinAPI
                0x100093c8       0x34 CMakeFiles/freertos_skeleton.dir/C_/Users/Scott/Dropbox/__PROJECTS__/MusicBoxRTOS/dev/FreeRTOS-Kernel/tasks.c.obj
                0x100093c8                vTaskYieldWithinAPI
 .text.vTaskEnterCritical
                0x100093fc       0xd0 CMakeFiles/freertos_skeleton.dir/C_/Users/Scott/Dropbox/__PROJECTS__/MusicBoxRTOS/dev/FreeRTOS-Kernel/tasks.c.obj
                0x100093fc                vTaskEnterCritical
 .text.vTaskEnterCriticalFromISR
                0x100094cc       0x90 CMakeFiles/freertos_skeleton.dir/C_/Users/Scott/Dropbox/__PROJECTS__/MusicBoxRTOS/dev/FreeRTOS-Kernel/tasks.c.obj
                0x100094cc                vTaskEnterCriticalFromISR
 .text.vTaskExitCritical
                0x1000955c       0x90 CMakeFiles/freertos_skeleton.dir/C_/Users/Scott/Dropbox/__PROJECTS__/MusicBoxRTOS/dev/FreeRTOS-Kernel/tasks.c.obj
                0x1000955c                vTaskExitCritical
 .text.prvAddNewTaskToReadyList
                0x100095ec       0xd4 CMakeFiles/freertos_skeleton.dir/C_/Users/Scott/Dropbox/__PROJECTS__/MusicBoxRTOS/dev/FreeRTOS-Kernel/tasks.c.obj
 .text.xTaskCreateStaticAffinitySet
                0x100096c0      0x148 CMakeFiles/freertos_skeleton.dir/C_/Users/Scott/Dropbox/__PROJECTS__/MusicBoxRTOS/dev/FreeRTOS-Kernel/tasks.c.obj
                0x100096c0                xTaskCreateStaticAffinitySet
 .text.xTaskCreate
                0x10009808       0x6c CMakeFiles/freertos_skeleton.dir/C_/Users/Scott/Dropbox/__PROJECTS__/MusicBoxRTOS/dev/FreeRTOS-Kernel/tasks.c.obj
                0x10009808                xTaskCreate
 .text.vTaskStartScheduler
                0x10009874      0x128 CMakeFiles/freertos_skeleton.dir/C_/Users/Scott/Dropbox/__PROJECTS__/MusicBoxRTOS/dev/FreeRTOS-Kernel/tasks.c.obj
                0x10009874                vTaskStartScheduler
 .text.xTaskResumeAll.part.0
                0x1000999c      0x178 CMakeFiles/freertos_skeleton.dir/C_/Users/Scott/Dropbox/__PROJECTS__/MusicBoxRTOS/dev/FreeRTOS-Kernel/tasks.c.obj
 .text.xTaskResumeAll
                0x10009b14       0x18 CMakeFiles/freertos_skeleton.dir/C_/Users/Scott/Dropbox/__PROJECTS__/MusicBoxRTOS/dev/FreeRTOS-Kernel/tasks.c.obj
                0x10009b14                xTaskResumeAll
 .text.vTaskDelay
                0x10009b2c       0x6c CMakeFiles/freertos_skeleton.dir/C_/Users/Scott/Dropbox/__PROJECTS__/MusicBoxRTOS/dev/FreeRTOS-Kernel/tasks.c.obj
                0x10009b2c                vTaskDelay
 .text.vTaskRemoveFromUnorderedEventList
                0x10009b98       0x94 CMakeFiles/freertos_skeleton.dir/C_/Users/Scott/Dropbox/__PROJECTS__/MusicBoxRTOS/dev/FreeRTOS-Kernel/tasks.c.obj
                0x10009b98                vTaskRemoveFromUnorderedEventList
 .text.vTaskExitCriticalFromISR
                0x10009c2c       0x60 CMakeFiles/freertos_skeleton.dir/C_/Users/Scott/Dropbox/__PROJECTS__/MusicBoxRTOS/dev/FreeRTOS-Kernel/tasks.c.obj
                0x10009c2c                vTaskExitCriticalFromISR
 .text.uxTaskResetEventItemValue
                0x10009c8c       0x48 CMakeFiles/freertos_skeleton.dir/C_/Users/Scott/Dropbox/__PROJECTS__/MusicBoxRTOS/dev/FreeRTOS-Kernel/tasks.c.obj
                0x10009c8c                uxTaskResetEventItemValue
 .text.pvTaskIncrementMutexHeldCount
                0x10009cd4       0x28 CMakeFiles/freertos_skeleton.dir/C_/Users/Scott/Dropbox/__PROJECTS__/MusicBoxRTOS/dev/FreeRTOS-Kernel/tasks.c.obj
                0x10009cd4                pvTaskIncrementMutexHeldCount
 .text.xTaskGenericNotifyWait
                0x10009cfc      0x194 CMakeFiles/freertos_skeleton.dir/C_/Users/Scott/Dropbox/__PROJECTS__/MusicBoxRTOS/dev/FreeRTOS-Kernel/tasks.c.obj
                0x10009cfc                xTaskGenericNotifyWait
 .text.xTaskGenericNotifyFromISR
                0x10009e90      0x210 CMakeFiles/freertos_skeleton.dir/C_/Users/Scott/Dropbox/__PROJECTS__/MusicBoxRTOS/dev/FreeRTOS-Kernel/tasks.c.obj
                0x10009e90                xTaskGenericNotifyFromISR
 .text.vApplicationGetTimerTaskMemory
                0x1000a0a0       0x18 CMakeFiles/freertos_skeleton.dir/C_/Users/Scott/Dropbox/__PROJECTS__/MusicBoxRTOS/dev/FreeRTOS-Kernel/tasks.c.obj
                0x1000a0a0                vApplicationGetTimerTaskMemory
 .text.prvTimerTask
                0x1000a0b8      0x3ac CMakeFiles/freertos_skeleton.dir/C_/Users/Scott/Dropbox/__PROJECTS__/MusicBoxRTOS/dev/FreeRTOS-Kernel/timers.c.obj
 .text.xTimerCreateTimerTask
                0x1000a464       0xa8 CMakeFiles/freertos_skeleton.dir/C_/Users/Scott/Dropbox/__PROJECTS__/MusicBoxRTOS/dev/FreeRTOS-Kernel/timers.c.obj
                0x1000a464                xTimerCreateTimerTask
 .text.xTimerPendFunctionCallFromISR
                0x1000a50c       0x2c CMakeFiles/freertos_skeleton.dir/C_/Users/Scott/Dropbox/__PROJECTS__/MusicBoxRTOS/dev/FreeRTOS-Kernel/timers.c.obj
                0x1000a50c                xTimerPendFunctionCallFromISR
 .text.exception_set_exclusive_handler
                0x1000a538       0x48 CMakeFiles/freertos_skeleton.dir/C_/Users/Scott/Dropbox/__PROJECTS__/MusicBoxRTOS/dev/pico-sdk/src/rp2_common/hardware_exception/exception.c.obj
                0x1000a538                exception_set_exclusive_handler
 .text.core1_trampoline
                0x1000a580        0x4 CMakeFiles/freertos_skeleton.dir/C_/Users/Scott/Dropbox/__PROJECTS__/MusicBoxRTOS/dev/pico-sdk/src/rp2_common/pico_multicore/multicore.c.obj
 .text.core1_wrapper
                0x1000a584        0xc CMakeFiles/freertos_skeleton.dir/C_/Users/Scott/Dropbox/__PROJECTS__/MusicBoxRTOS/dev/pico-sdk/src/rp2_common/pico_multicore/multicore.c.obj
                0x1000a584                core1_wrapper
 .text.multicore_reset_core1
                0x1000a590       0x60 CMakeFiles/freertos_skeleton.dir/C_/Users/Scott/Dropbox/__PROJECTS__/MusicBoxRTOS/dev/pico-sdk/src/rp2_common/pico_multicore/multicore.c.obj
                0x1000a590                multicore_reset_core1
 .text.multicore_launch_core1_raw
                0x1000a5f0       0x88 CMakeFiles/freertos_skeleton.dir/C_/Users/Scott/Dropbox/__PROJECTS__/MusicBoxRTOS/dev/pico-sdk/src/rp2_common/pico_multicore/multicore.c.obj
                0x1000a5f0                multicore_launch_core1_raw
 .text.multicore_launch_core1
                0x1000a678       0x5c CMakeFiles/freertos_skeleton.dir/C_/Users/Scott/Dropbox/__PROJECTS__/MusicBoxRTOS/dev/pico-sdk/src/rp2_common/pico_multicore/multicore.c.obj
                0x1000a678                multicore_launch_core1
 .text.pvPortMalloc
                0x1000a6d4      0x12c CMakeFiles/freertos_skeleton.dir/C_/Users/Scott/Dropbox/__PROJECTS__/MusicBoxRTOS/dev/FreeRTOS-Kernel/portable/MemMang/heap_4.c.obj
                0x1000a6d4                pvPortMalloc
 .text.vPortFree
                0x1000a800       0x9c CMakeFiles/freertos_skeleton.dir/C_/Users/Scott/Dropbox/__PROJECTS__/MusicBoxRTOS/dev/FreeRTOS-Kernel/portable/MemMang/heap_4.c.obj
                0x1000a800                vPortFree
 .text.strncpy  0x1000a89c       0x60 C:/Program Files (x86)/Arm/GNU Toolchain mingw-w64-i686-arm-none-eabi/bin/../lib/gcc/arm-none-eabi/15.2.1/../../../../arm-none-eabi/lib/thumb/v6-m/nofp\libg.a(libc_a-strncpy.o)
                0x1000a89c                strncpy
 .text          0x1000a8fc       0x88 C:/Program Files (x86)/Arm/GNU Toolchain mingw-w64-i686-arm-none-eabi/bin/../lib/gcc/arm-none-eabi/15.2.1/../../../../arm-none-eabi/lib/thumb/v6-m/nofp\libg.a(libc_a-strcmp.o)
                0x1000a8fc                strcmp
 .text.strlen   0x1000a984       0x60 C:/Program Files (x86)/Arm/GNU Toolchain mingw-w64-i686-arm-none-eabi/bin/../lib/gcc/arm-none-eabi/15.2.1/../../../../arm-none-eabi/lib/thumb/v6-m/nofp\libg.a(libc_a-strlen-stub.o)
                0x1000a984                strlen
 *(.fini)
 .fini          0x1000a9e4        0x4 C:/Program Files (x86)/Arm/GNU Toolchain mingw-w64-i686-arm-none-eabi/bin/../lib/gcc/arm-none-eabi/15.2.1/thumb/v6-m/nofp/crti.o
                0x1000a9e4                _fini
 .fini.__stub   0x1000a9e8       0xc0 linker stubs
 *crtbegin.o(.ctors)
 *crtbegin?.o(.ctors)
 *(EXCLUDE_FILE(*crtend.o *crtend?.o) .ctors)
 *(SORT_BY_NAME(.ctors.*))
 *(.ctors)
 *crtbegin.o(.dtors)
 *crtbegin?.o(.dtors)
 *(EXCLUDE_FILE(*crtend.o *crtend?.o) .dtors)
 *(SORT_BY_NAME(.dtors.*))
 *(.dtors)
                0x1000aaa8                        . = ALIGN (0x4)
                0x1000aaa8                        PROVIDE (__preinit_array_start = .)
 *(SORT_BY_NAME(.preinit_array.*))
 .preinit_array.00100
                0x1000aaa8        0x4 CMakeFiles/freertos_skeleton.dir/C_/Users/Scott/Dropbox/__PROJECTS__/MusicBoxRTOS/dev/pico-sdk/src/rp2_common/pico_runtime_init/runtime_init.c.obj
                0x1000aaa8                __pre_init_runtime_init_early_resets
 .preinit_array.00101
                0x1000aaac        0x4 CMakeFiles/freertos_skeleton.dir/C_/Users/Scott/Dropbox/__PROJECTS__/MusicBoxRTOS/dev/pico-sdk/src/rp2_common/pico_runtime_init/runtime_init.c.obj
                0x1000aaac                __pre_init_runtime_init_usb_power_down
 .preinit_array.00275
                0x1000aab0        0x4 CMakeFiles/freertos_skeleton.dir/C_/Users/Scott/Dropbox/__PROJECTS__/MusicBoxRTOS/dev/pico-sdk/src/rp2_common/pico_bit_ops/bit_ops_aeabi.S.obj
 .preinit_array.00300
                0x1000aab4        0x4 CMakeFiles/freertos_skeleton.dir/C_/Users/Scott/Dropbox/__PROJECTS__/MusicBoxRTOS/dev/pico-sdk/src/rp2_common/pico_mem_ops/mem_ops_aeabi.S.obj
 .preinit_array.00350
                0x1000aab8        0x4 CMakeFiles/freertos_skeleton.dir/C_/Users/Scott/Dropbox/__PROJECTS__/MusicBoxRTOS/dev/pico-sdk/src/rp2_common/pico_double/double_aeabi_rp2040.S.obj
 .preinit_array.00350
                0x1000aabc        0x4 CMakeFiles/freertos_skeleton.dir/C_/Users/Scott/Dropbox/__PROJECTS__/MusicBoxRTOS/dev/pico-sdk/src/rp2_common/pico_float/float_aeabi_rp2040.S.obj
 .preinit_array.00500
                0x1000aac0        0x4 CMakeFiles/freertos_skeleton.dir/C_/Users/Scott/Dropbox/__PROJECTS__/MusicBoxRTOS/dev/pico-sdk/src/rp2_common/pico_runtime_init/runtime_init.c.obj
                0x1000aac0                __pre_init_runtime_init_clocks
 .preinit_array.00600
                0x1000aac4        0x4 CMakeFiles/freertos_skeleton.dir/C_/Users/Scott/Dropbox/__PROJECTS__/MusicBoxRTOS/dev/pico-sdk/src/rp2_common/pico_runtime_init/runtime_init.c.obj
                0x1000aac4                __pre_init_runtime_init_post_clock_resets
 .preinit_array.00700
                0x1000aac8        0x4 CMakeFiles/freertos_skeleton.dir/C_/Users/Scott/Dropbox/__PROJECTS__/MusicBoxRTOS/dev/pico-sdk/src/rp2_common/pico_runtime_init/runtime_init.c.obj
                0x1000aac8                __pre_init_runtime_init_rp2040_gpio_ie_disable
 .preinit_array.01000
                0x1000aacc        0x4 CMakeFiles/freertos_skeleton.dir/C_/Users/Scott/Dropbox/__PROJECTS__/MusicBoxRTOS/dev/pico-sdk/src/rp2_common/pico_runtime_init/runtime_init.c.obj
                0x1000aacc                __pre_init_runtime_init_spin_locks_reset
 .preinit_array.01100
                0x1000aad0        0x4 CMakeFiles/freertos_skeleton.dir/C_/Users/Scott/Dropbox/__PROJECTS__/MusicBoxRTOS/dev/pico-sdk/src/common/pico_sync/mutex.c.obj
                0x1000aad0                __pre_init_runtime_init_mutex
 .preinit_array.10080
                0x1000aad4        0x4 CMakeFiles/freertos_skeleton.dir/C_/Users/Scott/Dropbox/__PROJECTS__/MusicBoxRTOS/dev/pico-sdk/src/rp2_common/pico_runtime_init/runtime_init.c.obj
                0x1000aad4                __pre_init_runtime_init_install_ram_vector_table
 .preinit_array.11000
                0x1000aad8        0x4 CMakeFiles/freertos_skeleton.dir/C_/Users/Scott/Dropbox/__PROJECTS__/MusicBoxRTOS/dev/pico-sdk/src/common/pico_time/time.c.obj
                0x1000aad8                __pre_init_runtime_init_default_alarm_pool
 .preinit_array.YYYYY
                0x1000aadc        0x4 CMakeFiles/freertos_skeleton.dir/C_/Users/Scott/Dropbox/__PROJECTS__/MusicBoxRTOS/dev/pico-sdk/src/rp2_common/pico_runtime/runtime.c.obj
                0x1000aadc                __pre_init_first_per_core_initializer
 .preinit_array.ZZZZZ.01200
                0x1000aae0        0x4 CMakeFiles/freertos_skeleton.dir/C_/Users/Scott/Dropbox/__PROJECTS__/MusicBoxRTOS/dev/pico-sdk/src/rp2_common/hardware_irq/irq.c.obj
                0x1000aae0                __pre_init_runtime_init_per_core_irq_priorities
 *(.preinit_array)
                0x1000aae4                        PROVIDE (__preinit_array_end = .)
                0x1000aae4                        . = ALIGN (0x4)
                0x1000aae4                        PROVIDE (__init_array_start = .)
 *(SORT_BY_NAME(.init_array.*))
 .init_array.01000
                0x1000aae4        0x4 CMakeFiles/freertos_skeleton.dir/C_/Users/Scott/Dropbox/__PROJECTS__/MusicBoxRTOS/dev/pico-sdk/src/rp2_common/pico_unique_id/unique_id.c.obj
 *(.init_array)
 .init_array    0x1000aae8        0x4 C:/Program Files (x86)/Arm/GNU Toolchain mingw-w64-i686-arm-none-eabi/bin/../lib/gcc/arm-none-eabi/15.2.1/thumb/v6-m/nofp/crtbegin.o
 .init_array    0x1000aaec        0x4 CMakeFiles/freertos_skeleton.dir/C_/Users/Scott/Dropbox/__PROJECTS__/MusicBoxRTOS/dev/FreeRTOS-Kernel/portable/ThirdParty/GCC/RP2040/port.c.obj
                0x1000aaf0                        PROVIDE (__init_array_end = .)
                0x1000aaf0                        . = ALIGN (0x4)
                [!provide]                        PROVIDE (__fini_array_start = .)
 *(SORT_BY_NAME(.fini_array.*))
 *(.fini_array)
                [!provide]                        PROVIDE (__fini_array_end = .)
 *(.eh_frame*)
 .eh_frame      0x1000aaf0        0x0 C:/Program Files (x86)/Arm/GNU Toolchain mingw-w64-i686-arm-none-eabi/bin/../lib/gcc/arm-none-eabi/15.2.1/thumb/v6-m/nofp/crtbegin.o
                0x1000aaf0                        . = ALIGN (0x4)

.glue_7         0x1000aaf0        0x0
 .glue_7        0x1000aaf0        0x0 linker stubs

.glue_7t        0x1000aaf0        0x0
 .glue_7t       0x1000aaf0        0x0 linker stubs

.vfp11_veneer   0x1000aaf0        0x0
 .vfp11_veneer  0x1000aaf0        0x0 linker stubs

.v4_bx          0x1000aaf0        0x0
 .v4_bx         0x1000aaf0        0x0 linker stubs

.iplt           0x1000aaf0        0x0
 .iplt          0x1000aaf0        0x0 C:/Program Files (x86)/Arm/GNU Toolchain mingw-w64-i686-arm-none-eabi/bin/../lib/gcc/arm-none-eabi/15.2.1/thumb/v6-m/nofp/crtbegin.o

.rodata         0x1000aaf0      0x710
 *(EXCLUDE_FILE(*libm.a: *libc.a:*lib_a-mem*.o *libgcc.a:) .rodata*)
 .rodata.main.str1.4
                0x1000aaf0      0x23c CMakeFiles/freertos_skeleton.dir/src/main.c.obj
                                  0x4 (size before relaxing)
 .rodata.midi_task_fn.str1.4
                0x1000ad2c        0x0 CMakeFiles/freertos_skeleton.dir/src/midi_task.c.obj
                                 0x18 (size before relaxing)
 .rodata.midi_task_create.str1.4
                0x1000ad2c        0x0 CMakeFiles/freertos_skeleton.dir/src/midi_task.c.obj
                                  0x5 (size before relaxing)
 .rodata.ui_task_create.str1.4
                0x1000ad2c        0x0 CMakeFiles/freertos_skeleton.dir/src/ui_task.c.obj
                                  0x3 (size before relaxing)
 .rodata.display_task_fn.str1.4
                0x1000ad2c        0x0 CMakeFiles/freertos_skeleton.dir/src/display_task.c.obj
                                 0x33 (size before relaxing)
 .rodata.display_task_create.str1.4
                0x1000ad2c        0x0 CMakeFiles/freertos_skeleton.dir/src/display_task.c.obj
                                  0x8 (size before relaxing)
 .rodata.panic.str1.4
                0x1000ad2c        0x0 CMakeFiles/freertos_skeleton.dir/C_/Users/Scott/Dropbox/__PROJECTS__/MusicBoxRTOS/dev/pico-sdk/src/rp2_common/pico_platform_panic/panic.c.obj
                                 0x12 (size before relaxing)
 .rodata.panic_unsupported.str1.4
                0x1000ad2c        0x0 CMakeFiles/freertos_skeleton.dir/C_/Users/Scott/Dropbox/__PROJECTS__/MusicBoxRTOS/dev/pico-sdk/src/rp2_common/pico_platform_panic/panic.c.obj
                                  0xe (size before relaxing)
 .rodata.spin_lock_claim.str1.4
                0x1000ad2c        0x0 CMakeFiles/freertos_skeleton.dir/C_/Users/Scott/Dropbox/__PROJECTS__/MusicBoxRTOS/dev/pico-sdk/src/rp2_common/hardware_sync/sync.c.obj
                                 0x1f (size before relaxing)
 .rodata.spin_lock_claim_unused.str1.4
                0x1000ad2c        0x0 CMakeFiles/freertos_skeleton.dir/C_/Users/Scott/Dropbox/__PROJECTS__/MusicBoxRTOS/dev/pico-sdk/src/rp2_common/hardware_sync/sync.c.obj
                                 0x1b (size before relaxing)
 .rodata.user_irq_claim_unused.str1.4
                0x1000ad2c        0x0 CMakeFiles/freertos_skeleton.dir/C_/Users/Scott/Dropbox/__PROJECTS__/MusicBoxRTOS/dev/pico-sdk/src/rp2_common/hardware_irq/irq.c.obj
                                 0x1b (size before relaxing)
 .rodata.timer_hardware_alarm_claim.str1.4
                0x1000ad2c        0x0 CMakeFiles/freertos_skeleton.dir/C_/Users/Scott/Dropbox/__PROJECTS__/MusicBoxRTOS/dev/pico-sdk/src/rp2_common/hardware_timer/timer.c.obj
                                 0x22 (size before relaxing)
 .rodata.hard_assertion_failure.str1.4
                0x1000ad2c        0x0 CMakeFiles/freertos_skeleton.dir/C_/Users/Scott/Dropbox/__PROJECTS__/MusicBoxRTOS/dev/pico-sdk/src/rp2_common/pico_runtime/runtime.c.obj
                                  0xc (size before relaxing)
 .rodata.missing_double_func_shim.str1.4
                0x1000ad2c        0x0 CMakeFiles/freertos_skeleton.dir/C_/Users/Scott/Dropbox/__PROJECTS__/MusicBoxRTOS/dev/pico-sdk/src/rp2_common/pico_double/double_init_rom_rp2040.c.obj
                                 0x18 (size before relaxing)
 .rodata.missing_float_func_shim.str1.4
                0x1000ad2c        0x0 CMakeFiles/freertos_skeleton.dir/C_/Users/Scott/Dropbox/__PROJECTS__/MusicBoxRTOS/dev/pico-sdk/src/rp2_common/pico_float/float_init_rom_rp2040.c.obj