Archive member included to satisfy reference by file (symbol)

C:/Program Files (x86)/Arm/GNU Toolchain mingw-w64-i686-arm-none-eabi/bin/../lib/gcc/arm-none-eabi/15.2.1/thumb/v6-m/nofp\libgcc.a(_dvmd_tls.o)
                              CMakeFiles/freertos_skeleton.dir/C_/Users/Scott/Dropbox/__PROJECTS__/MusicBoxRTOS/dev/pico-sdk/src/rp2_common/pico_divider/divider_hardware.S.obj (__aeabi_idiv0)
C:/Program Files (x86)/Arm/GNU Toolchain mingw-w64-i686-arm-none-eabi/bin/../lib/gcc/arm-none-eabi/15.2.1/../../../../arm-none-eabi/lib/thumb/v6-m/nofp\libg.a(libc_a-calloc.o)
                              CMakeFiles/freertos_skeleton.dir/C_/Users/Scott/Dropbox/__PROJECTS__/MusicBoxRTOS/dev/pico-sdk/src/rp2_common/pico_malloc/malloc.c.obj (calloc)
C:/Program Files (x86)/Arm/GNU Toolchain mingw-w64-i686-arm-none-eabi/bin/../lib/gcc/arm-none-eabi/15.2.1/../../../../arm-none-eabi/lib/thumb/v6-m/nofp\libg.a(libc_a-callocr.o)
                              C:/Program Files (x86)/Arm/GNU Toolchain mingw-w64-i686-arm-none-eabi/bin/../lib/gcc/arm-none-eabi/15.2.1/../../../../arm-none-eabi/lib/thumb/v6-m/nofp\libg.a(libc_a-calloc.o) (_calloc_r)
C:/Program Files (x86)/Arm/GNU Toolchain mingw-w64-i686-arm-none-eabi/bin/../lib/gcc/arm-none-eabi/15.2.1/../../../../arm-none-eabi/lib/thumb/v6-m/nofp\libg.a(libc_a-malloc.o)
                              CMakeFiles/freertos_skeleton.dir/C_/Users/Scott/Dropbox/__PROJECTS__/MusicBoxRTOS/dev/pico-sdk/src/rp2_common/pico_malloc/malloc.c.obj (malloc)
C:/Program Files (x86)/Arm/GNU Toolchain mingw-w64-i686-arm-none-eabi/bin/../lib/gcc/arm-none-eabi/15.2.1/../../../../arm-none-eabi/lib/thumb/v6-m/nofp\libg.a(libc_a-mallocr.o)
                              C:/Program Files (x86)/Arm/GNU Toolchain mingw-w64-i686-arm-none-eabi/bin/../lib/gcc/arm-none-eabi/15.2.1/../../../../arm-none-eabi/lib/thumb/v6-m/nofp\libg.a(libc_a-callocr.o) (_malloc_r)
C:/Program Files (x86)/Arm/GNU Toolchain mingw-w64-i686-arm-none-eabi/bin/../lib/gcc/arm-none-eabi/15.2.1/../../../../arm-none-eabi/lib/thumb/v6-m/nofp\libg.a(libc_a-mlock.o)
                              C:/Program Files (x86)/Arm/GNU Toolchain mingw-w64-i686-arm-none-eabi/bin/../lib/gcc/arm-none-eabi/15.2.1/../../../../arm-none-eabi/lib/thumb/v6-m/nofp\libg.a(libc_a-mallocr.o) (__malloc_lock)
C:/Program Files (x86)/Arm/GNU Toolchain mingw-w64-i686-arm-none-eabi/bin/../lib/gcc/arm-none-eabi/15.2.1/../../../../arm-none-eabi/lib/thumb/v6-m/nofp\libg.a(libc_a-realloc.o)
                              CMakeFiles/freertos_skeleton.dir/C_/Users/Scott/Dropbox/__PROJECTS__/MusicBoxRTOS/dev/pico-sdk/src/rp2_common/pico_malloc/malloc.c.obj (realloc)
C:/Program Files (x86)/Arm/GNU Toolchain mingw-w64-i686-arm-none-eabi/bin/../lib/gcc/arm-none-eabi/15.2.1/../../../../arm-none-eabi/lib/thumb/v6-m/nofp\libg.a(libc_a-reallocr.o)
                              C:/Program Files (x86)/Arm/GNU Toolchain mingw-w64-i686-arm-none-eabi/bin/../lib/gcc/arm-none-eabi/15.2.1/../../../../arm-none-eabi/lib/thumb/v6-m/nofp\libg.a(libc_a-realloc.o) (_realloc_r)
C:/Program Files (x86)/Arm/GNU Toolchain mingw-w64-i686-arm-none-eabi/bin/../lib/gcc/arm-none-eabi/15.2.1/../../../../arm-none-eabi/lib/thumb/v6-m/nofp\libg.a(libc_a-memcmp.o)
                              CMakeFiles/freertos_skeleton.dir/C_/Users/Scott/Dropbox/__PROJECTS__/MusicBoxRTOS/dev/pico-sdk/src/rp2_common/pico_atomic/atomic.c.obj (memcmp)
C:/Program Files (x86)/Arm/GNU Toolchain mingw-w64-i686-arm-none-eabi/bin/../lib/gcc/arm-none-eabi/15.2.1/../../../../arm-none-eabi/lib/thumb/v6-m/nofp\libg.a(libc_a-memmove.o)
                              C:/Program Files (x86)/Arm/GNU Toolchain mingw-w64-i686-arm-none-eabi/bin/../lib/gcc/arm-none-eabi/15.2.1/../../../../arm-none-eabi/lib/thumb/v6-m/nofp\libg.a(libc_a-reallocr.o) (memmove)
C:/Program Files (x86)/Arm/GNU Toolchain mingw-w64-i686-arm-none-eabi/bin/../lib/gcc/arm-none-eabi/15.2.1/../../../../arm-none-eabi/lib/thumb/v6-m/nofp\libg.a(libc_a-strncpy.o)
                              CMakeFiles/freertos_skeleton.dir/src/main.c.obj (strncpy)
C:/Program Files (x86)/Arm/GNU Toolchain mingw-w64-i686-arm-none-eabi/bin/../lib/gcc/arm-none-eabi/15.2.1/../../../../arm-none-eabi/lib/thumb/v6-m/nofp\libg.a(libc_a-lcltime_r.o)
                              CMakeFiles/freertos_skeleton.dir/C_/Users/Scott/Dropbox/__PROJECTS__/MusicBoxRTOS/dev/pico-sdk/src/common/pico_util/datetime.c.obj (localtime_r)
C:/Program Files (x86)/Arm/GNU Toolchain mingw-w64-i686-arm-none-eabi/bin/../lib/gcc/arm-none-eabi/15.2.1/../../../../arm-none-eabi/lib/thumb/v6-m/nofp\libg.a(libc_a-mktime.o)
                              CMakeFiles/freertos_skeleton.dir/C_/Users/Scott/Dropbox/__PROJECTS__/MusicBoxRTOS/dev/pico-sdk/src/common/pico_util/datetime.c.obj (mktime)
C:/Program Files (x86)/Arm/GNU Toolchain mingw-w64-i686-arm-none-eabi/bin/../lib/gcc/arm-none-eabi/15.2.1/../../../../arm-none-eabi/lib/thumb/v6-m/nofp\libg.a(libc_a-month_lengths.o)
[...]
Memory Configuration

Name             Origin             Length             Attributes
FLASH            0x10000000         0x00200000         xr
RAM              0x20000000         0x00040000         xrw
SCRATCH_X        0x20040000         0x00001000         xrw
SCRATCH_Y        0x20041000         0x00001000         xrw
*default*        0x00000000         0xffffffff

Linker script and memory map

LOAD C:/Program Files (x86)/Arm/GNU Toolchain mingw-w64-i686-arm-none-eabi/bin/../lib/gcc/arm-none-eabi/15.2.1/thumb/v6-m/nofp/crti.o
LOAD C:/Program Files (x86)/Arm/GNU Toolchain mingw-w64-i686-arm-none-eabi/bin/../lib/gcc/arm-none-eabi/15.2.1/thumb/v6-m/nofp/crtbegin.o
LOAD C:/Program Files (x86)/Arm/GNU Toolchain mingw-w64-i686-arm-none-eabi/bin/../lib/gcc/arm-none-eabi/15.2.1/../../../../arm-none-eabi/lib/thumb/v6-m/nofp/crt0.o

.flash_begin    0x10000000        0x0
                0x10000000                        __flash_binary_start = .

.boot2          0x10000000      0x100
                0x10000000                        __boot2_start__ = .
 *(.boot2)
 .boot2         0x10000000      0x100 pico-sdk/src/rp2040/boot_stage2/CMakeFiles/bs2_default_library.dir/./bs2_default_padded_checksummed.S.obj
                0x10000100                        __boot2_end__ = .
                0x00000001                        ASSERT (((__boot2_end__ - __boot2_start__) == 0x100), ERROR: Pico second stage bootloader must be 256 bytes in size)

.text           0x10000100     0xc108
                0x10000100                        __logical_binary_start = .
 *(.vectors)
 .vectors       0x10000100       0xd4 CMakeFiles/freertos_skeleton.dir/C_/Users/Scott/Dropbox/__PROJECTS__/MusicBoxRTOS/dev/pico-sdk/src/rp2_common/pico_crt0/crt0.S.obj
                0x10000100                __VECTOR_TABLE
                0x10000100                __vectors
                0x100001c0                isr_irq13
                0x100001c0                isr_irq27
                0x100001c0                isr_irq31
                0x100001c0                isr_irq12
                0x100001c0                isr_irq5
                0x100001c0                isr_irq11
                0x100001c0                isr_irq3
                0x100001c0                isr_irq23
                0x100001c0                __unhandled_user_irq
                0x100001c0                isr_irq26
                0x100001c0                isr_irq28
                0x100001c0                isr_irq19
                0x100001c0                isr_irq0
                0x100001c0                isr_irq6
                0x100001c0                isr_irq29
                0x100001c0                isr_irq16
                0x100001c0                isr_irq22
                0x100001c0                isr_irq18
                0x100001c0                isr_irq17
                0x100001c0                isr_irq14
                0x100001c0                __vectors_end
                0x100001c0                __default_isrs_start
                0x100001c0                isr_irq2
                0x100001c0                isr_irq10
                0x100001c0                isr_irq8
                0x100001c0                isr_irq24
                0x100001c0                isr_irq1
                0x100001c0                isr_irq7
                0x100001c0                isr_irq21
                0x100001c0                isr_irq20
                0x100001c0                isr_irq15
                0x100001c0                isr_irq25
                0x100001c0                isr_irq4
                0x100001c0                isr_irq30
                0x100001c0                isr_irq9
                0x100001c6                unhandled_user_irq_num_in_r0
                0x100001c8                isr_invalid
                0x100001ca                isr_nmi
                0x100001cc                isr_hardfault
                0x100001ce                isr_svcall
                0x100001d0                isr_pendsv
                0x100001d2                isr_systick
                0x100001d4                __default_isrs_end
 *(.binary_info_header)
 .binary_info_header
                0x100001d4       0x14 CMakeFiles/freertos_skeleton.dir/C_/Users/Scott/Dropbox/__PROJECTS__/MusicBoxRTOS/dev/pico-sdk/src/rp2_common/pico_crt0/crt0.S.obj
                0x100001e8                        __binary_info_header_end = .
 *(.embedded_block)
                0x100001e8                        __embedded_block_end = .
 *(.reset)
 .reset         0x100001e8       0x9c CMakeFiles/freertos_skeleton.dir/C_/Users/Scott/Dropbox/__PROJECTS__/MusicBoxRTOS/dev/pico-sdk/src/rp2_common/pico_crt0/crt0.S.obj
                0x100001e8                _entry_point
 *(.init)
 .init          0x10000284        0x4 C:/Program Files (x86)/Arm/GNU Toolchain mingw-w64-i686-arm-none-eabi/bin/../lib/gcc/arm-none-eabi/15.2.1/thumb/v6-m/nofp/crti.o
                0x10000284                _init
 *(EXCLUDE_FILE(*libm.a: *libc.a:*lib_a-mem*.o *libgcc.a:) .text*)
 .text.register_tm_clones
                0x10000288       0x28 C:/Program Files (x86)/Arm/GNU Toolchain mingw-w64-i686-arm-none-eabi/bin/../lib/gcc/arm-none-eabi/15.2.1/thumb/v6-m/nofp/crtbegin.o
 .text.frame_dummy
                0x100002b0       0x24 C:/Program Files (x86)/Arm/GNU Toolchain mingw-w64-i686-arm-none-eabi/bin/../lib/gcc/arm-none-eabi/15.2.1/thumb/v6-m/nofp/crtbegin.o
 .text.startup_task_fn
                0x100002d4       0x90 CMakeFiles/freertos_skeleton.dir/src/main.c.obj
 .text.startup.main
                0x10000364      0x11c CMakeFiles/freertos_skeleton.dir/src/main.c.obj
                0x10000364                main
 .text.gpio_led_set
                0x10000480       0x14 CMakeFiles/freertos_skeleton.dir/src/gpio_led.c.obj
                0x10000480                gpio_led_set
 .text.gpio_led_init
                0x10000494       0x38 CMakeFiles/freertos_skeleton.dir/src/gpio_led.c.obj
                0x10000494                gpio_led_init
 .text.midi_task_fn
                0x100004cc      0x4e8 CMakeFiles/freertos_skeleton.dir/src/midi_task.c.obj
 .text.midi_task_create
                0x100009b4       0x2c CMakeFiles/freertos_skeleton.dir/src/midi_task.c.obj
                0x100009b4                midi_task_create
 .text.menu_render.part.0
                0x100009e0      0x2f0 CMakeFiles/freertos_skeleton.dir/src/menu.c.obj
 .text.menu_init
                0x10000cd0       0x40 CMakeFiles/freertos_skeleton.dir/src/menu.c.obj
                0x10000cd0                menu_init
 .text.menu_process_event
                0x10000d10      0x3a4 CMakeFiles/freertos_skeleton.dir/src/menu.c.obj
                0x10000d10                menu_process_event
 .text.menu_render
                0x100010b4        0xc CMakeFiles/freertos_skeleton.dir/src/menu.c.obj
                0x100010b4                menu_render
 .text.ui_task_fn
                0x100010c0      0x394 CMakeFiles/freertos_skeleton.dir/src/ui_task.c.obj
 .text.ui_task_create
                0x10001454       0x28 CMakeFiles/freertos_skeleton.dir/src/ui_task.c.obj
                0x10001454                ui_task_create
 .text.display_task_fn
                0x1000147c      0x330 CMakeFiles/freertos_skeleton.dir/src/display_task.c.obj
 .text.display_task_create
                0x100017ac       0x28 CMakeFiles/freertos_skeleton.dir/src/display_task.c.obj
                0x100017ac                display_task_create
 .text.pot_task_fn
                0x100017d4      0x358 CMakeFiles/freertos_skeleton.dir/src/pot_task.c.obj
 .text.pot_task_create
                0x10001b2c       0x28 CMakeFiles/freertos_skeleton.dir/src/pot_task.c.obj
                0x10001b2c                pot_task_create
 .text.tud_descriptor_device_cb
                0x10001b54        0x8 CMakeFiles/freertos_skeleton.dir/src/usb_descriptors.c.obj
                0x10001b54                tud_descriptor_device_cb
 .text.tud_descriptor_configuration_cb
                0x10001b5c        0x8 CMakeFiles/freertos_skeleton.dir/src/usb_descriptors.c.obj
                0x10001b5c                tud_descriptor_configuration_cb
 .text.tud_descriptor_string_cb
                0x10001b64      0x13c CMakeFiles/freertos_skeleton.dir/src/usb_descriptors.c.obj
                0x10001b64                tud_descriptor_string_cb
 .text.usb_task_fn
                0x10001ca0       0x1c CMakeFiles/freertos_skeleton.dir/src/usb_task.c.obj
 .text.usb_task_create
                0x10001cbc       0x28 CMakeFiles/freertos_skeleton.dir/src/usb_task.c.obj
                0x10001cbc                usb_task_create
 .text.pcd8544_init
                0x10001ce4      0x308 CMakeFiles/freertos_skeleton.dir/src/pcd8544.c.obj
                0x10001ce4                pcd8544_init
 .text.pcd8544_set_contrast
                0x10001fec      0x16c CMakeFiles/freertos_skeleton.dir/src/pcd8544.c.obj
                0x10001fec                pcd8544_set_contrast
 .text.pcd8544_clear
                0x10002158       0x28 CMakeFiles/freertos_skeleton.dir/src/pcd8544.c.obj
                0x10002158                pcd8544_clear
 .text.pcd8544_display
                0x10002180      0x198 CMakeFiles/freertos_skeleton.dir/src/pcd8544.c.obj
                0x10002180                pcd8544_display
 .text.pcd8544_set_cursor
                0x10002318       0x14 CMakeFiles/freertos_skeleton.dir/src/pcd8544.c.obj
                0x10002318                pcd8544_set_cursor
 .text.pcd8544_print
                0x1000232c      0x2a0 CMakeFiles/freertos_skeleton.dir/src/pcd8544.c.obj
                0x1000232c                pcd8544_print
 .text.pcd8544_invert_row
                0x100025cc       0x20 CMakeFiles/freertos_skeleton.dir/src/pcd8544.c.obj
                0x100025cc                pcd8544_invert_row
 .text.gpio_set_function
                0x100025ec       0x30 CMakeFiles/freertos_skeleton.dir/C_/Users/Scott/Dropbox/__PROJECTS__/MusicBoxRTOS/dev/pico-sdk/src/rp2_common/hardware_gpio/gpio.c.obj
                0x100025ec                gpio_set_function
 .text.gpio_set_pulls
                0x1000261c       0x24 CMakeFiles/freertos_skeleton.dir/C_/Users/Scott/Dropbox/__PROJECTS__/MusicBoxRTOS/dev/pico-sdk/src/rp2_common/hardware_gpio/gpio.c.obj
                0x1000261c                gpio_set_pulls
 .text.gpio_set_input_enabled
                0x10002640       0x24 CMakeFiles/freertos_skeleton.dir/C_/Users/Scott/Dropbox/__PROJECTS__/MusicBoxRTOS/dev/pico-sdk/src/rp2_common/hardware_gpio/gpio.c.obj
                0x10002640                gpio_set_input_enabled
 .text.gpio_init
                0x10002664       0x3c CMakeFiles/freertos_skeleton.dir/C_/Users/Scott/Dropbox/__PROJECTS__/MusicBoxRTOS/dev/pico-sdk/src/rp2_common/hardware_gpio/gpio.c.obj
                0x10002664                gpio_init
 .text.rp2040_chip_version
                0x100026a0        0xc CMakeFiles/freertos_skeleton.dir/C_/Users/Scott/Dropbox/__PROJECTS__/MusicBoxRTOS/dev/pico-sdk/src/rp2040/pico_platform/platform.c.obj
                0x100026a0                rp2040_chip_version
 .text.panic    0x100026ac       0x30 CMakeFiles/freertos_skeleton.dir/C_/Users/Scott/Dropbox/__PROJECTS__/MusicBoxRTOS/dev/pico-sdk/src/rp2_common/pico_platform_panic/panic.c.obj
                0x100026ac                panic
 .text.panic_unsupported
                0x100026dc        0xc CMakeFiles/freertos_skeleton.dir/C_/Users/Scott/Dropbox/__PROJECTS__/MusicBoxRTOS/dev/pico-sdk/src/rp2_common/pico_platform_panic/panic.c.obj
                0x100026dc                panic_unsupported
 .text.hw_claim_or_assert
                0x100026e8       0x50 CMakeFiles/freertos_skeleton.dir/C_/Users/Scott/Dropbox/__PROJECTS__/MusicBoxRTOS/dev/pico-sdk/src/common/hardware_claim/claim.c.obj
                0x100026e8                hw_claim_or_assert
 .text.hw_claim_unused_from_range
                0x10002738       0x88 CMakeFiles/freertos_skeleton.dir/C_/Users/Scott/Dropbox/__PROJECTS__/MusicBoxRTOS/dev/pico-sdk/src/common/hardware_claim/claim.c.obj
                0x10002738                hw_claim_unused_from_range
 .text.next_striped_spin_lock_num
                0x100027c0       0x18 CMakeFiles/freertos_skeleton.dir/C_/Users/Scott/Dropbox/__PROJECTS__/MusicBoxRTOS/dev/pico-sdk/src/rp2_common/hardware_sync/sync.c.obj
                0x100027c0                next_striped_spin_lock_num
 .text.spin_lock_claim
                0x100027d8       0x18 CMakeFiles/freertos_skeleton.dir/C_/Users/Scott/Dropbox/__PROJECTS__/MusicBoxRTOS/dev/pico-sdk/src/rp2_common/hardware_sync/sync.c.obj
                0x100027d8                spin_lock_claim
 .text.spin_lock_claim_unused
                0x100027f0       0x20 CMakeFiles/freertos_skeleton.dir/C_/Users/Scott/Dropbox/__PROJECTS__/MusicBoxRTOS/dev/pico-sdk/src/rp2_common/hardware_sync/sync.c.obj
                0x100027f0                spin_lock_claim_unused
 .text.spin_locks_reset
                0x10002810       0x1c CMakeFiles/freertos_skeleton.dir/C_/Users/Scott/Dropbox/__PROJECTS__/MusicBoxRTOS/dev/pico-sdk/src/rp2_common/hardware_sync_spin_lock/sync_spin_lock.c.obj
                0x10002810                spin_locks_reset
 .text.runtime_init_per_core_irq_priorities
                0x1000282c       0x48 CMakeFiles/freertos_skeleton.dir/C_/Users/Scott/Dropbox/__PROJECTS__/MusicBoxRTOS/dev/pico-sdk/src/rp2_common/hardware_irq/irq.c.obj
                0x1000282c                runtime_init_per_core_irq_priorities
 .text.irq_set_enabled
                0x10002874       0x24 CMakeFiles/freertos_skeleton.dir/C_/Users/Scott/Dropbox/__PROJECTS__/MusicBoxRTOS/dev/pico-sdk/src/rp2_common/hardware_irq/irq.c.obj
                0x10002874                irq_set_enabled
 .text.irq_is_enabled
                0x10002898       0x18 CMakeFiles/freertos_skeleton.dir/C_/Users/Scott/Dropbox/__PROJECTS__/MusicBoxRTOS/dev/pico-sdk/src/rp2_common/hardware_irq/irq.c.obj
                0x10002898                irq_is_enabled
 .text.irq_set_exclusive_handler
                0x100028b0       0x54 CMakeFiles/freertos_skeleton.dir/C_/Users/Scott/Dropbox/__PROJECTS__/MusicBoxRTOS/dev/pico-sdk/src/rp2_common/hardware_irq/irq.c.obj
                0x100028b0                irq_set_exclusive_handler
 .text.irq_add_shared_handler
                0x10002904      0x1cc CMakeFiles/freertos_skeleton.dir/C_/Users/Scott/Dropbox/__PROJECTS__/MusicBoxRTOS/dev/pico-sdk/src/rp2_common/hardware_irq/irq.c.obj
                0x10002904                irq_add_shared_handler
 .text.irq_remove_handler
                0x10002ad0      0x1c8 CMakeFiles/freertos_skeleton.dir/C_/Users/Scott/Dropbox/__PROJECTS__/MusicBoxRTOS/dev/pico-sdk/src/rp2_common/hardware_irq/irq.c.obj
                0x10002ad0                irq_remove_handler
 .text.irq_set_priority
                0x10002c98       0x28 CMakeFiles/freertos_skeleton.dir/C_/Users/Scott/Dropbox/__PROJECTS__/MusicBoxRTOS/dev/pico-sdk/src/rp2_common/hardware_irq/irq.c.obj
                0x10002c98                irq_set_priority
 .text.irq_add_tail_to_free_list
                0x10002cc0       0xb4 CMakeFiles/freertos_skeleton.dir/C_/Users/Scott/Dropbox/__PROJECTS__/MusicBoxRTOS/dev/pico-sdk/src/rp2_common/hardware_irq/irq.c.obj
                0x10002cc0                irq_add_tail_to_free_list
 .text.lock_init
                0x10002d74       0x10 CMakeFiles/freertos_skeleton.dir/C_/Users/Scott/Dropbox/__PROJECTS__/MusicBoxRTOS/dev/pico-sdk/src/common/pico_sync/lock_core.c.obj
                0x10002d74                lock_init
 .text.runtime_init_mutex
                0x10002d84       0x54 CMakeFiles/freertos_skeleton.dir/C_/Users/Scott/Dropbox/__PROJECTS__/MusicBoxRTOS/dev/pico-sdk/src/common/pico_sync/mutex.c.obj
                0x10002d84                runtime_init_mutex
 .text.mutex_init
                0x10002dd8       0x1c CMakeFiles/freertos_skeleton.dir/C_/Users/Scott/Dropbox/__PROJECTS__/MusicBoxRTOS/dev/pico-sdk/src/common/pico_sync/mutex.c.obj
                0x10002dd8                mutex_init
 .text.critical_section_init
                0x10002df4       0x1c CMakeFiles/freertos_skeleton.dir/C_/Users/Scott/Dropbox/__PROJECTS__/MusicBoxRTOS/dev/pico-sdk/src/common/pico_sync/critical_section.c.obj
                0x10002df4                critical_section_init
 .text.alarm_pool_irq_handler
                0x10002e10      0x2f4 CMakeFiles/freertos_skeleton.dir/C_/Users/Scott/Dropbox/__PROJECTS__/MusicBoxRTOS/dev/pico-sdk/src/common/pico_time/time.c.obj
 .text.sleep_until_callback
                0x10003104       0x24 CMakeFiles/freertos_skeleton.dir/C_/Users/Scott/Dropbox/__PROJECTS__/MusicBoxRTOS/dev/pico-sdk/src/common/pico_time/time.c.obj
 .text.runtime_init_default_alarm_pool
                0x10003128       0xd8 CMakeFiles/freertos_skeleton.dir/C_/Users/Scott/Dropbox/__PROJECTS__/MusicBoxRTOS/dev/pico-sdk/src/common/pico_time/time.c.obj
                0x10003128                runtime_init_default_alarm_pool
 .text.alarm_pool_add_alarm_at_force_in_context
                0x10003200       0xbc CMakeFiles/freertos_skeleton.dir/C_/Users/Scott/Dropbox/__PROJECTS__/MusicBoxRTOS/dev/pico-sdk/src/common/pico_time/time.c.obj
                0x10003200                alarm_pool_add_alarm_at_force_in_context
 .text.alarm_pool_cancel_alarm
                0x100032bc       0x74 CMakeFiles/freertos_skeleton.dir/C_/Users/Scott/Dropbox/__PROJECTS__/MusicBoxRTOS/dev/pico-sdk/src/common/pico_time/time.c.obj
                0x100032bc                alarm_pool_cancel_alarm
 .text.best_effort_wfe_or_timeout
                0x10003330      0x100 CMakeFiles/freertos_skeleton.dir/C_/Users/Scott/Dropbox/__PROJECTS__/MusicBoxRTOS/dev/pico-sdk/src/common/pico_time/time.c.obj
                0x10003330                best_effort_wfe_or_timeout
 .text.timer_hardware_alarm_claim
                0x10003430       0x14 CMakeFiles/freertos_skeleton.dir/C_/Users/Scott/Dropbox/__PROJECTS__/MusicBoxRTOS/dev/pico-sdk/src/rp2_common/hardware_timer/timer.c.obj
                0x10003430                timer_hardware_alarm_claim
 .text.timer_time_us_64
                0x10003444       0x10 CMakeFiles/freertos_skeleton.dir/C_/Users/Scott/Dropbox/__PROJECTS__/MusicBoxRTOS/dev/pico-sdk/src/rp2_common/hardware_timer/timer.c.obj
                0x10003444                timer_time_us_64
 .text.time_us_64
                0x10003454       0x14 CMakeFiles/freertos_skeleton.dir/C_/Users/Scott/Dropbox/__PROJECTS__/MusicBoxRTOS/dev/pico-sdk/src/rp2_common/hardware_timer/timer.c.obj
                0x10003454                time_us_64
 .text.busy_wait_us
                0x10003468       0x6c CMakeFiles/freertos_skeleton.dir/C_/Users/Scott/Dropbox/__PROJECTS__/MusicBoxRTOS/dev/pico-sdk/src/rp2_common/hardware_timer/timer.c.obj
                0x10003468                busy_wait_us
 .text.busy_wait_ms
                0x100034d4       0xa0 CMakeFiles/freertos_skeleton.dir/C_/Users/Scott/Dropbox/__PROJECTS__/MusicBoxRTOS/dev/pico-sdk/src/rp2_common/hardware_timer/timer.c.obj
                0x100034d4                busy_wait_ms
 .text.uart_init
                0x10003574      0x11c CMakeFiles/freertos_skeleton.dir/C_/Users/Scott/Dropbox/__PROJECTS__/MusicBoxRTOS/dev/pico-sdk/src/rp2_common/hardware_uart/uart.c.obj
                0x10003574                uart_init
 .text.clock_configure_int_divider
                0x10003690       0xec CMakeFiles/freertos_skeleton.dir/C_/Users/Scott/Dropbox/__PROJECTS__/MusicBoxRTOS/dev/pico-sdk/src/rp2_common/hardware_clocks/clocks.c.obj
                0x10003690                clock_configure_int_divider
 .text.clock_configure_undivided
                0x1000377c       0xe0 CMakeFiles/freertos_skeleton.dir/C_/Users/Scott/Dropbox/__PROJECTS__/MusicBoxRTOS/dev/pico-sdk/src/rp2_common/hardware_clocks/clocks.c.obj
                0x1000377c                clock_configure_undivided
 .text.clock_get_hz
                0x1000385c        0xc CMakeFiles/freertos_skeleton.dir/C_/Users/Scott/Dropbox/__PROJECTS__/MusicBoxRTOS/dev/pico-sdk/src/rp2_common/hardware_clocks/clocks.c.obj
                0x1000385c                clock_get_hz
 .text.pll_init
                0x10003868       0xb0 CMakeFiles/freertos_skeleton.dir/C_/Users/Scott/Dropbox/__PROJECTS__/MusicBoxRTOS/dev/pico-sdk/src/rp2_common/hardware_pll/pll.c.obj
                0x10003868                pll_init
 .text.tick_start
                0x10003918       0x10 CMakeFiles/freertos_skeleton.dir/C_/Users/Scott/Dropbox/__PROJECTS__/MusicBoxRTOS/dev/pico-sdk/src/rp2_common/hardware_ticks/ticks.c.obj
                0x10003918                tick_start
 .text.rom_func_lookup
                0x10003928       0x10 CMakeFiles/freertos_skeleton.dir/C_/Users/Scott/Dropbox/__PROJECTS__/MusicBoxRTOS/dev/pico-sdk/src/rp2_common/pico_bootrom/bootrom.c.obj
                0x10003928                rom_func_lookup
 .text.rom_data_lookup
                0x10003938       0x10 CMakeFiles/freertos_skeleton.dir/C_/Users/Scott/Dropbox/__PROJECTS__/MusicBoxRTOS/dev/pico-sdk/src/rp2_common/pico_bootrom/bootrom.c.obj
                0x10003938                rom_data_lookup
 .text.rom_funcs_lookup
                0x10003948       0x44 CMakeFiles/freertos_skeleton.dir/C_/Users/Scott/Dropbox/__PROJECTS__/MusicBoxRTOS/dev/pico-sdk/src/rp2_common/pico_bootrom/bootrom.c.obj
                0x10003948                rom_funcs_lookup
 .text.xosc_init
                0x1000398c       0x28 CMakeFiles/freertos_skeleton.dir/C_/Users/Scott/Dropbox/__PROJECTS__/MusicBoxRTOS/dev/pico-sdk/src/rp2_common/hardware_xosc/xosc.c.obj
                0x1000398c                xosc_init
 .text.first_per_core_initializer
                0x100039b4        0x4 CMakeFiles/freertos_skeleton.dir/C_/Users/Scott/Dropbox/__PROJECTS__/MusicBoxRTOS/dev/pico-sdk/src/rp2_common/pico_runtime/runtime.c.obj
 .text.hard_assertion_failure
                0x100039b8        0xc CMakeFiles/freertos_skeleton.dir/C_/Users/Scott/Dropbox/__PROJECTS__/MusicBoxRTOS/dev/pico-sdk/src/rp2_common/pico_runtime/runtime.c.obj
                0x100039b8                hard_assertion_failure
 .text.runtime_run_initializers
                0x100039c4       0x28 CMakeFiles/freertos_skeleton.dir/C_/Users/Scott/Dropbox/__PROJECTS__/MusicBoxRTOS/dev/pico-sdk/src/rp2_common/pico_runtime/runtime.c.obj
                0x100039c4                runtime_run_initializers
 .text.runtime_run_per_core_initializers
                0x100039ec       0x28 CMakeFiles/freertos_skeleton.dir/C_/Users/Scott/Dropbox/__PROJECTS__/MusicBoxRTOS/dev/pico-sdk/src/rp2_common/pico_runtime/runtime.c.obj
                0x100039ec                runtime_run_per_core_initializers
 .text.runtime_init_early_resets
                0x10003a14       0x2c CMakeFiles/freertos_skeleton.dir/C_/Users/Scott/Dropbox/__PROJECTS__/MusicBoxRTOS/dev/pico-sdk/src/rp2_common/pico_runtime_init/runtime_init.c.obj
                0x10003a14                runtime_init_early_resets
 .text.runtime_init_usb_power_down
                0x10003a40       0x1c CMakeFiles/freertos_skeleton.dir/C_/Users/Scott/Dropbox/__PROJECTS__/MusicBoxRTOS/dev/pico-sdk/src/rp2_common/pico_runtime_init/runtime_init.c.obj
                0x10003a40                runtime_init_usb_power_down
 .text.runtime_init_post_clock_resets
                0x10003a5c       0x20 CMakeFiles/freertos_skeleton.dir/C_/Users/Scott/Dropbox/__PROJECTS__/MusicBoxRTOS/dev/pico-sdk/src/rp2_common/pico_runtime_init/runtime_init.c.obj
                0x10003a5c                runtime_init_post_clock_resets
 .text.runtime_init_rp2040_gpio_ie_disable
                0x10003a7c       0x14 CMakeFiles/freertos_skeleton.dir/C_/Users/Scott/Dropbox/__PROJECTS__/MusicBoxRTOS/dev/pico-sdk/src/rp2_common/pico_runtime_init/runtime_init.c.obj
                0x10003a7c                runtime_init_rp2040_gpio_ie_disable
 .text.runtime_init_spin_locks_reset
                0x10003a90        0x8 CMakeFiles/freertos_skeleton.dir/C_/Users/Scott/Dropbox/__PROJECTS__/MusicBoxRTOS/dev/pico-sdk/src/rp2_common/pico_runtime_init/runtime_init.c.obj
                0x10003a90                runtime_init_spin_locks_reset
 .text.runtime_init_install_ram_vector_table
                0x10003a98       0xb8 CMakeFiles/freertos_skeleton.dir/C_/Users/Scott/Dropbox/__PROJECTS__/MusicBoxRTOS/dev/pico-sdk/src/rp2_common/pico_runtime_init/runtime_init.c.obj
                0x10003a98                runtime_init_install_ram_vector_table
 .text.runtime_init_clocks
                0x10003b50       0xd8 CMakeFiles/freertos_skeleton.dir/C_/Users/Scott/Dropbox/__PROJECTS__/MusicBoxRTOS/dev/pico-sdk/src/rp2_common/pico_runtime_init/runtime_init_clocks.c.obj
                0x10003b50                runtime_init_clocks
 .text          0x10003c28       0x10 CMakeFiles/freertos_skeleton.dir/C_/Users/Scott/Dropbox/__PROJECTS__/MusicBoxRTOS/dev/pico-sdk/src/rp2_common/pico_bit_ops/bit_ops_aeabi.S.obj
 .text.__wrap___aeabi_idiv
                0x10003c38       0x50 CMakeFiles/freertos_skeleton.dir/C_/Users/Scott/Dropbox/__PROJECTS__/MusicBoxRTOS/dev/pico-sdk/src/rp2_common/pico_divider/divider_hardware.S.obj
                0x10003c38                __wrap___aeabi_idivmod
                0x10003c38                divmod_s32s32
                0x10003c38                div_s32s32
                0x10003c38                __wrap___aeabi_idiv
                0x10003c40                divmod_s32s32_unsafe
                0x10003c6c                divmod_s32s32_savestate
 .text.__wrap___aeabi_uidiv
                0x10003c88       0x4c CMakeFiles/freertos_skeleton.dir/C_/Users/Scott/Dropbox/__PROJECTS__/MusicBoxRTOS/dev/pico-sdk/src/rp2_common/pico_divider/divider_hardware.S.obj
                0x10003c88                __wrap___aeabi_uidiv
                0x10003c88                __wrap___aeabi_uidivmod
                0x10003c88                div_u32u32
                0x10003c88                divmod_u32u32
                0x10003c90                divmod_u32u32_unsafe
                0x10003cb8                divmod_u32u32_savestate
 .text.__wrap___aeabi_ldiv
                0x10003cd4      0x424 CMakeFiles/freertos_skeleton.dir/C_/Users/Scott/Dropbox/__PROJECTS__/MusicBoxRTOS/dev/pico-sdk/src/rp2_common/pico_divider/divider_hardware.S.obj
                0x10003cd4                div_s64s64
                0x10003cd4                divmod_s64s64
                0x10003cd4                __wrap___aeabi_ldivmod
                0x10003d04                divmod_u64u64
                0x10003d04                div_u64u64
                0x10003d04                __wrap___aeabi_uldivmod
                0x10003d14                divmod_u64u64_savestate
                0x10003d34                divmod_s64s64_unsafe
                0x10003dbc                divmod_u64u64_unsafe
 .text.__wrap___aeabi_darithmetic
                0x100040f8       0x60 CMakeFiles/freertos_skeleton.dir/C_/Users/Scott/Dropbox/__PROJECTS__/MusicBoxRTOS/dev/pico-sdk/src/rp2_common/pico_double/double_aeabi_rp2040.S.obj
                0x100040f8                __wrap___aeabi_drsub
                0x100040fe                __wrap___aeabi_dsub
                0x10004108                __wrap___aeabi_dadd
                0x10004112                __wrap___aeabi_ddiv
                0x10004146                __wrap___aeabi_dmul
 .text.__wrap___aeabi_cdcmple
                0x10004158       0x6c CMakeFiles/freertos_skeleton.dir/C_/Users/Scott/Dropbox/__PROJECTS__/MusicBoxRTOS/dev/pico-sdk/src/rp2_common/pico_double/double_aeabi_rp2040.S.obj
                0x10004158                __wrap___aeabi_cdrcmple
                0x10004168                __wrap___aeabi_cdcmpeq
                0x10004168                __wrap___aeabi_cdcmple
 .text.__wrap___aeabi_dcmplt
                0x100041c4        0xc CMakeFiles/freertos_skeleton.dir/C_/Users/Scott/Dropbox/__PROJECTS__/MusicBoxRTOS/dev/pico-sdk/src/rp2_common/pico_double/double_aeabi_rp2040.S.obj
                0x100041c4                __wrap___aeabi_dcmplt
 .text.__wrap___aeabi_dcmple
                0x100041d0       0x10 CMakeFiles/freertos_skeleton.dir/C_/Users/Scott/Dropbox/__PROJECTS__/MusicBoxRTOS/dev/pico-sdk/src/rp2_common/pico_double/double_aeabi_rp2040.S.obj
                0x100041d0                __wrap___aeabi_dcmple
 .text.__wrap___aeabi_dcmpge
                0x100041e0       0x10 CMakeFiles/freertos_skeleton.dir/C_/Users/Scott/Dropbox/__PROJECTS__/MusicBoxRTOS/dev/pico-sdk/src/rp2_common/pico_double/double_aeabi_rp2040.S.obj
                0x100041e0                __wrap___aeabi_dcmpge
 .text.__wrap___aeabi_dcmpgt
                0x100041f0        0xa CMakeFiles/freertos_skeleton.dir/C_/Users/Scott/Dropbox/__PROJECTS__/MusicBoxRTOS/dev/pico-sdk/src/rp2_common/pico_double/double_aeabi_rp2040.S.obj
                0x100041f0                __wrap___aeabi_dcmpgt
 .text.__wrap___aeabi_dcmpun
                0x100041fa       0x18 CMakeFiles/freertos_skeleton.dir/C_/Users/Scott/Dropbox/__PROJECTS__/MusicBoxRTOS/dev/pico-sdk/src/rp2_common/pico_double/double_aeabi_rp2040.S.obj
                0x100041fa                __wrap___aeabi_dcmpun
 *fill*         0x10004212        0x2 
 .text.__wrap___aeabi_i2d
                0x10004214       0x38 CMakeFiles/freertos_skeleton.dir/C_/Users/Scott/Dropbox/__PROJECTS__/MusicBoxRTOS/dev/pico-sdk/src/rp2_common/pico_double/double_aeabi_rp2040.S.obj
                0x10004214                uint2double
                0x10004214                __wrap___aeabi_ui2d
                0x1000421c                int2double
                0x1000421c                __wrap___aeabi_i2d
 .text.__wrap___aeabi_d2iz
                0x1000424c       0x48 CMakeFiles/freertos_skeleton.dir/C_/Users/Scott/Dropbox/__PROJECTS__/MusicBoxRTOS/dev/pico-sdk/src/rp2_common/pico_double/double_aeabi_rp2040.S.obj
                0x1000424c                double2int_z
                0x1000424c                __wrap___aeabi_d2iz
 .text.__wrap___aeabi_d2uiz
                0x10004294       0x10 CMakeFiles/freertos_skeleton.dir/C_/Users/Scott/Dropbox/__PROJECTS__/MusicBoxRTOS/dev/pico-sdk/src/rp2_common/pico_double/double_aeabi_rp2040.S.obj
                0x10004294                double2uint
                0x10004294                __wrap___aeabi_d2uiz
                0x10004294                double2uint_z
 .text.missing_double_func_shim
                0x100042a4        0xc CMakeFiles/freertos_skeleton.dir/C_/Users/Scott/Dropbox/__PROJECTS__/MusicBoxRTOS/dev/pico-sdk/src/rp2_common/pico_double/double_init_rom_rp2040.c.obj
 .text.__aeabi_double_init
                0x100042b0       0xa0 CMakeFiles/freertos_skeleton.dir/C_/Users/Scott/Dropbox/__PROJECTS__/MusicBoxRTOS/dev/pico-sdk/src/rp2_common/pico_double/double_init_rom_rp2040.c.obj
                0x100042b0                __aeabi_double_init
 .text.double_table_shim_on_use_helper
                0x10004350       0x2c CMakeFiles/freertos_skeleton.dir/C_/Users/Scott/Dropbox/__PROJECTS__/MusicBoxRTOS/dev/pico-sdk/src/rp2_common/pico_double/double_v1_rom_shim_rp2040.S.obj
                0x10004350                double_table_shim_on_use_helper
 .text.__aeabi_lmul
                0x1000437c       0x32 CMakeFiles/freertos_skeleton.dir/C_/Users/Scott/Dropbox/__PROJECTS__/MusicBoxRTOS/dev/pico-sdk/src/rp2_common/pico_int64_ops/pico_int64_ops_aeabi.S.obj
                0x1000437c                __wrap___aeabi_lmul
 *fill*         0x100043ae        0x2 
 .text.missing_float_func_shim
                0x100043b0        0xc CMakeFiles/freertos_skeleton.dir/C_/Users/Scott/Dropbox/__PROJECTS__/MusicBoxRTOS/dev/pico-sdk/src/rp2_common/pico_float/float_init_rom_rp2040.c.obj
 .text.__aeabi_float_init
                0x100043bc       0x60 CMakeFiles/freertos_skeleton.dir/C_/Users/Scott/Dropbox/__PROJECTS__/MusicBoxRTOS/dev/pico-sdk/src/rp2_common/pico_float/float_init_rom_rp2040.c.obj
                0x100043bc                __aeabi_float_init
 .text          0x1000441c       0x10 CMakeFiles/freertos_skeleton.dir/C_/Users/Scott/Dropbox/__PROJECTS__/MusicBoxRTOS/dev/pico-sdk/src/rp2_common/pico_mem_ops/mem_ops_aeabi.S.obj
                0x1000441c                __aeabi_mem_init
 .text.memset   0x1000442c        0xc CMakeFiles/freertos_skeleton.dir/C_/Users/Scott/Dropbox/__PROJECTS__/MusicBoxRTOS/dev/pico-sdk/src/rp2_common/pico_mem_ops/mem_ops_aeabi.S.obj
                0x1000442c                __wrap_memset
 .text.memcpy   0x10004438        0xc CMakeFiles/freertos_skeleton.dir/C_/Users/Scott/Dropbox/__PROJECTS__/MusicBoxRTOS/dev/pico-sdk/src/rp2_common/pico_mem_ops/mem_ops_aeabi.S.obj
                0x10004438                __wrap_memcpy
                0x10004438                __wrap___aeabi_memcpy
 .text._out_buffer
                0x10004444        0x8 CMakeFiles/freertos_skeleton.dir/C_/Users/Scott/Dropbox/__PROJECTS__/MusicBoxRTOS/dev/pico-sdk/src/rp2_common/pico_printf/printf.c.obj
 .text._out_null
                0x1000444c        0x4 CMakeFiles/freertos_skeleton.dir/C_/Users/Scott/Dropbox/__PROJECTS__/MusicBoxRTOS/dev/pico-sdk/src/rp2_common/pico_printf/printf.c.obj
 .text._out_rev
                0x10004450       0xa8 CMakeFiles/freertos_skeleton.dir/C_/Users/Scott/Dropbox/__PROJECTS__/MusicBoxRTOS/dev/pico-sdk/src/rp2_common/pico_printf/printf.c.obj
 .text._ntoa_format
                0x100044f8      0x1d8 CMakeFiles/freertos_skeleton.dir/C_/Users/Scott/Dropbox/__PROJECTS__/MusicBoxRTOS/dev/pico-sdk/src/rp2_common/pico_printf/printf.c.obj
 .text._out_char
                0x100046d0       0x10 CMakeFiles/freertos_skeleton.dir/C_/Users/Scott/Dropbox/__PROJECTS__/MusicBoxRTOS/dev/pico-sdk/src/rp2_common/pico_printf/printf.c.obj
 .text._out_fct
                0x100046e0       0x10 CMakeFiles/freertos_skeleton.dir/C_/Users/Scott/Dropbox/__PROJECTS__/MusicBoxRTOS/dev/pico-sdk/src/rp2_common/pico_printf/printf.c.obj
 .text._ftoa    0x100046f0      0x474 CMakeFiles/freertos_skeleton.dir/C_/Users/Scott/Dropbox/__PROJECTS__/MusicBoxRTOS/dev/pico-sdk/src/rp2_common/pico_printf/printf.c.obj
 .text._etoa    0x10004b64      0x560 CMakeFiles/freertos_skeleton.dir/C_/Users/Scott/Dropbox/__PROJECTS__/MusicBoxRTOS/dev/pico-sdk/src/rp2_common/pico_printf/printf.c.obj
 .text._vsnprintf
                0x100050c4      0xab8 CMakeFiles/freertos_skeleton.dir/C_/Users/Scott/Dropbox/__PROJECTS__/MusicBoxRTOS/dev/pico-sdk/src/rp2_common/pico_printf/printf.c.obj
 .text.__wrap_snprintf
                0x10005b7c       0x28 CMakeFiles/freertos_skeleton.dir/C_/Users/Scott/Dropbox/__PROJECTS__/MusicBoxRTOS/dev/pico-sdk/src/rp2_common/pico_printf/printf.c.obj
                0x10005b7c                __wrap_snprintf
 .text.vfctprintf
                0x10005ba4       0x20 CMakeFiles/freertos_skeleton.dir/C_/Users/Scott/Dropbox/__PROJECTS__/MusicBoxRTOS/dev/pico-sdk/src/rp2_common/pico_printf/printf.c.obj
                0x10005ba4                vfctprintf
 .text.weak_raw_vprintf
                0x10005bc4       0x30 CMakeFiles/freertos_skeleton.dir/C_/Users/Scott/Dropbox/__PROJECTS__/MusicBoxRTOS/dev/pico-sdk/src/rp2_common/pico_printf/printf.c.obj
                0x10005bc4                weak_raw_vprintf
 .text._exit    0x10005bf4        0x4 CMakeFiles/freertos_skeleton.dir/C_/Users/Scott/Dropbox/__PROJECTS__/MusicBoxRTOS/dev/pico-sdk/src/rp2_common/pico_clib_interface/newlib_interface.c.obj
                0x10005bf4                _exit
 .text.exit     0x10005bf8        0x8 CMakeFiles/freertos_skeleton.dir/C_/Users/Scott/Dropbox/__PROJECTS__/MusicBoxRTOS/dev/pico-sdk/src/rp2_common/pico_clib_interface/newlib_interface.c.obj
                0x10005bf8                exit
 .text.runtime_init
                0x10005c00       0x2c CMakeFiles/freertos_skeleton.dir/C_/Users/Scott/Dropbox/__PROJECTS__/MusicBoxRTOS/dev/pico-sdk/src/rp2_common/pico_clib_interface/newlib_interface.c.obj
                0x10005c00                runtime_init
 .text.stdio_out_chars_no_crlf
                0x10005c2c       0x10 CMakeFiles/freertos_skeleton.dir/C_/Users/Scott/Dropbox/__PROJECTS__/MusicBoxRTOS/dev/pico-sdk/src/rp2_common/pico_stdio/stdio.c.obj
 .text.stdio_out_chars_crlf
                0x10005c3c       0x90 CMakeFiles/freertos_skeleton.dir/C_/Users/Scott/Dropbox/__PROJECTS__/MusicBoxRTOS/dev/pico-sdk/src/rp2_common/pico_stdio/stdio.c.obj
 .text.stdio_buffered_printer
                0x10005ccc       0x64 CMakeFiles/freertos_skeleton.dir/C_/Users/Scott/Dropbox/__PROJECTS__/MusicBoxRTOS/dev/pico-sdk/src/rp2_common/pico_stdio/stdio.c.obj
 .text.stdio_put_string
                0x10005d30       0xf4 CMakeFiles/freertos_skeleton.dir/C_/Users/Scott/Dropbox/__PROJECTS__/MusicBoxRTOS/dev/pico-sdk/src/rp2_common/pico_stdio/stdio.c.obj
                0x10005d30                stdio_put_string
 .text.stdio_set_driver_enabled
                0x10005e24       0x30 CMakeFiles/freertos_skeleton.dir/C_/Users/Scott/Dropbox/__PROJECTS__/MusicBoxRTOS/dev/pico-sdk/src/rp2_common/pico_stdio/stdio.c.obj
                0x10005e24                stdio_set_driver_enabled
 .text.stdio_init_all
                0x10005e54        0xc CMakeFiles/freertos_skeleton.dir/C_/Users/Scott/Dropbox/__PROJECTS__/MusicBoxRTOS/dev/pico-sdk/src/rp2_common/pico_stdio/stdio.c.obj
                0x10005e54                stdio_init_all
 .text.__wrap_putchar
                0x10005e60       0x94 CMakeFiles/freertos_skeleton.dir/C_/Users/Scott/Dropbox/__PROJECTS__/MusicBoxRTOS/dev/pico-sdk/src/rp2_common/pico_stdio/stdio.c.obj
                0x10005e60                __wrap_putchar
                0x10005e60                stdio_putchar
 .text.__wrap_puts
                0x10005ef4       0x3c CMakeFiles/freertos_skeleton.dir/C_/Users/Scott/Dropbox/__PROJECTS__/MusicBoxRTOS/dev/pico-sdk/src/rp2_common/pico_stdio/stdio.c.obj
                0x10005ef4                stdio_puts
                0x10005ef4                __wrap_puts
 .text.__wrap_vprintf
                0x10005f30       0xc8 CMakeFiles/freertos_skeleton.dir/C_/Users/Scott/Dropbox/__PROJECTS__/MusicBoxRTOS/dev/pico-sdk/src/rp2_common/pico_stdio/stdio.c.obj
                0x10005f30                stdio_vprintf
                0x10005f30                __wrap_vprintf
 .text.__wrap_printf
                0x10005ff8       0x18 CMakeFiles/freertos_skeleton.dir/C_/Users/Scott/Dropbox/__PROJECTS__/MusicBoxRTOS/dev/pico-sdk/src/rp2_common/pico_stdio/stdio.c.obj
                0x10005ff8                __wrap_printf
                0x10005ff8                stdio_printf
 .text.stdio_uart_out_chars
                0x10006010       0x4c CMakeFiles/freertos_skeleton.dir/C_/Users/Scott/Dropbox/__PROJECTS__/MusicBoxRTOS/dev/pico-sdk/src/rp2_common/pico_stdio_uart/stdio_uart.c.obj
 .text.stdio_uart_in_chars
                0x1000605c       0x8c CMakeFiles/freertos_skeleton.dir/C_/Users/Scott/Dropbox/__PROJECTS__/MusicBoxRTOS/dev/pico-sdk/src/rp2_common/pico_stdio_uart/stdio_uart.c.obj
                0x1000605c                stdio_uart_in_chars
 .text.on_uart_rx
                0x100060e8       0x28 CMakeFiles/freertos_skeleton.dir/C_/Users/Scott/Dropbox/__PROJECTS__/MusicBoxRTOS/dev/pico-sdk/src/rp2_common/pico_stdio_uart/stdio_uart.c.obj
 .text.stdio_uart_out_flush
                0x10006110       0x14 CMakeFiles/freertos_skeleton.dir/C_/Users/Scott/Dropbox/__PROJECTS__/MusicBoxRTOS/dev/pico-sdk/src/rp2_common/pico_stdio_uart/stdio_uart.c.obj
 .text.stdio_uart_set_chars_available_callback
                0x10006124       0x84 CMakeFiles/freertos_skeleton.dir/C_/Users/Scott/Dropbox/__PROJECTS__/MusicBoxRTOS/dev/pico-sdk/src/rp2_common/pico_stdio_uart/stdio_uart.c.obj
 .text.stdio_uart_init
                0x100061a8       0x50 CMakeFiles/freertos_skeleton.dir/C_/Users/Scott/Dropbox/__PROJECTS__/MusicBoxRTOS/dev/pico-sdk/src/rp2_common/pico_stdio_uart/stdio_uart.c.obj
                0x100061a8                stdio_uart_init
 .text.adc_init
                0x100061f8       0x38 CMakeFiles/freertos_skeleton.dir/C_/Users/Scott/Dropbox/__PROJECTS__/MusicBoxRTOS/dev/pico-sdk/src/rp2_common/hardware_adc/adc.c.obj
                0x100061f8                adc_init
 .text.startup._retrieve_unique_id_on_boot
                0x10006230       0x10 CMakeFiles/freertos_skeleton.dir/C_/Users/Scott/Dropbox/__PROJECTS__/MusicBoxRTOS/dev/pico-sdk/src/rp2_common/pico_unique_id/unique_id.c.obj
 .text.pico_get_unique_board_id_string
                0x10006240      0x1e0 CMakeFiles/freertos_skeleton.dir/C_/Users/Scott/Dropbox/__PROJECTS__/MusicBoxRTOS/dev/pico-sdk/src/rp2_common/pico_unique_id/unique_id.c.obj
                0x10006240                pico_get_unique_board_id_string
 .text.flash_get_unique_id
                0x10006420       0x3c CMakeFiles/freertos_skeleton.dir/C_/Users/Scott/Dropbox/__PROJECTS__/MusicBoxRTOS/dev/pico-sdk/src/rp2_common/hardware_flash/flash.c.obj
                0x10006420                flash_get_unique_id
 .text.dcd_init
                0x1000645c       0x90 CMakeFiles/freertos_skeleton.dir/C_/Users/Scott/Dropbox/__PROJECTS__/MusicBoxRTOS/dev/pico-sdk/lib/tinyusb/src/portable/raspberrypi/rp2040/dcd_rp2040.c.obj
                0x1000645c                dcd_init
 .text.dcd_int_enable
                0x100064ec        0xc CMakeFiles/freertos_skeleton.dir/C_/Users/Scott/Dropbox/__PROJECTS__/MusicBoxRTOS/dev/pico-sdk/lib/tinyusb/src/portable/raspberrypi/rp2040/dcd_rp2040.c.obj
                0x100064ec                dcd_int_enable
 .text.dcd_set_address
                0x100064f8       0x14 CMakeFiles/freertos_skeleton.dir/C_/Users/Scott/Dropbox/__PROJECTS__/MusicBoxRTOS/dev/pico-sdk/lib/tinyusb/src/portable/raspberrypi/rp2040/dcd_rp2040.c.obj
                0x100064f8                dcd_set_address
 .text.dcd_sof_enable
                0x1000650c       0x1c CMakeFiles/freertos_skeleton.dir/C_/Users/Scott/Dropbox/__PROJECTS__/MusicBoxRTOS/dev/pico-sdk/lib/tinyusb/src/portable/raspberrypi/rp2040/dcd_rp2040.c.obj
                0x1000650c                dcd_sof_enable
 .text.dcd_edpt0_status_complete
                0x10006528       0x1c CMakeFiles/freertos_skeleton.dir/C_/Users/Scott/Dropbox/__PROJECTS__/MusicBoxRTOS/dev/pico-sdk/lib/tinyusb/src/portable/raspberrypi/rp2040/dcd_rp2040.c.obj
                0x10006528                dcd_edpt0_status_complete
 .text.dcd_edpt_open
                0x10006544      0x114 CMakeFiles/freertos_skeleton.dir/C_/Users/Scott/Dropbox/__PROJECTS__/MusicBoxRTOS/dev/pico-sdk/lib/tinyusb/src/portable/raspberrypi/rp2040/dcd_rp2040.c.obj
                0x10006544                dcd_edpt_open
 .text.dcd_edpt_close_all
                0x10006658        0x8 CMakeFiles/freertos_skeleton.dir/C_/Users/Scott/Dropbox/__PROJECTS__/MusicBoxRTOS/dev/pico-sdk/lib/tinyusb/src/portable/raspberrypi/rp2040/dcd_rp2040.c.obj
                0x10006658                dcd_edpt_close_all
 .text.dcd_edpt_xfer
                0x10006660       0x24 CMakeFiles/freertos_skeleton.dir/C_/Users/Scott/Dropbox/__PROJECTS__/MusicBoxRTOS/dev/pico-sdk/lib/tinyusb/src/portable/raspberrypi/rp2040/dcd_rp2040.c.obj
                0x10006660                dcd_edpt_xfer
 .text.dcd_edpt_stall
                0x10006684       0x3c CMakeFiles/freertos_skeleton.dir/C_/Users/Scott/Dropbox/__PROJECTS__/MusicBoxRTOS/dev/pico-sdk/lib/tinyusb/src/portable/raspberrypi/rp2040/dcd_rp2040.c.obj
                0x10006684                dcd_edpt_stall
 .text.dcd_edpt_clear_stall
                0x100066c0       0x30 CMakeFiles/freertos_skeleton.dir/C_/Users/Scott/Dropbox/__PROJECTS__/MusicBoxRTOS/dev/pico-sdk/lib/tinyusb/src/portable/raspberrypi/rp2040/dcd_rp2040.c.obj
                0x100066c0                dcd_edpt_clear_stall
 .text.rp2040_usb_init
                0x100066f0       0x40 CMakeFiles/freertos_skeleton.dir/C_/Users/Scott/Dropbox/__PROJECTS__/MusicBoxRTOS/dev/pico-sdk/lib/tinyusb/src/portable/raspberrypi/rp2040/rp2040_usb.c.obj
                0x100066f0                rp2040_usb_init
 .text.hw_endpoint_xfer_start
                0x10006730       0x40 CMakeFiles/freertos_skeleton.dir/C_/Users/Scott/Dropbox/__PROJECTS__/MusicBoxRTOS/dev/pico-sdk/lib/tinyusb/src/portable/raspberrypi/rp2040/rp2040_usb.c.obj
                0x10006730                hw_endpoint_xfer_start
 .text.tud_vendor_control_xfer_cb
                0x10006770        0x4 CMakeFiles/freertos_skeleton.dir/C_/Users/Scott/Dropbox/__PROJECTS__/MusicBoxRTOS/dev/pico-sdk/lib/tinyusb/src/device/usbd.c.obj
                0x10006770                tud_vendor_control_xfer_cb
 .text.tud_event_hook_cb
                0x10006774        0x4 CMakeFiles/freertos_skeleton.dir/C_/Users/Scott/Dropbox/__PROJECTS__/MusicBoxRTOS/dev/pico-sdk/lib/tinyusb/src/device/usbd.c.obj
                0x10006774                tud_event_hook_cb
 .text.tud_sof_cb
                0x10006778        0x4 CMakeFiles/freertos_skeleton.dir/C_/Users/Scott/Dropbox/__PROJECTS__/MusicBoxRTOS/dev/pico-sdk/lib/tinyusb/src/device/usbd.c.obj
                0x10006778                tud_sof_cb
 .text.tud_descriptor_bos_cb
                0x1000677c        0x4 CMakeFiles/freertos_skeleton.dir/C_/Users/Scott/Dropbox/__PROJECTS__/MusicBoxRTOS/dev/pico-sdk/lib/tinyusb/src/device/usbd.c.obj
                0x1000677c                tud_descriptor_bos_cb
 .text.tud_descriptor_device_qualifier_cb
                0x10006780        0x4 CMakeFiles/freertos_skeleton.dir/C_/Users/Scott/Dropbox/__PROJECTS__/MusicBoxRTOS/dev/pico-sdk/lib/tinyusb/src/device/usbd.c.obj
                0x10006780                tud_descriptor_device_qualifier_cb
 .text.tud_descriptor_other_speed_configuration_cb
                0x10006784        0x4 CMakeFiles/freertos_skeleton.dir/C_/Users/Scott/Dropbox/__PROJECTS__/MusicBoxRTOS/dev/pico-sdk/lib/tinyusb/src/device/usbd.c.obj
                0x10006784                tud_descriptor_other_speed_configuration_cb
 .text.tud_mount_cb
                0x10006788        0x4 CMakeFiles/freertos_skeleton.dir/C_/Users/Scott/Dropbox/__PROJECTS__/MusicBoxRTOS/dev/pico-sdk/lib/tinyusb/src/device/usbd.c.obj
                0x10006788                tud_mount_cb
 .text.tud_umount_cb
                0x1000678c        0x4 CMakeFiles/freertos_skeleton.dir/C_/Users/Scott/Dropbox/__PROJECTS__/MusicBoxRTOS/dev/pico-sdk/lib/tinyusb/src/device/usbd.c.obj
                0x1000678c                tud_umount_cb
 .text.tud_suspend_cb
                0x10006790        0x4 CMakeFiles/freertos_skeleton.dir/C_/Users/Scott/Dropbox/__PROJECTS__/MusicBoxRTOS/dev/pico-sdk/lib/tinyusb/src/device/usbd.c.obj
                0x10006790                tud_suspend_cb
 .text.tud_resume_cb
                0x10006794        0x4 CMakeFiles/freertos_skeleton.dir/C_/Users/Scott/Dropbox/__PROJECTS__/MusicBoxRTOS/dev/pico-sdk/lib/tinyusb/src/device/usbd.c.obj
                0x10006794                tud_resume_cb
 .text.tud_mounted
                0x10006798       0x10 CMakeFiles/freertos_skeleton.dir/C_/Users/Scott/Dropbox/__PROJECTS__/MusicBoxRTOS/dev/pico-sdk/lib/tinyusb/src/device/usbd.c.obj
                0x10006798                tud_mounted
 .text.tud_suspended
                0x100067a8       0x10 CMakeFiles/freertos_skeleton.dir/C_/Users/Scott/Dropbox/__PROJECTS__/MusicBoxRTOS/dev/pico-sdk/lib/tinyusb/src/device/usbd.c.obj
                0x100067a8                tud_suspended
 .text.tud_rhport_init
                0x100067b8       0xf0 CMakeFiles/freertos_skeleton.dir/C_/Users/Scott/Dropbox/__PROJECTS__/MusicBoxRTOS/dev/pico-sdk/lib/tinyusb/src/device/usbd.c.obj
                0x100067b8                tud_rhport_init
 .text.tud_task_ext
                0x100068a8      0x808 CMakeFiles/freertos_skeleton.dir/C_/Users/Scott/Dropbox/__PROJECTS__/MusicBoxRTOS/dev/pico-sdk/lib/tinyusb/src/device/usbd.c.obj
                0x100068a8                tud_task_ext
 .text.usbd_open_edpt_pair
                0x100070b0       0x98 CMakeFiles/freertos_skeleton.dir/C_/Users/Scott/Dropbox/__PROJECTS__/MusicBoxRTOS/dev/pico-sdk/lib/tinyusb/src/device/usbd.c.obj
                0x100070b0                usbd_open_edpt_pair
 .text.usbd_edpt_open
                0x10007148       0x34 CMakeFiles/freertos_skeleton.dir/C_/Users/Scott/Dropbox/__PROJECTS__/MusicBoxRTOS/dev/pico-sdk/lib/tinyusb/src/device/usbd.c.obj
                0x10007148                usbd_edpt_open
 .text.usbd_edpt_claim
                0x1000717c       0x28 CMakeFiles/freertos_skeleton.dir/C_/Users/Scott/Dropbox/__PROJECTS__/MusicBoxRTOS/dev/pico-sdk/lib/tinyusb/src/device/usbd.c.obj
                0x1000717c                usbd_edpt_claim
 .text.usbd_edpt_release
                0x100071a4       0x28 CMakeFiles/freertos_skeleton.dir/C_/Users/Scott/Dropbox/__PROJECTS__/MusicBoxRTOS/dev/pico-sdk/lib/tinyusb/src/device/usbd.c.obj
                0x100071a4                usbd_edpt_release
 .text.usbd_edpt_xfer
                0x100071cc       0x50 CMakeFiles/freertos_skeleton.dir/C_/Users/Scott/Dropbox/__PROJECTS__/MusicBoxRTOS/dev/pico-sdk/lib/tinyusb/src/device/usbd.c.obj
                0x100071cc                usbd_edpt_xfer
 .text.tud_control_status
                0x1000721c       0x2c CMakeFiles/freertos_skeleton.dir/C_/Users/Scott/Dropbox/__PROJECTS__/MusicBoxRTOS/dev/pico-sdk/lib/tinyusb/src/device/usbd_control.c.obj
                0x1000721c                tud_control_status
 .text.tud_control_xfer
                0x10007248       0xa0 CMakeFiles/freertos_skeleton.dir/C_/Users/Scott/Dropbox/__PROJECTS__/MusicBoxRTOS/dev/pico-sdk/lib/tinyusb/src/device/usbd_control.c.obj
                0x10007248                tud_control_xfer
 .text.usbd_control_reset
                0x100072e8       0x14 CMakeFiles/freertos_skeleton.dir/C_/Users/Scott/Dropbox/__PROJECTS__/MusicBoxRTOS/dev/pico-sdk/lib/tinyusb/src/device/usbd_control.c.obj
                0x100072e8                usbd_control_reset
 .text.usbd_control_set_complete_callback
                0x100072fc        0xc CMakeFiles/freertos_skeleton.dir/C_/Users/Scott/Dropbox/__PROJECTS__/MusicBoxRTOS/dev/pico-sdk/lib/tinyusb/src/device/usbd_control.c.obj
                0x100072fc                usbd_control_set_complete_callback
 .text.usbd_control_set_request
                0x10007308       0x1c CMakeFiles/freertos_skeleton.dir/C_/Users/Scott/Dropbox/__PROJECTS__/MusicBoxRTOS/dev/pico-sdk/lib/tinyusb/src/device/usbd_control.c.obj
                0x10007308                usbd_control_set_request
 .text.usbd_control_xfer_cb
                0x10007324       0xe8 CMakeFiles/freertos_skeleton.dir/C_/Users/Scott/Dropbox/__PROJECTS__/MusicBoxRTOS/dev/pico-sdk/lib/tinyusb/src/device/usbd_control.c.obj
                0x10007324                usbd_control_xfer_cb
 .text._prep_out_transaction.isra.0
                0x1000740c       0x6c CMakeFiles/freertos_skeleton.dir/C_/Users/Scott/Dropbox/__PROJECTS__/MusicBoxRTOS/dev/pico-sdk/lib/tinyusb/src/class/cdc/cdc_device.c.obj
 .text.tud_cdc_n_write_flush
                0x10007478       0x78 CMakeFiles/freertos_skeleton.dir/C_/Users/Scott/Dropbox/__PROJECTS__/MusicBoxRTOS/dev/pico-sdk/lib/tinyusb/src/class/cdc/cdc_device.c.obj
                0x10007478                tud_cdc_n_write_flush
 .text.cdcd_init
                0x100074f0       0x70 CMakeFiles/freertos_skeleton.dir/C_/Users/Scott/Dropbox/__PROJECTS__/MusicBoxRTOS/dev/pico-sdk/lib/tinyusb/src/class/cdc/cdc_device.c.obj
                0x100074f0                cdcd_init
 .text.cdcd_deinit
                0x10007560       0x30 CMakeFiles/freertos_skeleton.dir/C_/Users/Scott/Dropbox/__PROJECTS__/MusicBoxRTOS/dev/pico-sdk/lib/tinyusb/src/class/cdc/cdc_device.c.obj
                0x10007560                cdcd_deinit
 .text.cdcd_reset
                0x10007590       0x48 CMakeFiles/freertos_skeleton.dir/C_/Users/Scott/Dropbox/__PROJECTS__/MusicBoxRTOS/dev/pico-sdk/lib/tinyusb/src/class/cdc/cdc_device.c.obj
                0x10007590                cdcd_reset
 .text.cdcd_open
                0x100075d8       0xa8 CMakeFiles/freertos_skeleton.dir/C_/Users/Scott/Dropbox/__PROJECTS__/MusicBoxRTOS/dev/pico-sdk/lib/tinyusb/src/class/cdc/cdc_device.c.obj
                0x100075d8                cdcd_open
 .text.cdcd_control_xfer_cb
                0x10007680       0xf0 CMakeFiles/freertos_skeleton.dir/C_/Users/Scott/Dropbox/__PROJECTS__/MusicBoxRTOS/dev/pico-sdk/lib/tinyusb/src/class/cdc/cdc_device.c.obj
                0x10007680                cdcd_control_xfer_cb
 .text.cdcd_xfer_cb
                0x10007770       0xf8 CMakeFiles/freertos_skeleton.dir/C_/Users/Scott/Dropbox/__PROJECTS__/MusicBoxRTOS/dev/pico-sdk/lib/tinyusb/src/class/cdc/cdc_device.c.obj
                0x10007770                cdcd_xfer_cb
 .text.write_flush
                0x10007868       0x64 CMakeFiles/freertos_skeleton.dir/C_/Users/Scott/Dropbox/__PROJECTS__/MusicBoxRTOS/dev/pico-sdk/lib/tinyusb/src/class/midi/midi_device.c.obj
 .text.tud_midi_n_available
                0x100078cc       0x24 CMakeFiles/freertos_skeleton.dir/C_/Users/Scott/Dropbox/__PROJECTS__/MusicBoxRTOS/dev/pico-sdk/lib/tinyusb/src/class/midi/midi_device.c.obj
                0x100078cc                tud_midi_n_available
 .text.tud_midi_n_packet_read
                0x100078f0       0x74 CMakeFiles/freertos_skeleton.dir/C_/Users/Scott/Dropbox/__PROJECTS__/MusicBoxRTOS/dev/pico-sdk/lib/tinyusb/src/class/midi/midi_device.c.obj
                0x100078f0                tud_midi_n_packet_read
 .text.tud_midi_n_stream_write
                0x10007964      0x1bc CMakeFiles/freertos_skeleton.dir/C_/Users/Scott/Dropbox/__PROJECTS__/MusicBoxRTOS/dev/pico-sdk/lib/tinyusb/src/class/midi/midi_device.c.obj
                0x10007964                tud_midi_n_stream_write
 .text.midid_init
                0x10007b20       0x5c CMakeFiles/freertos_skeleton.dir/C_/Users/Scott/Dropbox/__PROJECTS__/MusicBoxRTOS/dev/pico-sdk/lib/tinyusb/src/class/midi/midi_device.c.obj
                0x10007b20                midid_init
 .text.midid_deinit
                0x10007b7c       0x30 CMakeFiles/freertos_skeleton.dir/C_/Users/Scott/Dropbox/__PROJECTS__/MusicBoxRTOS/dev/pico-sdk/lib/tinyusb/src/class/midi/midi_device.c.obj
                0x10007b7c                midid_deinit
 .text.midid_reset
                0x10007bac       0x24 CMakeFiles/freertos_skeleton.dir/C_/Users/Scott/Dropbox/__PROJECTS__/MusicBoxRTOS/dev/pico-sdk/lib/tinyusb/src/class/midi/midi_device.c.obj
                0x10007bac                midid_reset
 .text.midid_open
                0x10007bd0      0x124 CMakeFiles/freertos_skeleton.dir/C_/Users/Scott/Dropbox/__PROJECTS__/MusicBoxRTOS/dev/pico-sdk/lib/tinyusb/src/class/midi/midi_device.c.obj
                0x10007bd0                midid_open
 .text.midid_control_xfer_cb
                0x10007cf4        0x4 CMakeFiles/freertos_skeleton.dir/C_/Users/Scott/Dropbox/__PROJECTS__/MusicBoxRTOS/dev/pico-sdk/lib/tinyusb/src/class/midi/midi_device.c.obj
                0x10007cf4                midid_control_xfer_cb
 .text.midid_xfer_cb
                0x10007cf8       0xfc CMakeFiles/freertos_skeleton.dir/C_/Users/Scott/Dropbox/__PROJECTS__/MusicBoxRTOS/dev/pico-sdk/lib/tinyusb/src/class/midi/midi_device.c.obj
                0x10007cf8                midid_xfer_cb
 .text.tusb_rhport_init
                0x10007df4       0x4c CMakeFiles/freertos_skeleton.dir/C_/Users/Scott/Dropbox/__PROJECTS__/MusicBoxRTOS/dev/pico-sdk/lib/tinyusb/src/tusb.c.obj
                0x10007df4                tusb_rhport_init
 .text.tu_edpt_claim
                0x10007e40       0x50 CMakeFiles/freertos_skeleton.dir/C_/Users/Scott/Dropbox/__PROJECTS__/MusicBoxRTOS/dev/pico-sdk/lib/tinyusb/src/tusb.c.obj
                0x10007e40                tu_edpt_claim
 .text.tu_edpt_release
                0x10007e90       0x38 CMakeFiles/freertos_skeleton.dir/C_/Users/Scott/Dropbox/__PROJECTS__/MusicBoxRTOS/dev/pico-sdk/lib/tinyusb/src/tusb.c.obj
                0x10007e90                tu_edpt_release
 .text.tu_edpt_validate
                0x10007ec8       0x74 CMakeFiles/freertos_skeleton.dir/C_/Users/Scott/Dropbox/__PROJECTS__/MusicBoxRTOS/dev/pico-sdk/lib/tinyusb/src/tusb.c.obj
                0x10007ec8                tu_edpt_validate
 .text.tu_edpt_bind_driver
                0x10007f3c       0x34 CMakeFiles/freertos_skeleton.dir/C_/Users/Scott/Dropbox/__PROJECTS__/MusicBoxRTOS/dev/pico-sdk/lib/tinyusb/src/tusb.c.obj
                0x10007f3c                tu_edpt_bind_driver
 .text.tu_fifo_config
                0x10007f70       0x6c CMakeFiles/freertos_skeleton.dir/C_/Users/Scott/Dropbox/__PROJECTS__/MusicBoxRTOS/dev/pico-sdk/lib/tinyusb/src/common/tusb_fifo.c.obj
                0x10007f70                tu_fifo_config
 .text.tu_fifo_count
                0x10007fdc       0x2c CMakeFiles/freertos_skeleton.dir/C_/Users/Scott/Dropbox/__PROJECTS__/MusicBoxRTOS/dev/pico-sdk/lib/tinyusb/src/common/tusb_fifo.c.obj
                0x10007fdc                tu_fifo_count
 .text.tu_fifo_empty
                0x10008008       0x10 CMakeFiles/freertos_skeleton.dir/C_/Users/Scott/Dropbox/__PROJECTS__/MusicBoxRTOS/dev/pico-sdk/lib/tinyusb/src/common/tusb_fifo.c.obj
                0x10008008                tu_fifo_empty
 .text.tu_fifo_remaining
                0x10008018       0x2c CMakeFiles/freertos_skeleton.dir/C_/Users/Scott/Dropbox/__PROJECTS__/MusicBoxRTOS/dev/pico-sdk/lib/tinyusb/src/common/tusb_fifo.c.obj
                0x10008018                tu_fifo_remaining
 .text.tu_fifo_read
                0x10008044       0x9c CMakeFiles/freertos_skeleton.dir/C_/Users/Scott/Dropbox/__PROJECTS__/MusicBoxRTOS/dev/pico-sdk/lib/tinyusb/src/common/tusb_fifo.c.obj
                0x10008044                tu_fifo_read
 .text.tu_fifo_read_n
                0x100080e0       0xec CMakeFiles/freertos_skeleton.dir/C_/Users/Scott/Dropbox/__PROJECTS__/MusicBoxRTOS/dev/pico-sdk/lib/tinyusb/src/common/tusb_fifo.c.obj
                0x100080e0                tu_fifo_read_n
 .text.tu_fifo_write
                0x100081cc       0xa4 CMakeFiles/freertos_skeleton.dir/C_/Users/Scott/Dropbox/__PROJECTS__/MusicBoxRTOS/dev/pico-sdk/lib/tinyusb/src/common/tusb_fifo.c.obj
                0x100081cc                tu_fifo_write
 .text.tu_fifo_write_n
                0x10008270      0x168 CMakeFiles/freertos_skeleton.dir/C_/Users/Scott/Dropbox/__PROJECTS__/MusicBoxRTOS/dev/pico-sdk/lib/tinyusb/src/common/tusb_fifo.c.obj
                0x10008270                tu_fifo_write_n
 .text.tu_fifo_clear
                0x100083d8       0x40 CMakeFiles/freertos_skeleton.dir/C_/Users/Scott/Dropbox/__PROJECTS__/MusicBoxRTOS/dev/pico-sdk/lib/tinyusb/src/common/tusb_fifo.c.obj
                0x100083d8                tu_fifo_clear
 .text.tu_fifo_set_overwritable
                0x10008418       0x48 CMakeFiles/freertos_skeleton.dir/C_/Users/Scott/Dropbox/__PROJECTS__/MusicBoxRTOS/dev/pico-sdk/lib/tinyusb/src/common/tusb_fifo.c.obj
                0x10008418                tu_fifo_set_overwritable
 .text.vPortStartFirstTask
                0x10008460       0x38 CMakeFiles/freertos_skeleton.dir/C_/Users/Scott/Dropbox/__PROJECTS__/MusicBoxRTOS/dev/FreeRTOS-Kernel/portable/ThirdParty/GCC/RP2040/port.c.obj
 .text.prvFIFOInterruptHandler
                0x10008498       0x2c CMakeFiles/freertos_skeleton.dir/C_/Users/Scott/Dropbox/__PROJECTS__/MusicBoxRTOS/dev/FreeRTOS-Kernel/portable/ThirdParty/GCC/RP2040/port.c.obj
 *fill*         0x100084c4        0xc 
 .text.xPortPendSVHandler
                0x100084d0       0x78 CMakeFiles/freertos_skeleton.dir/C_/Users/Scott/Dropbox/__PROJECTS__/MusicBoxRTOS/dev/FreeRTOS-Kernel/portable/ThirdParty/GCC/RP2040/port.c.obj
                0x100084d0                xPortPendSVHandler
 .text.prvTaskExitError
                0x10008548        0x8 CMakeFiles/freertos_skeleton.dir/C_/Users/Scott/Dropbox/__PROJECTS__/MusicBoxRTOS/dev/FreeRTOS-Kernel/portable/ThirdParty/GCC/RP2040/port.c.obj
 .text.xPortSysTickHandler
                0x10008550       0x24 CMakeFiles/freertos_skeleton.dir/C_/Users/Scott/Dropbox/__PROJECTS__/MusicBoxRTOS/dev/FreeRTOS-Kernel/portable/ThirdParty/GCC/RP2040/port.c.obj
                0x10008550                xPortSysTickHandler
 .text.vPortSVCHandler
                0x10008574        0x4 CMakeFiles/freertos_skeleton.dir/C_/Users/Scott/Dropbox/__PROJECTS__/MusicBoxRTOS/dev/FreeRTOS-Kernel/portable/ThirdParty/GCC/RP2040/port.c.obj
                0x10008574                vPortSVCHandler
 .text.pxPortInitialiseStack
                0x10008578       0x20 CMakeFiles/freertos_skeleton.dir/C_/Users/Scott/Dropbox/__PROJECTS__/MusicBoxRTOS/dev/FreeRTOS-Kernel/portable/ThirdParty/GCC/RP2040/port.c.obj
                0x10008578                pxPortInitialiseStack
 .text.vPortYield
                0x10008598       0x18 CMakeFiles/freertos_skeleton.dir/C_/Users/Scott/Dropbox/__PROJECTS__/MusicBoxRTOS/dev/FreeRTOS-Kernel/portable/ThirdParty/GCC/RP2040/port.c.obj
                0x10008598                vPortYield
 .text.ulSetInterruptMaskFromISR
                0x100085b0        0x8 CMakeFiles/freertos_skeleton.dir/C_/Users/Scott/Dropbox/__PROJECTS__/MusicBoxRTOS/dev/FreeRTOS-Kernel/portable/ThirdParty/GCC/RP2040/port.c.obj
                0x100085b0                ulSetInterruptMaskFromISR
 .text.vClearInterruptMaskFromISR
                0x100085b8        0x8 CMakeFiles/freertos_skeleton.dir/C_/Users/Scott/Dropbox/__PROJECTS__/MusicBoxRTOS/dev/FreeRTOS-Kernel/portable/ThirdParty/GCC/RP2040/port.c.obj
                0x100085b8                vClearInterruptMaskFromISR
 .text.vYieldCore
                0x100085c0        0xc CMakeFiles/freertos_skeleton.dir/C_/Users/Scott/Dropbox/__PROJECTS__/MusicBoxRTOS/dev/FreeRTOS-Kernel/portable/ThirdParty/GCC/RP2040/port.c.obj
                0x100085c0                vYieldCore
 .text.vPortSetupTimerInterrupt
                0x100085cc       0x34 CMakeFiles/freertos_skeleton.dir/C_/Users/Scott/Dropbox/__PROJECTS__/MusicBoxRTOS/dev/FreeRTOS-Kernel/portable/ThirdParty/GCC/RP2040/port.c.obj
                0x100085cc                vPortSetupTimerInterrupt
 .text.xPortStartSchedulerOnCore.isra.0
                0x10008600       0xa4 CMakeFiles/freertos_skeleton.dir/C_/Users/Scott/Dropbox/__PROJECTS__/MusicBoxRTOS/dev/FreeRTOS-Kernel/portable/ThirdParty/GCC/RP2040/port.c.obj
 .text.prvDisableInterruptsAndPortStartSchedulerOnCore
                0x100086a4        0x8 CMakeFiles/freertos_skeleton.dir/C_/Users/Scott/Dropbox/__PROJECTS__/MusicBoxRTOS/dev/FreeRTOS-Kernel/portable/ThirdParty/GCC/RP2040/port.c.obj
 .text.xPortStartScheduler
                0x100086ac       0x2c CMakeFiles/freertos_skeleton.dir/C_/Users/Scott/Dropbox/__PROJECTS__/MusicBoxRTOS/dev/FreeRTOS-Kernel/portable/ThirdParty/GCC/RP2040/port.c.obj
                0x100086ac                xPortStartScheduler
 .text.ulPortLockGetCurrentOwnerId
                0x100086d8       0x30 CMakeFiles/freertos_skeleton.dir/C_/Users/Scott/Dropbox/__PROJECTS__/MusicBoxRTOS/dev/FreeRTOS-Kernel/portable/ThirdParty/GCC/RP2040/port.c.obj
                0x100086d8                ulPortLockGetCurrentOwnerId
 .text.vPortLockInternalSpinUnlockWithNotify
                0x10008708       0x88 CMakeFiles/freertos_skeleton.dir/C_/Users/Scott/Dropbox/__PROJECTS__/MusicBoxRTOS/dev/FreeRTOS-Kernel/portable/ThirdParty/GCC/RP2040/port.c.obj
                0x10008708                vPortLockInternalSpinUnlockWithNotify
 .text.xPortLockInternalSpinUnlockWithBestEffortWaitOrTimeout
                0x10008790       0xf0 CMakeFiles/freertos_skeleton.dir/C_/Users/Scott/Dropbox/__PROJECTS__/MusicBoxRTOS/dev/FreeRTOS-Kernel/portable/ThirdParty/GCC/RP2040/port.c.obj
                0x10008790                xPortLockInternalSpinUnlockWithBestEffortWaitOrTimeout
 .text.startup.prvRuntimeInitializer
                0x10008880       0x18 CMakeFiles/freertos_skeleton.dir/C_/Users/Scott/Dropbox/__PROJECTS__/MusicBoxRTOS/dev/FreeRTOS-Kernel/portable/ThirdParty/GCC/RP2040/port.c.obj
 .text.vEventGroupSetBitsCallback
                0x10008898       0x90 CMakeFiles/freertos_skeleton.dir/C_/Users/Scott/Dropbox/__PROJECTS__/MusicBoxRTOS/dev/FreeRTOS-Kernel/event_groups.c.obj
                0x10008898                vEventGroupSetBitsCallback
 .text.xEventGroupCreateStatic
                0x10008928       0x18 CMakeFiles/freertos_skeleton.dir/C_/Users/Scott/Dropbox/__PROJECTS__/MusicBoxRTOS/dev/FreeRTOS-Kernel/event_groups.c.obj
                0x10008928                xEventGroupCreateStatic
 .text.xEventGroupWaitBits
                0x10008940       0xb8 CMakeFiles/freertos_skeleton.dir/C_/Users/Scott/Dropbox/__PROJECTS__/MusicBoxRTOS/dev/FreeRTOS-Kernel/event_groups.c.obj
                0x10008940                xEventGroupWaitBits
 .text.xEventGroupSetBits
                0x100089f8       0x94 CMakeFiles/freertos_skeleton.dir/C_/Users/Scott/Dropbox/__PROJECTS__/MusicBoxRTOS/dev/FreeRTOS-Kernel/event_groups.c.obj
                0x100089f8                xEventGroupSetBits
 .text.xEventGroupSetBitsFromISR
                0x10008a8c       0x18 CMakeFiles/freertos_skeleton.dir/C_/Users/Scott/Dropbox/__PROJECTS__/MusicBoxRTOS/dev/FreeRTOS-Kernel/event_groups.c.obj
                0x10008a8c                xEventGroupSetBitsFromISR
 .text.vListInitialise
                0x10008aa4       0x18 CMakeFiles/freertos_skeleton.dir/C_/Users/Scott/Dropbox/__PROJECTS__/MusicBoxRTOS/dev/FreeRTOS-Kernel/list.c.obj
                0x10008aa4                vListInitialise
 .text.vListInitialiseItem
                0x10008abc        0x8 CMakeFiles/freertos_skeleton.dir/C_/Users/Scott/Dropbox/__PROJECTS__/MusicBoxRTOS/dev/FreeRTOS-Kernel/list.c.obj
                0x10008abc                vListInitialiseItem
 .text.vListInsertEnd
                0x10008ac4       0x18 CMakeFiles/freertos_skeleton.dir/C_/Users/Scott/Dropbox/__PROJECTS__/MusicBoxRTOS/dev/FreeRTOS-Kernel/list.c.obj
                0x10008ac4                vListInsertEnd
 .text.vListInsert
                0x10008adc       0x34 CMakeFiles/freertos_skeleton.dir/C_/Users/Scott/Dropbox/__PROJECTS__/MusicBoxRTOS/dev/FreeRTOS-Kernel/list.c.obj
                0x10008adc                vListInsert
 .text.uxListRemove
                0x10008b10       0x20 CMakeFiles/freertos_skeleton.dir/C_/Users/Scott/Dropbox/__PROJECTS__/MusicBoxRTOS/dev/FreeRTOS-Kernel/list.c.obj
                0x10008b10                uxListRemove
 .text.xQueueGenericCreateStatic
                0x10008b30       0x9c CMakeFiles/freertos_skeleton.dir/C_/Users/Scott/Dropbox/__PROJECTS__/MusicBoxRTOS/dev/FreeRTOS-Kernel/queue.c.obj
                0x10008b30                xQueueGenericCreateStatic
 .text.xQueueGenericCreate
                0x10008bcc       0xa0 CMakeFiles/freertos_skeleton.dir/C_/Users/Scott/Dropbox/__PROJECTS__/MusicBoxRTOS/dev/FreeRTOS-Kernel/queue.c.obj
                0x10008bcc                xQueueGenericCreate
 .text.xQueueGenericSend
                0x10008c6c      0x338 CMakeFiles/freertos_skeleton.dir/C_/Users/Scott/Dropbox/__PROJECTS__/MusicBoxRTOS/dev/FreeRTOS-Kernel/queue.c.obj
                0x10008c6c                xQueueGenericSend
 .text.xQueueCreateMutex
                0x10008fa4       0x68 CMakeFiles/freertos_skeleton.dir/C_/Users/Scott/Dropbox/__PROJECTS__/MusicBoxRTOS/dev/FreeRTOS-Kernel/queue.c.obj
                0x10008fa4                xQueueCreateMutex
 .text.xQueueGenericSendFromISR
                0x1000900c      0x120 CMakeFiles/freertos_skeleton.dir/C_/Users/Scott/Dropbox/__PROJECTS__/MusicBoxRTOS/dev/FreeRTOS-Kernel/queue.c.obj
                0x1000900c                xQueueGenericSendFromISR
 .text.xQueueReceive
                0x1000912c      0x29c CMakeFiles/freertos_skeleton.dir/C_/Users/Scott/Dropbox/__PROJECTS__/MusicBoxRTOS/dev/FreeRTOS-Kernel/queue.c.obj
                0x1000912c                xQueueReceive
 .text.xQueueSemaphoreTake
                0x100093c8      0x2d0 CMakeFiles/freertos_skeleton.dir/C_/Users/Scott/Dropbox/__PROJECTS__/MusicBoxRTOS/dev/FreeRTOS-Kernel/queue.c.obj
                0x100093c8                xQueueSemaphoreTake
 .text.vQueueWaitForMessageRestricted
                0x10009698       0xc8 CMakeFiles/freertos_skeleton.dir/C_/Users/Scott/Dropbox/__PROJECTS__/MusicBoxRTOS/dev/FreeRTOS-Kernel/queue.c.obj
                0x10009698                vQueueWaitForMessageRestricted
 .text.prvPassiveIdleTask
                0x10009760       0x20 CMakeFiles/freertos_skeleton.dir/C_/Users/Scott/Dropbox/__PROJECTS__/MusicBoxRTOS/dev/FreeRTOS-Kernel/tasks.c.obj
 .text.prvYieldForTask
                0x10009780      0x188 CMakeFiles/freertos_skeleton.dir/C_/Users/Scott/Dropbox/__PROJECTS__/MusicBoxRTOS/dev/FreeRTOS-Kernel/tasks.c.obj
 .text.prvInitialiseNewTask.constprop.0
                0x10009908      0x120 CMakeFiles/freertos_skeleton.dir/C_/Users/Scott/Dropbox/__PROJECTS__/MusicBoxRTOS/dev/FreeRTOS-Kernel/tasks.c.obj
 .text.prvAddCurrentTaskToDelayedList.isra.0
                0x10009a28       0xa8 CMakeFiles/freertos_skeleton.dir/C_/Users/Scott/Dropbox/__PROJECTS__/MusicBoxRTOS/dev/FreeRTOS-Kernel/tasks.c.obj
 .text.xTaskIncrementTick.part.0
                0x10009ad0      0x1e4 CMakeFiles/freertos_skeleton.dir/C_/Users/Scott/Dropbox/__PROJECTS__/MusicBoxRTOS/dev/FreeRTOS-Kernel/tasks.c.obj
 .text.prvCheckForRunStateChange
                0x10009cb4      0x154 CMakeFiles/freertos_skeleton.dir/C_/Users/Scott/Dropbox/__PROJECTS__/MusicBoxRTOS/dev/FreeRTOS-Kernel/tasks.c.obj
 .text.vTaskSuspendAll.part.0
                0x10009e08       0xb4 CMakeFiles/freertos_skeleton.dir/C_/Users/Scott/Dropbox/__PROJECTS__/MusicBoxRTOS/dev/FreeRTOS-Kernel/tasks.c.obj
 .text.vTaskSuspendAll
                0x10009ebc       0xcc CMakeFiles/freertos_skeleton.dir/C_/Users/Scott/Dropbox/__PROJECTS__/MusicBoxRTOS/dev/FreeRTOS-Kernel/tasks.c.obj
                0x10009ebc                vTaskSuspendAll
 .text.xTaskGetTickCount
                0x10009f88        0xc CMakeFiles/freertos_skeleton.dir/C_/Users/Scott/Dropbox/__PROJECTS__/MusicBoxRTOS/dev/FreeRTOS-Kernel/tasks.c.obj
                0x10009f88                xTaskGetTickCount
 .text.uxTaskGetNumberOfTasks
                0x10009f94        0xc CMakeFiles/freertos_skeleton.dir/C_/Users/Scott/Dropbox/__PROJECTS__/MusicBoxRTOS/dev/FreeRTOS-Kernel/tasks.c.obj
                0x10009f94                uxTaskGetNumberOfTasks
 .text.xTaskIncrementTick
                0x10009fa0       0x24 CMakeFiles/freertos_skeleton.dir/C_/Users/Scott/Dropbox/__PROJECTS__/MusicBoxRTOS/dev/FreeRTOS-Kernel/tasks.c.obj
                0x10009fa0                xTaskIncrementTick
 .text.vTaskSwitchContext
                0x10009fc4      0x410 CMakeFiles/freertos_skeleton.dir/C_/Users/Scott/Dropbox/__PROJECTS__/MusicBoxRTOS/dev/FreeRTOS-Kernel/tasks.c.obj
                0x10009fc4                vTaskSwitchContext
 .text.vTaskPlaceOnEventList
                0x1000a3d4       0xbc CMakeFiles/freertos_skeleton.dir/C_/Users/Scott/Dropbox/__PROJECTS__/MusicBoxRTOS/dev/FreeRTOS-Kernel/tasks.c.obj
                0x1000a3d4                vTaskPlaceOnEventList
 .text.vTaskPlaceOnUnorderedEventList
                0x1000a490       0x9c CMakeFiles/freertos_skeleton.dir/C_/Users/Scott/Dropbox/__PROJECTS__/MusicBoxRTOS/dev/FreeRTOS-Kernel/tasks.c.obj
                0x1000a490                vTaskPlaceOnUnorderedEventList
 .text.vTaskPlaceOnEventListRestricted
                0x1000a52c       0x8c CMakeFiles/freertos_skeleton.dir/C_/Users/Scott/Dropbox/__PROJECTS__/MusicBoxRTOS/dev/FreeRTOS-Kernel/tasks.c.obj
                0x1000a52c                vTaskPlaceOnEventListRestricted
 .text.xTaskRemoveFromEventList
                0x1000a5b8       0xd8 CMakeFiles/freertos_skeleton.dir/C_/Users/Scott/Dropbox/__PROJECTS__/MusicBoxRTOS/dev/FreeRTOS-Kernel/tasks.c.obj
                0x1000a5b8                xTaskRemoveFromEventList
 .text.vTaskInternalSetTimeOutState
                0x1000a690       0x18 CMakeFiles/freertos_skeleton.dir/C_/Users/Scott/Dropbox/__PROJECTS__/MusicBoxRTOS/dev/FreeRTOS-Kernel/tasks.c.obj
                0x1000a690                vTaskInternalSetTimeOutState
 .text.xTaskCheckForTimeOut
                0x1000a6a8      0x1a0 CMakeFiles/freertos_skeleton.dir/C_/Users/Scott/Dropbox/__PROJECTS__/MusicBoxRTOS/dev/FreeRTOS-Kernel/tasks.c.obj
                0x1000a6a8                xTaskCheckForTimeOut
 .text.vTaskMissedYield
                0x1000a848       0x14 CMakeFiles/freertos_skeleton.dir/C_/Users/Scott/Dropbox/__PROJECTS__/MusicBoxRTOS/dev/FreeRTOS-Kernel/tasks.c.obj
                0x1000a848                vTaskMissedYield
 .text.xTaskGetCurrentTaskHandle
                0x1000a85c       0x1c CMakeFiles/freertos_skeleton.dir/C_/Users/Scott/Dropbox/__PROJECTS__/MusicBoxRTOS/dev/FreeRTOS-Kernel/tasks.c.obj
                0x1000a85c                xTaskGetCurrentTaskHandle
 .text.xTaskPriorityInherit
                0x1000a878      0x100 CMakeFiles/freertos_skeleton.dir/C_/Users/Scott/Dropbox/__PROJECTS__/MusicBoxRTOS/dev/FreeRTOS-Kernel/tasks.c.obj
                0x1000a878                xTaskPriorityInherit
 .text.xTaskPriorityDisinherit
                0x1000a978       0xbc CMakeFiles/freertos_skeleton.dir/C_/Users/Scott/Dropbox/__PROJECTS__/MusicBoxRTOS/dev/FreeRTOS-Kernel/tasks.c.obj
                0x1000a978                xTaskPriorityDisinherit
 .text.vTaskPriorityDisinheritAfterTimeout
                0x1000aa34       0xd0 CMakeFiles/freertos_skeleton.dir/C_/Users/Scott/Dropbox/__PROJECTS__/MusicBoxRTOS/dev/FreeRTOS-Kernel/tasks.c.obj
                0x1000aa34                vTaskPriorityDisinheritAfterTimeout
 .text.vTaskYieldWithinAPI
                0x1000ab04       0x34 CMakeFiles/freertos_skeleton.dir/C_/Users/Scott/Dropbox/__PROJECTS__/MusicBoxRTOS/dev/FreeRTOS-Kernel/tasks.c.obj
                0x1000ab04                vTaskYieldWithinAPI
 .text.vTaskEnterCritical
                0x1000ab38       0xd0 CMakeFiles/freertos_skeleton.dir/C_/Users/Scott/Dropbox/__PROJECTS__/MusicBoxRTOS/dev/FreeRTOS-Kernel/tasks.c.obj
                0x1000ab38                vTaskEnterCritical
 .text.vTaskEnterCriticalFromISR
                0x1000ac08       0x90 CMakeFiles/freertos_skeleton.dir/C_/Users/Scott/Dropbox/__PROJECTS__/MusicBoxRTOS/dev/FreeRTOS-Kernel/tasks.c.obj
                0x1000ac08                vTaskEnterCriticalFromISR
 .text.vTaskExitCritical
                0x1000ac98       0x90 CMakeFiles/freertos_skeleton.dir/C_/Users/Scott/Dropbox/__PROJECTS__/MusicBoxRTOS/dev/FreeRTOS-Kernel/tasks.c.obj
                0x1000ac98                vTaskExitCritical
 .text.prvAddNewTaskToReadyList
                0x1000ad28       0xdc CMakeFiles/freertos_skeleton.dir/C_/Users/Scott/Dropbox/__PROJECTS__/MusicBoxRTOS/dev/FreeRTOS-Kernel/tasks.c.obj
 .text.xTaskCreateStaticAffinitySet
                0x1000ae04      0x148 CMakeFiles/freertos_skeleton.dir/C_/Users/Scott/Dropbox/__PROJECTS__/MusicBoxRTOS/dev/FreeRTOS-Kernel/tasks.c.obj
                0x1000ae04                xTaskCreateStaticAffinitySet
 .text.xTaskCreate
                0x1000af4c       0x6c CMakeFiles/freertos_skeleton.dir/C_/Users/Scott/Dropbox/__PROJECTS__/MusicBoxRTOS/dev/FreeRTOS-Kernel/tasks.c.obj
                0x1000af4c                xTaskCreate
 .text.vTaskStartScheduler
                0x1000afb8      0x134 CMakeFiles/freertos_skeleton.dir/C_/Users/Scott/Dropbox/__PROJECTS__/MusicBoxRTOS/dev/FreeRTOS-Kernel/tasks.c.obj
                0x1000afb8                vTaskStartScheduler
 .text.vTaskDelete
                0x1000b0ec      0x168 CMakeFiles/freertos_skeleton.dir/C_/Users/Scott/Dropbox/__PROJECTS__/MusicBoxRTOS/dev/FreeRTOS-Kernel/tasks.c.obj
                0x1000b0ec                vTaskDelete
 .text.xTaskResumeAll.part.0
                0x1000b254      0x178 CMakeFiles/freertos_skeleton.dir/C_/Users/Scott/Dropbox/__PROJECTS__/MusicBoxRTOS/dev/FreeRTOS-Kernel/tasks.c.obj
 .text.xTaskResumeAll
                0x1000b3cc       0x18 CMakeFiles/freertos_skeleton.dir/C_/Users/Scott/Dropbox/__PROJECTS__/MusicBoxRTOS/dev/FreeRTOS-Kernel/tasks.c.obj
                0x1000b3cc                xTaskResumeAll
 .text.vTaskDelay
                0x1000b3e4       0x6c CMakeFiles/freertos_skeleton.dir/C_/Users/Scott/Dropbox/__PROJECTS__/MusicBoxRTOS/dev/FreeRTOS-Kernel/tasks.c.obj
                0x1000b3e4                vTaskDelay
 .text.vTaskRemoveFromUnorderedEventList
                0x1000b450       0x94 CMakeFiles/freertos_skeleton.dir/C_/Users/Scott/Dropbox/__PROJECTS__/MusicBoxRTOS/dev/FreeRTOS-Kernel/tasks.c.obj
                0x1000b450                vTaskRemoveFromUnorderedEventList
 .text.prvIdleTask
                0x1000b4e4      0x214 CMakeFiles/freertos_skeleton.dir/C_/Users/Scott/Dropbox/__PROJECTS__/MusicBoxRTOS/dev/FreeRTOS-Kernel/tasks.c.obj
 .text.vTaskExitCriticalFromISR
                0x1000b6f8       0x60 CMakeFiles/freertos_skeleton.dir/C_/Users/Scott/Dropbox/__PROJECTS__/MusicBoxRTOS/dev/FreeRTOS-Kernel/tasks.c.obj
                0x1000b6f8                vTaskExitCriticalFromISR
 .text.uxTaskResetEventItemValue
                0x1000b758       0x48 CMakeFiles/freertos_skeleton.dir/C_/Users/Scott/Dropbox/__PROJECTS__/MusicBoxRTOS/dev/FreeRTOS-Kernel/tasks.c.obj
                0x1000b758                uxTaskResetEventItemValue
 .text.pvTaskIncrementMutexHeldCount
                0x1000b7a0       0x28 CMakeFiles/freertos_skeleton.dir/C_/Users/Scott/Dropbox/__PROJECTS__/MusicBoxRTOS/dev/FreeRTOS-Kernel/tasks.c.obj
                0x1000b7a0                pvTaskIncrementMutexHeldCount
 .text.vApplicationGetTimerTaskMemory
                0x1000b7c8       0x18 CMakeFiles/freertos_skeleton.dir/C_/Users/Scott/Dropbox/__PROJECTS__/MusicBoxRTOS/dev/FreeRTOS-Kernel/tasks.c.obj
                0x1000b7c8                vApplicationGetTimerTaskMemory
 .text.prvTimerTask
                0x1000b7e0      0x3ac CMakeFiles/freertos_skeleton.dir/C_/Users/Scott/Dropbox/__PROJECTS__/MusicBoxRTOS/dev/FreeRTOS-Kernel/timers.c.obj
 .text.xTimerCreateTimerTask
                0x1000bb8c       0xa8 CMakeFiles/freertos_skeleton.dir/C_/Users/Scott/Dropbox/__PROJECTS__/MusicBoxRTOS/dev/FreeRTOS-Kernel/timers.c.obj
                0x1000bb8c                xTimerCreateTimerTask
 .text.xTimerPendFunctionCallFromISR
                0x1000bc34       0x2c CMakeFiles/freertos_skeleton.dir/C_/Users/Scott/Dropbox/__PROJECTS__/MusicBoxRTOS/dev/FreeRTOS-Kernel/timers.c.obj
                0x1000bc34                xTimerPendFunctionCallFromISR
 .text.exception_set_exclusive_handler
                0x1000bc60       0x48 CMakeFiles/freertos_skeleton.dir/C_/Users/Scott/Dropbox/__PROJECTS__/MusicBoxRTOS/dev/pico-sdk/src/rp2_common/hardware_exception/exception.c.obj
                0x1000bc60                exception_set_exclusive_handler
 .text.core1_trampoline
                0x1000bca8        0x4 CMakeFiles/freertos_skeleton.dir/C_/Users/Scott/Dropbox/__PROJECTS__/MusicBoxRTOS/dev/pico-sdk/src/rp2_common/pico_multicore/multicore.c.obj
 .text.core1_wrapper
                0x1000bcac        0xc CMakeFiles/freertos_skeleton.dir/C_/Users/Scott/Dropbox/__PROJECTS__/MusicBoxRTOS/dev/pico-sdk/src/rp2_common/pico_multicore/multicore.c.obj
                0x1000bcac                core1_wrapper
 .text.multicore_reset_core1
                0x1000bcb8       0x60 CMakeFiles/freertos_skeleton.dir/C_/Users/Scott/Dropbox/__PROJECTS__/MusicBoxRTOS/dev/pico-sdk/src/rp2_common/pico_multicore/multicore.c.obj
                0x1000bcb8                multicore_reset_core1
 .text.multicore_launch_core1_raw
                0x1000bd18       0x88 CMakeFiles/freertos_skeleton.dir/C_/Users/Scott/Dropbox/__PROJECTS__/MusicBoxRTOS/dev/pico-sdk/src/rp2_common/pico_multicore/multicore.c.obj
                0x1000bd18                multicore_launch_core1_raw
 .text.multicore_launch_core1
                0x1000bda0       0x5c CMakeFiles/freertos_skeleton.dir/C_/Users/Scott/Dropbox/__PROJECTS__/MusicBoxRTOS/dev/pico-sdk/src/rp2_common/pico_multicore/multicore.c.obj
                0x1000bda0                multicore_launch_core1
 .text.pvPortMalloc
                0x1000bdfc      0x12c CMakeFiles/freertos_skeleton.dir/C_/Users/Scott/Dropbox/__PROJECTS__/MusicBoxRTOS/dev/FreeRTOS-Kernel/portable/MemMang/heap_4.c.obj
                0x1000bdfc                pvPortMalloc
 .text.vPortFree
                0x1000bf28       0x9c CMakeFiles/freertos_skeleton.dir/C_/Users/Scott/Dropbox/__PROJECTS__/MusicBoxRTOS/dev/FreeRTOS-Kernel/portable/MemMang/heap_4.c.obj
                0x1000bf28                vPortFree
 .text.strncpy  0x1000bfc4       0x60 C:/Program Files (x86)/Arm/GNU Toolchain mingw-w64-i686-arm-none-eabi/bin/../lib/gcc/arm-none-eabi/15.2.1/../../../../arm-none-eabi/lib/thumb/v6-m/nofp\libg.a(libc_a-strncpy.o)
                0x1000bfc4                strncpy
 .text          0x1000c024       0x88 C:/Program Files (x86)/Arm/GNU Toolchain mingw-w64-i686-arm-none-eabi/bin/../lib/gcc/arm-none-eabi/15.2.1/../../../../arm-none-eabi/lib/thumb/v6-m/nofp\libg.a(libc_a-strcmp.o)
                0x1000c024                strcmp
 .text.strlen   0x1000c0ac       0x60 C:/Program Files (x86)/Arm/GNU Toolchain mingw-w64-i686-arm-none-eabi/bin/../lib/gcc/arm-none-eabi/15.2.1/../../../../arm-none-eabi/lib/thumb/v6-m/nofp\libg.a(libc_a-strlen-stub.o)
                0x1000c0ac                strlen
 *(.fini)
 .fini          0x1000c10c        0x4 C:/Program Files (x86)/Arm/GNU Toolchain mingw-w64-i686-arm-none-eabi/bin/../lib/gcc/arm-none-eabi/15.2.1/thumb/v6-m/nofp/crti.o
                0x1000c10c                _fini
 .fini.__stub   0x1000c110       0xb0 linker stubs
 *crtbegin.o(.ctors)
 *crtbegin?.o(.ctors)
 *(EXCLUDE_FILE(*crtend.o *crtend?.o) .ctors)
 *(SORT_BY_NAME(.ctors.*))
 *(.ctors)
 *crtbegin.o(.dtors)
 *crtbegin?.o(.dtors)
 *(EXCLUDE_FILE(*crtend.o *crtend?.o) .dtors)
 *(SORT_BY_NAME(.dtors.*))
 *(.dtors)
                0x1000c1c0                        . = ALIGN (0x4)
                0x1000c1c0                        PROVIDE (__preinit_array_start = .)
 *(SORT_BY_NAME(.preinit_array.*))
 .preinit_array.00100
                0x1000c1c0        0x4 CMakeFiles/freertos_skeleton.dir/C_/Users/Scott/Dropbox/__PROJECTS__/MusicBoxRTOS/dev/pico-sdk/src/rp2_common/pico_runtime_init/runtime_init.c.obj
                0x1000c1c0                __pre_init_runtime_init_early_resets
 .preinit_array.00101
                0x1000c1c4        0x4 CMakeFiles/freertos_skeleton.dir/C_/Users/Scott/Dropbox/__PROJECTS__/MusicBoxRTOS/dev/pico-sdk/src/rp2_common/pico_runtime_init/runtime_init.c.obj
                0x1000c1c4                __pre_init_runtime_init_usb_power_down
 .preinit_array.00275
                0x1000c1c8        0x4 CMakeFiles/freertos_skeleton.dir/C_/Users/Scott/Dropbox/__PROJECTS__/MusicBoxRTOS/dev/pico-sdk/src/rp2_common/pico_bit_ops/bit_ops_aeabi.S.obj
 .preinit_array.00300
                0x1000c1cc        0x4 CMakeFiles/freertos_skeleton.dir/C_/Users/Scott/Dropbox/__PROJECTS__/MusicBoxRTOS/dev/pico-sdk/src/rp2_common/pico_mem_ops/mem_ops_aeabi.S.obj
 .preinit_array.00350
                0x1000c1d0        0x4 CMakeFiles/freertos_skeleton.dir/C_/Users/Scott/Dropbox/__PROJECTS__/MusicBoxRTOS/dev/pico-sdk/src/rp2_common/pico_double/double_aeabi_rp2040.S.obj
 .preinit_array.00350
                0x1000c1d4        0x4 CMakeFiles/freertos_skeleton.dir/C_/Users/Scott/Dropbox/__PROJECTS__/MusicBoxRTOS/dev/pico-sdk/src/rp2_common/pico_float/float_aeabi_rp2040.S.obj
 .preinit_array.00500
                0x1000c1d8        0x4 CMakeFiles/freertos_skeleton.dir/C_/Users/Scott/Dropbox/__PROJECTS__/MusicBoxRTOS/dev/pico-sdk/src/rp2_common/pico_runtime_init/runtime_init.c.obj
                0x1000c1d8                __pre_init_runtime_init_clocks
 .preinit_array.00600
                0x1000c1dc        0x4 CMakeFiles/freertos_skeleton.dir/C_/Users/Scott/Dropbox/__PROJECTS__/MusicBoxRTOS/dev/pico-sdk/src/rp2_common/pico_runtime_init/runtime_init.c.obj
                0x1000c1dc                __pre_init_runtime_init_post_clock_resets
 .preinit_array.00700
                0x1000c1e0        0x4 CMakeFiles/freertos_skeleton.dir/C_/Users/Scott/Dropbox/__PROJECTS__/MusicBoxRTOS/dev/pico-sdk/src/rp2_common/pico_runtime_init/runtime_init.c.obj
                0x1000c1e0                __pre_init_runtime_init_rp2040_gpio_ie_disable
 .preinit_array.01000
                0x1000c1e4        0x4 CMakeFiles/freertos_skeleton.dir/C_/Users/Scott/Dropbox/__PROJECTS__/MusicBoxRTOS/dev/pico-sdk/src/rp2_common/pico_runtime_init/runtime_init.c.obj
                0x1000c1e4                __pre_init_runtime_init_spin_locks_reset
 .preinit_array.01100
                0x1000c1e8        0x4 CMakeFiles/freertos_skeleton.dir/C_/Users/Scott/Dropbox/__PROJECTS__/MusicBoxRTOS/dev/pico-sdk/src/common/pico_sync/mutex.c.obj
                0x1000c1e8                __pre_init_runtime_init_mutex
 .preinit_array.10080
                0x1000c1ec        0x4 CMakeFiles/freertos_skeleton.dir/C_/Users/Scott/Dropbox/__PROJECTS__/MusicBoxRTOS/dev/pico-sdk/src/rp2_common/pico_runtime_init/runtime_init.c.obj
                0x1000c1ec                __pre_init_runtime_init_install_ram_vector_table
 .preinit_array.11000
                0x1000c1f0        0x4 CMakeFiles/freertos_skeleton.dir/C_/Users/Scott/Dropbox/__PROJECTS__/MusicBoxRTOS/dev/pico-sdk/src/common/pico_time/time.c.obj
                0x1000c1f0                __pre_init_runtime_init_default_alarm_pool
 .preinit_array.YYYYY
                0x1000c1f4        0x4 CMakeFiles/freertos_skeleton.dir/C_/Users/Scott/Dropbox/__PROJECTS__/MusicBoxRTOS/dev/pico-sdk/src/rp2_common/pico_runtime/runtime.c.obj
                0x1000c1f4                __pre_init_first_per_core_initializer
 .preinit_array.ZZZZZ.01200
                0x1000c1f8        0x4 CMakeFiles/freertos_skeleton.dir/C_/Users/Scott/Dropbox/__PROJECTS__/MusicBoxRTOS/dev/pico-sdk/src/rp2_common/hardware_irq/irq.c.obj
                0x1000c1f8                __pre_init_runtime_init_per_core_irq_priorities
 *(.preinit_array)
                0x1000c1fc                        PROVIDE (__preinit_array_end = .)
                0x1000c1fc                        . = ALIGN (0x4)
                0x1000c1fc                        PROVIDE (__init_array_start = .)
 *(SORT_BY_NAME(.init_array.*))
 .init_array.01000
                0x1000c1fc        0x4 CMakeFiles/freertos_skeleton.dir/C_/Users/Scott/Dropbox/__PROJECTS__/MusicBoxRTOS/dev/pico-sdk/src/rp2_common/pico_unique_id/unique_id.c.obj
 *(.init_array)
 .init_array    0x1000c200        0x4 C:/Program Files (x86)/Arm/GNU Toolchain mingw-w64-i686-arm-none-eabi/bin/../lib/gcc/arm-none-eabi/15.2.1/thumb/v6-m/nofp/crtbegin.o
 .init_array    0x1000c204        0x4 CMakeFiles/freertos_skeleton.dir/C_/Users/Scott/Dropbox/__PROJECTS__/MusicBoxRTOS/dev/FreeRTOS-Kernel/portable/ThirdParty/GCC/RP2040/port.c.obj
                0x1000c208                        PROVIDE (__init_array_end = .)
                0x1000c208                        . = ALIGN (0x4)
                [!provide]                        PROVIDE (__fini_array_start = .)
 *(SORT_BY_NAME(.fini_array.*))
 *(.fini_array)
                [!provide]                        PROVIDE (__fini_array_end = .)
 *(.eh_frame*)
 .eh_frame      0x1000c208        0x0 C:/Program Files (x86)/Arm/GNU Toolchain mingw-w64-i686-arm-none-eabi/bin/../lib/gcc/arm-none-eabi/15.2.1/thumb/v6-m/nofp/crtbegin.o
                0x1000c208                        . = ALIGN (0x4)

.glue_7         0x1000c208        0x0
 .glue_7        0x1000c208        0x0 linker stubs

.glue_7t        0x1000c208        0x0
 .glue_7t       0x1000c208        0x0 linker stubs

.vfp11_veneer   0x1000c208        0x0
 .vfp11_veneer  0x1000c208        0x0 linker stubs

.v4_bx          0x1000c208        0x0
 .v4_bx         0x1000c208        0x0 linker stubs

.iplt           0x1000c208        0x0
 .iplt          0x1000c208        0x0 C:/Program Files (x86)/Arm/GNU Toolchain mingw-w64-i686-arm-none-eabi/bin/../lib/gcc/arm-none-eabi/15.2.1/thumb/v6-m/nofp/crtbegin.o

.rodata         0x1000c208      0xa14
 *(EXCLUDE_FILE(*libm.a: *libc.a:*lib_a-mem*.o *libgcc.a:) .rodata*)
 .rodata.startup_task_fn.str1.4
                0x1000c208      0x404 CMakeFiles/freertos_skeleton.dir/src/main.c.obj
                                 0x34 (size before relaxing)
 .rodata.main.str1.4
                0x1000c60c        0x0 CMakeFiles/freertos_skeleton.dir/src/main.c.obj
                                 0x2c (size before relaxing)
 .rodata        0x1000c60c       0x10 CMakeFiles/freertos_skeleton.dir/src/main.c.obj
 .rodata        0x1000c61c       0x10 CMakeFiles/freertos_skeleton.dir/src/gpio_led.c.obj
 .rodata.midi_task_fn.str1.4
                0x1000c62c        0x0 CMakeFiles/freertos_skeleton.dir/src/midi_task.c.obj
                                 0x60 (size before relaxing)
 .rodata.midi_task_create.str1.4
                0x1000c62c        0x0 CMakeFiles/freertos_skeleton.dir/src/midi_task.c.obj
                                  0x5 (size before relaxing)
 .rodata        0x1000c62c       0x18 CMakeFiles/freertos_skeleton.dir/src/midi_task.c.obj
 .rodata.menu_render.part.0.str1.4
                0x1000c644        0x0 CMakeFiles/freertos_skeleton.dir/src/menu.c.obj
                                 0xbc (size before relaxing)
 .rodata.menu_process_event.str1.4
                0x1000c644        0x0 CMakeFiles/freertos_skeleton.dir/src/menu.c.obj
                                 0x2e (size before relaxing)
 .rodata.menu_process_event
                0x1000c644       0x14 CMakeFiles/freertos_skeleton.dir/src/menu.c.obj
 .rodata.str1.4
                0x1000c658        0x0 CMakeFiles/freertos_skeleton.dir/src/menu.c.obj
                                 0x55 (size before relaxing)
 .rodata.s_pages
                0x1000c658       0x60 CMakeFiles/freertos_skeleton.dir/src/menu.c.obj
 .rodata.ui_task_fn.str1.4
                0x1000c6b8        0x0 CMakeFiles/freertos_skeleton.dir/src/ui_task.c.obj
                                 0x43 (size before relaxing)
 .rodata.ui_task_create.str1.4
                0x1000c6b8        0x0 CMakeFiles/freertos_skeleton.dir/src/ui_task.c.obj
                                  0x3 (size before relaxing)
 .rodata        0x1000c6b8        0x6 CMakeFiles/freertos_skeleton.dir/src/ui_task.c.obj
 .rodata.display_task_fn.str1.4
                0x1000c6be        0x0 CMakeFiles/freertos_skeleton.dir/src/display_task.c.obj
                                 0x28 (size before relaxing)
 .rodata.display_task_create.str1.4
                0x1000c6be        0x0 CMakeFiles/freertos_skeleton.dir/src/display_task.c.obj
                                  0x8 (size before relaxing)
 .rodata.pot_task_create.str1.4
                0x1000c6be        0x0 CMakeFiles/freertos_skeleton.dir/src/pot_task.c.obj
                                  0x4 (size before relaxing)
 .rodata.tud_descriptor_string_cb.str1.4
                0x1000c6be        0x0 CMakeFiles/freertos_skeleton.dir/src/usb_descriptors.c.obj
                                 0x13 (size before relaxing)
 *fill*         0x1000c6be        0x2 
 .rodata.desc_fs_configuration
                0x1000c6c0       0xa7 CMakeFiles/freertos_skeleton.dir/src/usb_descriptors.c.obj
 *fill*         0x1000c767        0x1 
 .rodata.desc_device
                0x1000c768       0x12 CMakeFiles/freertos_skeleton.dir/src/usb_descriptors.c.obj
 .rodata.usb_task_create.str1.4
                0x1000c77a        0x0 CMakeFiles/freertos_skeleton.dir/src/usb_task.c.obj
                                  0x4 (size before relaxing)
 *fill*         0x1000c77a        0x2 
 .rodata._font5x7
                0x1000c77c      0x127 CMakeFiles/freertos_skeleton.dir/src/pcd8544.c.obj
 .rodata.panic.str1.4
                0x1000c8a3        0x0 CMakeFiles/freertos_skeleton.dir/C_/Users/Scott/Dropbox/__PROJECTS__/MusicBoxRTOS/dev/pico-sdk/src/rp2_common/pico_platform_panic/panic.c.obj
                                 0x12 (size before relaxing)
 .rodata.panic_unsupported.str1.4
                0x1000c8a3        0x0 CMakeFiles/freertos_skeleton.dir/C_/Users/Scott/Dropbox/__PROJECTS__/MusicBoxRTOS/dev/pico-sdk/src/rp2_common/pico_platform_panic/panic.c.obj
                                  0xe (size before relaxing)
 .rodata.spin_lock_claim.str1.4
                0x1000c8a3        0x0 CMakeFiles/freertos_skeleton.dir/C_/Users/Scott/Dropbox/__PROJECTS__/MusicBoxRTOS/dev/pico-sdk/src/rp2_common/hardware_sync/sync.c.obj
                                 0x1f (size before relaxing)
 .rodata.spin_lock_claim_unused.str1.4
                0x1000c8a3        0x0 CMakeFiles/freertos_skeleton.dir/C_/Users/Scott/Dropbox/__PROJECTS__/MusicBoxRTOS/dev/pico-sdk/src/rp2_common/hardware_sync/sync.c.obj
                                 0x1b (size before relaxing)
 .rodata.timer_hardware_alarm_claim.str1.4
                0x1000c8a3        0x0 CMakeFiles/freertos_skeleton.dir/C_/Users/Scott/Dropbox/__PROJECTS__/MusicBoxRTOS/dev/pico-sdk/src/rp2_common/hardware_timer/timer.c.obj
                                 0x22 (size before relaxing)
 .rodata.hard_assertion_failure.str1.4
                0x1000c8a3        0x0 CMakeFiles/freertos_skeleton.dir/C_/Users/Scott/Dropbox/__PROJECTS__/MusicBoxRTOS/dev/pico-sdk/src/rp2_common/pico_runtime/runtime.c.obj
                                  0xc (size before relaxing)
 .rodata.missing_double_func_shim.str1.4
                0x1000c8a3        0x0 CMakeFiles/freertos_skeleton.dir/C_/Users/Scott/Dropbox/__PROJECTS__/MusicBoxRTOS/dev/pico-sdk/src/rp2_common/pico_double/double_init_rom_rp2040.c.obj
                                 0x18 (size before relaxing)
 .rodata.missing_float_func_shim.str1.4
                0x1000c8a3        0x0 CMakeFiles/freertos_skeleton.dir/C_/Users/Scott/Dropbox/__PROJECTS__/MusicBoxRTOS/dev/pico-sdk/src/rp2_common/pico_float/float_init_rom_rp2040.c.obj
                                  0x1 (size before relaxing)
 .rodata.str1.4
                0x1000c8a3        0x0 CMakeFiles/freertos_skeleton.dir/32825c76285e465c03bd946aad7876df/dev/pico-sdk/src/rp2_common/pico_standard_binary_info/standard_binary_info.c.obj
                                 0x58 (size before relaxing)
 *fill*         0x1000c8a3        0x1 
 .rodata.__bi_84
                0x1000c8a4        0xc CMakeFiles/freertos_skeleton.dir/32825c76285e465c03bd946aad7876df/dev/pico-sdk/src/rp2_common/pico_standard_binary_info/standard_binary_info.c.obj
 .rodata.__bi_78
                0x1000c8b0        0xc CMakeFiles/freertos_skeleton.dir/32825c76285e465c03bd946aad7876df/dev/pico-sdk/src/rp2_common/pico_standard_binary_info/standard_binary_info.c.obj
 .rodata.__bi_54
                0x1000c8bc        0xc CMakeFiles/freertos_skeleton.dir/32825c76285e465c03bd946aad7876df/dev/pico-sdk/src/rp2_common/pico_standard_binary_info/standard_binary_info.c.obj
 .rodata.__bi_48